******************************************************************************
                  TI ARM Linker PC v20.2.7                     
******************************************************************************
>> Linked Sat May 20 23:58:14 2023

OUTPUT FILE NAME:   <empty_min_EK_TM4C1294XL_TI.out>
ENTRY POINT SYMBOL: "_c_int00"  address: 00003579


MEMORY CONFIGURATION

         name            origin    length      used     unused   attr    fill
----------------------  --------  ---------  --------  --------  ----  --------
  FLASH                 00000000   00100000  0000764f  000f89b1  R  X
  SRAM                  20000000   00040000  000017a2  0003e85e  RW X


SEGMENT ALLOCATION MAP

run origin  load origin   length   init length attrs members
----------  ----------- ---------- ----------- ----- -------
00000000    00000000    00007658   00007658    r-x
  00000000    00000000    0000003c   0000003c    r-- .resetVecs
  00000040    00000040    000051b2   000051b2    r-x .text
  000051f4    000051f4    00002271   00002271    r-- .const
  00007468    00007468    000001f0   000001f0    r-- .cinit
20000000    20000000    000017a8   00000000    rw-
  20000000    20000000    00000360   00000000    rw- .vecs
  20000360    20000360    00000d70   00000000    rw- .bss
  200010d0    200010d0    000003d2   00000000    rw- .data
  200014a8    200014a8    00000300   00000000    rw- .stack


SECTION ALLOCATION MAP

 output                                  attributes/
section   page    origin      length       input sections
--------  ----  ----------  ----------   ----------------
.text      0    00000040    000051b2     
                  00000040    00000430     sysbios.aem4f : BIOS.obj (.text:ti_sysbios_family_arm_m3_Hwi_excDumpRegs__I)
                  00000470    0000034c     ti.targets.arm.rtsarm.aem4f : System.oem4f (.text:xdc_runtime_System_doPrint__I)
                  000007bc    00000204     driverlib.lib : sysctl.obj (.text:SysCtlClockFreqSet)
                  000009c0    00000204     Boot.aem4f : Boot_sysctl.oem4f (.text:ti_catalog_arm_cortexm4_tiva_ce_Boot_sysCtlClockFreqSetI__I)
                  00000bc4    00000004     driverlib.lib : i2c.obj (.text:I2CMasterControl)
                  00000bc8    000001f4     sysbios.aem4f : BIOS.obj (.text:ti_sysbios_family_arm_m3_Hwi_excHandlerMax__I)
                  00000dbc    00000004     driverlib.lib : i2c.obj (.text:I2CMasterDataGet)
                  00000dc0    00000174     sysbios.aem4f : BIOS.obj (.text:ti_sysbios_family_arm_m3_Hwi_excBusFault__I)
                  00000f34    00000004     driverlib.lib : i2c.obj (.text:I2CMasterDataPut)
                  00000f38    00000164     sysbios.aem4f : BIOS.obj (.text:ti_sysbios_family_arm_m3_Hwi_excUsageFault__I)
                  0000109c    00000004     rtsv7M4_T_le_v4SPD16_eabi.lib : exit.c.obj (.text:abort:abort)
                  000010a0    00000154     sysbios.aem4f : BIOS.obj (.text:ti_sysbios_knl_Semaphore_pend__E)
                  000011f4    00000150     drivers_tivaware.aem4f : GPIOTiva.oem4f (.text:GPIO_setConfig)
                  00001344    00000004     empty_min_pem4f.oem4f (.text:ti_sysbios_BIOS_RtsGateProxy_enter__E)
                  00001348    00000148     sysbios.aem4f : BIOS.obj (.text:ti_sysbios_family_arm_m3_Hwi_excMemFault__I)
                  00001490    00000130     driverlib.lib : gpio.obj (.text:GPIOPadConfigSet)
                  000015c0    00000118     ti.targets.arm.rtsarm.aem4f : Error.oem4f (.text:xdc_runtime_Error_policyDefault__E)
                  000016d8    00000108     sysbios.aem4f : BIOS.obj (.text:ti_sysbios_family_arm_lm4_Timer_start__E)
                  000017e0    00000100     ti.targets.arm.rtsarm.aem4f : Core-mem.oem4f (.text:xdc_runtime_Core_createObject__I)
                  000018e0    000000f8                                 : Startup.oem4f (.text:xdc_runtime_Startup_startMods__I)
                  000019d8    000000f8     empty_min_pem4f.oem4f (.text:xdc_runtime_System_printfExtend__I)
                  00001ad0    000000f4     sysbios.aem4f : m3_Hwi_asm.obj (.text:ti_sysbios_family_arm_m3_Hwi_dispatch__I)
                  00001bc4    000000e0     drivers_tivaware.aem4f : I2CTiva.oem4f (.text:I2CTiva_open)
                  00001ca4    000000e0     empty_min.obj (.text:main)
                  00001d84    00000004     empty_min_pem4f.oem4f (.text:ti_sysbios_BIOS_RtsGateProxy_leave__E)
                  00001d88    000000dc     sysbios.aem4f : BIOS.obj (.text:ti_sysbios_knl_Task_sleep__E)
                  00001e64    000000d6     drivers_tivaware.aem4f : I2CTiva.oem4f (.text:I2CTiva_hwiFxn)
                  00001f3a    00000006     driverlib.lib : gpio.obj (.text:GPIOIntClear)
                  00001f40    000000d4     sysbios.aem4f : BIOS.obj (.text:ti_sysbios_heaps_HeapMem_alloc__E)
                  00002014    00000004                   : BIOS.obj (.text:ti_sysbios_family_arm_lm4_Timer_masterEnable__I)
                  00002018    000000cc                   : BIOS.obj (.text:ti_sysbios_knl_Task_Instance_init__E)
                  000020e4    000000cc     ti.targets.arm.rtsarm.aem4f : Core-smem.oem4f (.text:xdc_runtime_Core_constructObject__I)
                  000021b0    000000bc     sysbios.aem4f : BIOS.obj (.text:ti_sysbios_family_arm_m3_Hwi_excDebugMon__I)
                  0000226c    00000004     empty_min_pem4f.oem4f (.text:ti_sysbios_family_arm_m3_Hwi_destruct)
                  00002270    000000bc     sysbios.aem4f : BIOS.obj (.text:ti_sysbios_family_arm_m3_Hwi_excHardFault__I)
                  0000232c    00000004     empty_min_pem4f.oem4f (.text:ti_sysbios_family_arm_m3_TaskSupport_Module__startupDone__S)
                  00002330    000000bc     sysbios.aem4f : BIOS.obj (.text:ti_sysbios_knl_Task_Instance_finalize__E)
                  000023ec    000000b8     EK_TM4C1294XL.obj (.text:EK_TM4C1294XL_initGeneral)
                  000024a4    00000004     empty_min_pem4f.oem4f (.text:ti_sysbios_heaps_HeapMem_Module_GateProxy_enter__E)
                  000024a8    000000ac     sysbios.aem4f : BIOS.obj (.text:ti_sysbios_family_arm_lm4_Timer_enableTiva__I)
                  00002554    000000a0     auto_init.aem4f : auto_init.oem4f (.text)
                  000025f4    000000a0     ti.targets.arm.rtsarm.aem4f : Text.oem4f (.text:xdc_runtime_Text_putMod__E)
                  00002694    0000009c     EK_TM4C1294XL.obj (.text:EK_TM4C1294XL_initI2C)
                  00002730    0000009c     rtsv7M4_T_le_v4SPD16_eabi.lib : memcpy_t2.asm.obj (.text)
                  000027cc    0000009a     ti.targets.arm.rtsarm.aem4f : Text.oem4f (.text:xdc_runtime_Text_putSite__E)
                  00002866    00000002     rtsv7M4_T_le_v4SPD16_eabi.lib : _lock.c.obj (.text:_nop)
                  00002868    00000098     Boot.aem4f : Boot.oem4f (.text:ti_catalog_arm_cortexm4_tiva_ce_Boot_sysCtlClockFreqSet__E)
                  00002900    00000094     sysbios.aem4f : BIOS.obj (.text:ti_sysbios_family_arm_m3_Hwi_Instance_init__E)
                  00002994    00000004     empty_min_pem4f.oem4f (.text:ti_sysbios_heaps_HeapMem_Module_GateProxy_leave__E)
                  00002998    00000094     sysbios.aem4f : BIOS.obj (.text:ti_sysbios_family_arm_m3_Hwi_initNVIC__E)
                  00002a2c    00000004     empty_min_pem4f.oem4f (.text:ti_sysbios_knl_Clock_TimerProxy_getMaxTicks__E)
                  00002a30    00000094     sysbios.aem4f : BIOS.obj (.text:ti_sysbios_knl_Task_postInit__I)
                  00002ac4    0000008c     drivers_tivaware.aem4f : GPIOTiva.oem4f (.text:GPIO_init)
                  00002b50    0000008c     sysbios.aem4f : m3_TaskSupport_asm.obj (.text:ti_sysbios_family_arm_m3_TaskSupport_buildTaskStack)
                  00002bdc    00000004     empty_min_pem4f.oem4f (.text:ti_sysbios_knl_Queue_destruct)
                  00002be0    00000084     sysbios.aem4f : BIOS.obj (.text:ti_sysbios_family_arm_m3_Hwi_postInit__I)
                  00002c64    0000007e     drivers_tivaware.aem4f : I2CTiva.oem4f (.text:I2CTiva_transfer)
                  00002ce2    00000006     driverlib.lib : gpio.obj (.text:GPIOPinRead)
                  00002ce8    0000007c     sysbios.aem4f : BIOS.obj (.text:ti_sysbios_heaps_HeapMem_free__E)
                  00002d64    0000007a     rtsv7M4_T_le_v4SPD16_eabi.lib : memset_t2.asm.obj (.text)
                  00002dde    00000002                                   : div0.asm.obj (.text)
                  00002de0    00000070     sysbios.aem4f : BIOS.obj (.text:ti_sysbios_knl_Clock_workFunc__E)
                  00002e50    00000070                   : BIOS.obj (.text:ti_sysbios_knl_Task_exit__E)
                  00002ec0    0000006d     ti.targets.arm.rtsarm.aem4f : System.oem4f (.text:xdc_runtime_System_formatNum__I)
                  00002f2d    00000001     --HOLE-- [fill = 0]
                  00002f2e    00000002     empty_min_pem4f.oem4f (.text:ti_sysbios_BIOS_nullFunc__I)
                  00002f30    0000006c     sysbios.aem4f : BIOS.obj (.text:ti_sysbios_knl_Swi_restoreHwi__E)
                  00002f9c    0000006c     ti.targets.arm.rtsarm.aem4f : Error.oem4f (.text:xdc_runtime_Error_print__E)
                  00003008    0000006c                                 : Memory.oem4f (.text:xdc_runtime_Memory_alloc__E)
                  00003074    00000068     rtsv7M4_T_le_v4SPD16_eabi.lib : copy_decompress_lzss.c.obj (.text:decompress:lzss:__TI_decompress_lzss)
                  000030dc    00000066     ti.targets.arm.rtsarm.aem4f : Core-mem.oem4f (.text:xdc_runtime_Core_deleteObject__I)
                  00003142    00000002     empty_min_pem4f.oem4f (.text:xdc_runtime_Startup_reset__I)
                  00003144    00000064     drivers_tivaware.aem4f : GPIOTiva.oem4f (.text:GPIO_hwiIntFxn)
                  000031a8    00000064     sysbios.aem4f : BIOS.obj (.text:ti_sysbios_family_arm_lm4_Timer_Module_startup__E)
                  0000320c    00000064     empty_min_pem4f.oem4f (.text:ti_sysbios_family_arm_m3_Hwi_create)
                  00003270    00000064     sysbios.aem4f : BIOS.obj (.text:ti_sysbios_family_arm_m3_Hwi_dispatchC__I)
                  000032d4    00000004     empty_min_pem4f.oem4f (.text:ti_sysbios_knl_Semaphore_destruct)
                  000032d8    00000064     sysbios.aem4f : BIOS.obj (.text:ti_sysbios_knl_Semaphore_post__E)
                  0000333c    00000062     drivers_tivaware.aem4f : I2CTiva.oem4f (.text:I2CTiva_primeTransfer)
                  0000339e    00000002     --HOLE-- [fill = 0]
                  000033a0    0000005c     sysbios.aem4f : BIOS.obj (.text:ti_sysbios_knl_Swi_run__I)
                  000033fc    00000004     ti.targets.arm.rtsarm.aem4f : Error.oem4f (.text:xdc_runtime_Error_getSite__E)
                  00003400    0000005c     sysbios.aem4f : BIOS.obj (.text:ti_sysbios_knl_Swi_schedule__I)
                  0000345c    00000004     empty_min_pem4f.oem4f (.text:xdc_runtime_System_Module_GateProxy_enter__E)
                  00003460    0000005c     sysbios.aem4f : BIOS.obj (.text:ti_sysbios_knl_Task_Module_startup__E)
                  000034bc    00000004     empty_min_pem4f.oem4f (.text:xdc_runtime_System_Module_GateProxy_leave__E)
                  000034c0    0000005c     sysbios.aem4f : BIOS.obj (.text:ti_sysbios_knl_Task_startCore__E)
                  0000351c    0000005b     ti.targets.arm.rtsarm.aem4f : Text.oem4f (.text:xdc_runtime_Text_putLab__E)
                  00003577    00000001     --HOLE-- [fill = 0]
                  00003578    00000058     boot.aem4f : boot.oem4f (.text)
                  000035d0    00000058     rtsv7M4_T_le_v4SPD16_eabi.lib : hostwrite.c.obj (.text:HOSTwrite)
                  00003628    00000058     empty_min_pem4f.oem4f (.text:ti_sysbios_family_arm_m3_Hwi_construct)
                  00003680    00000058     sysbios.aem4f : m3_Hwi_asm_switch.obj (.text:ti_sysbios_family_arm_m3_Hwi_initStacks__E)
                  000036d8    00000056     driverlib.lib : gpio.obj (.text:GPIOIntTypeSet)
                  0000372e    00000002     --HOLE-- [fill = 0]
                  00003730    00000054     sysbios.aem4f : BIOS.obj (.text:ti_sysbios_family_arm_lm4_Timer_initDevice__I)
                  00003784    00000054     empty_min_pem4f.oem4f (.text:ti_sysbios_knl_Task_construct)
                  000037d8    00000054     ti.targets.arm.rtsarm.aem4f : Assert.oem4f (.text:xdc_runtime_Assert_raise__I)
                  0000382c    00000050     drivers_tivaware.aem4f : GPIOTiva.oem4f (.text:GPIO_setCallback)
                  0000387c    00000050                            : GPIOTiva.oem4f (.text:GPIO_toggle)
                  000038cc    00000050                            : GPIOTiva.oem4f (.text:GPIO_write)
                  0000391c    00000050     Boot.aem4f : Boot_sysctl.oem4f (.text:_SysCtlFrequencyGet)
                  0000396c    00000004     ti.targets.arm.rtsarm.aem4f : System.oem4f (.text:xdc_runtime_System_aprintf_va__F)
                  00003970    00000050     sysbios.aem4f : BIOS.obj (.text:ti_sysbios_family_arm_m3_Hwi_Module_startup__E)
                  000039c0    00000050     ti.targets.arm.rtsarm.aem4f : Startup.oem4f (.text:xdc_runtime_Startup_exec__E)
                  00003a10    00000050                                 : Text.oem4f (.text:xdc_runtime_Text_visitRope2__I)
                  00003a60    0000004c     rtsv7M4_T_le_v4SPD16_eabi.lib : cpy_tbl.c.obj (.text:copy_in)
                  00003aac    00000004     ti.targets.arm.rtsarm.aem4f : System.oem4f (.text:xdc_runtime_System_printf_va__F)
                  00003ab0    0000004c     sysbios.aem4f : BIOS.obj (.text:ti_sysbios_heaps_HeapMem_getStats__E)
                  00003afc    00000004     --HOLE-- [fill = 0]
                  00003b00    0000004c                   : BIOS.obj (.text:ti_sysbios_knl_Swi_runLoop__I)
                  00003b4c    00000004     --HOLE-- [fill = 0]
                  00003b50    0000004c                   : BIOS.obj (.text:ti_sysbios_knl_Task_allBlockedFunction__I)
                  00003b9c    00000004     --HOLE-- [fill = 0]
                  00003ba0    0000004c                   : BIOS.obj (.text:ti_sysbios_knl_Task_schedule__I)
                  00003bec    00000048     driverlib.lib : gpio.obj (.text:GPIOPinConfigure)
                  00003c34    00000048                   : i2c.obj (.text:I2CMasterInitExpClk)
                  00003c7c    00000048                   : sysctl.obj (.text:_SysCtlFrequencyGet)
                  00003cc4    00000004     --HOLE-- [fill = 0]
                  00003cc8    00000048     sysbios.aem4f : BIOS.obj (.text:ti_sysbios_family_arm_lm4_Timer_enableTimers__I)
                  00003d10    00000048                   : BIOS.obj (.text:ti_sysbios_family_arm_m3_Hwi_disableInterrupt__E)
                  00003d58    00000048                   : BIOS.obj (.text:ti_sysbios_family_arm_m3_Hwi_enableInterrupt__E)
                  00003da0    00000048                   : BIOS.obj (.text:ti_sysbios_family_arm_m3_Hwi_excReserved__I)
                  00003de8    00000046     ti.targets.arm.rtsarm.aem4f : Core-params.oem4f (.text:xdc_runtime_Core_assignParams__I)
                  00003e2e    00000002     --HOLE-- [fill = 0]
                  00003e30    00000044     sysbios.aem4f : BIOS.obj (.text:ti_sysbios_family_arm_lm4_Timer_isrStub__E)
                  00003e74    00000004     --HOLE-- [fill = 0]
                  00003e78    00000044                   : BIOS.obj (.text:ti_sysbios_family_arm_m3_Hwi_getStackInfo__E)
                  00003ebc    00000004     --HOLE-- [fill = 0]
                  00003ec0    00000044                   : BIOS.obj (.text:ti_sysbios_knl_Swi_post__E)
                  00003f04    00000044     ti.targets.arm.rtsarm.aem4f : Error.oem4f (.text:xdc_runtime_Error_setX__E)
                  00003f48    00000044                                 : SysMin.oem4f (.text:xdc_runtime_SysMin_flush__E)
                  00003f8c    00000044                                 : Text.oem4f (.text:xdc_runtime_Text_xprintf__I)
                  00003fd0    00000040     rtsv7M4_T_le_v4SPD16_eabi.lib : u_divt2.asm.obj (.text)
                  00004010    00000040     sysbios.aem4f : BIOS.obj (.text:ti_sysbios_family_arm_lm4_Timer_startup__E)
                  00004050    00000040                   : BIOS.obj (.text:ti_sysbios_heaps_HeapMem_Instance_init__E)
                  00004090    0000003c                   : BIOS.obj (.text:ti_sysbios_family_arm_m3_Hwi_excSvCall__I)
                  000040cc    00000004     --HOLE-- [fill = 0]
                  000040d0    0000003c                   : BIOS.obj (.text:ti_sysbios_heaps_HeapMem_init__I)
                  0000410c    00000004     --HOLE-- [fill = 0]
                  00004110    0000003c                   : BIOS.obj (.text:ti_sysbios_knl_Swi_restore__E)
                  0000414c    0000003a     drivers_tivaware.aem4f : I2CTiva.oem4f (.text:I2CTiva_completeTransfer)
                  00004186    00000002     --HOLE-- [fill = 0]
                  00004188    00000038                            : I2C.oem4f (.text:I2C_init)
                  000041c0    00000038     rtsv7M4_T_le_v4SPD16_eabi.lib : trgmsg.c.obj (.text:__TI_writemsg)
                  000041f8    00000038     sysbios.aem4f : BIOS.obj (.text:ti_sysbios_family_arm_m3_Hwi_excNoIsr__I)
                  00004230    00000038                   : BIOS.obj (.text:ti_sysbios_knl_Task_processVitalTaskFlag__I)
                  00004268    00000038     ti.targets.arm.rtsarm.aem4f : SysMin.oem4f (.text:xdc_runtime_SysMin_putch__E)
                  000042a0    00000038                                 : System.oem4f (.text:xdc_runtime_System_atexit__E)
                  000042d8    00000036     drivers_tivaware.aem4f : I2CTiva.oem4f (.text:I2CTiva_close)
                  0000430e    00000002     --HOLE-- [fill = 0]
                  00004310    00000034     driverlib.lib : sysctl.obj (.text:SysCtlPeripheralEnable)
                  00004344    00000034     rtsv7M4_T_le_v4SPD16_eabi.lib : trgmsg.c.obj (.text:__TI_readmsg)
                  00004378    00000034     sysbios.aem4f : BIOS.obj (.text:ti_sysbios_family_arm_m3_Hwi_Instance_finalize__E)
                  000043ac    00000004     --HOLE-- [fill = 0]
                  000043b0    00000034                   : BIOS.obj (.text:ti_sysbios_family_arm_m3_Hwi_excNmi__I)
                  000043e4    00000034     ti.targets.arm.rtsarm.aem4f : Core-label.oem4f (.text:xdc_runtime_Core_assignLabel__I)
                  00004418    00000033                                 : Text.oem4f (.text:xdc_runtime_Text_printVisFxn__I)
                  0000444b    00000005     --HOLE-- [fill = 0]
                  00004450    00000032     sysbios.aem4f : BIOS.obj (.text:ti_sysbios_hal_Hwi_initStack)
                  00004482    00000002     --HOLE-- [fill = 0]
                  00004484    00000030     empty_min_pem4f.oem4f (.text:ti_sysbios_BIOS_atExitFunc__I)
                  000044b4    00000004     --HOLE-- [fill = 0]
                  000044b8    00000030     sysbios.aem4f : BIOS.obj (.text:ti_sysbios_family_arm_lm4_Timer_stop__E)
                  000044e8    00000030                   : BIOS.obj (.text:ti_sysbios_family_arm_m3_TaskSupport_start__E)
                  00004518    00000030     empty_min_pem4f.oem4f (.text:ti_sysbios_gates_GateHwi_Object__create__S)
                  00004548    00000030     empty_min_pem4f.oem4f (.text:ti_sysbios_gates_GateMutex_Object__create__S)
                  00004578    00000030     sysbios.aem4f : BIOS.obj (.text:ti_sysbios_gates_GateMutex_enter__E)
                  000045a8    00000030     empty_min_pem4f.oem4f (.text:ti_sysbios_heaps_HeapMem_Object__create__S)
                  000045d8    00000030     empty_min_pem4f.oem4f (.text:ti_sysbios_knl_Semaphore_construct)
                  00004608    00000030     sysbios.aem4f : BIOS.obj (.text:ti_sysbios_knl_Semaphore_pendTimeout__I)
                  00004638    00000030                   : BIOS.obj (.text:ti_sysbios_knl_Task_unblockI__E)
                  00004668    00000030     ti.targets.arm.rtsarm.aem4f : SysMin.oem4f (.text:xdc_runtime_SysMin_abort__E)
                  00004698    00000030                                 : System.oem4f (.text:xdc_runtime_System_processAtExit__E)
                  000046c8    0000002c     empty_min_pem4f.oem4f (.text:ti_sysbios_knl_Clock_doTick__I)
                  000046f4    0000002c     empty_min_pem4f.oem4f (.text:ti_sysbios_knl_Queue_construct)
                  00004720    0000002c     sysbios.aem4f : BIOS.obj (.text:ti_sysbios_knl_Task_restore__E)
                  0000474c    0000002c     ti.targets.arm.rtsarm.aem4f : Text.oem4f (.text:xdc_runtime_Text_cordText__E)
                  00004778    0000002a     driverlib.lib : gpio.obj (.text:GPIODirModeSet)
                  000047a2    0000002a     ti.targets.arm.rtsarm.aem4f : System.oem4f (.text:xdc_runtime_System_putchar__I)
                  000047cc    00000004     --HOLE-- [fill = 0]
                  000047d0    00000028     sysbios.aem4f : BIOS.obj (.text:ti_sysbios_knl_Swi_Module_startup__E)
                  000047f8    00000026                   : m3_Hwi_asm.obj (.text:ti_sysbios_family_arm_m3_Hwi_pendSV__I)
                  0000481e    00000026     ti.targets.arm.rtsarm.aem4f : System.oem4f (.text:xdc_runtime_System_avprintf__E)
                  00004844    00000024     empty_min_pem4f.oem4f (.text:ti_sysbios_BIOS_errorRaiseHook__I)
                  00004868    00000024     empty_min_pem4f.oem4f (.text:ti_sysbios_BIOS_registerRTSLock__I)
                  0000488c    00000024     empty_min_pem4f.oem4f (.text:ti_sysbios_BIOS_removeRTSLock__I)
                  000048b0    00000024     empty_min_pem4f.oem4f (.text:ti_sysbios_BIOS_startFunc__I)
                  000048d4    00000024     empty_min_pem4f.oem4f (.text:ti_sysbios_gates_GateMutex_Object__delete__S)
                  000048f8    00000024     sysbios.aem4f : BIOS.obj (.text:ti_sysbios_knl_Clock_Module_startup__E)
                  0000491c    00000004     --HOLE-- [fill = 0]
                  00004920    00000024                   : BIOS.obj (.text:ti_sysbios_knl_Semaphore_Instance_init__E)
                  00004944    00000004     --HOLE-- [fill = 0]
                  00004948    00000024                   : BIOS.obj (.text:ti_sysbios_knl_Task_restoreHwi__E)
                  0000496c    00000024     ti.targets.arm.rtsarm.aem4f : System.oem4f (.text:xdc_runtime_System_vprintf__E)
                  00004990    00000022     sysbios.aem4f : BIOS.obj (.text:ti_sysbios_family_arm_lm4_Timer_write__I)
                  000049b2    00000022     empty_min_pem4f.oem4f (.text:xdc_runtime_SysMin_output__I)
                  000049d4    00000020     Boot.aem4f : Boot_sysctl.oem4f (.text:_SysCtlMemTimingGet)
                  000049f4    00000020     empty_min_pem4f.oem4f (.text:ti_sysbios_BIOS_rtsLock__I)
                  00004a14    00000020     sysbios.aem4f : m3_Hwi_asm.obj (.text:ti_sysbios_family_arm_m3_Hwi_excHandlerAsm__I)
                  00004a34    00000004     --HOLE-- [fill = 0]
                  00004a38    00000020                   : BIOS.obj (.text:ti_sysbios_family_arm_m3_Hwi_excHandler__I)
                  00004a58    00000020     empty_min_pem4f.oem4f (.text:ti_sysbios_gates_GateHwi_Object__delete__S)
                  00004a78    00000020     empty_min_pem4f.oem4f (.text:ti_sysbios_heaps_HeapMem_Object__delete__S)
                  00004a98    00000020     sysbios.aem4f : BIOS.obj (.text:ti_sysbios_knl_Idle_run__E)
                  00004ab8    00000020     empty_min_pem4f.oem4f (.text:ti_sysbios_knl_Semaphore_Object__destruct__S)
                  00004ad8    00000020     ti.targets.arm.rtsarm.aem4f : Registry.oem4f (.text:xdc_runtime_Registry_findById__E)
                  00004af8    00000020                                 : SysMin.oem4f (.text:xdc_runtime_SysMin_Module_startup__E)
                  00004b18    0000001e     sysbios.aem4f : m3_Hwi_asm_switch.obj (.text:ti_sysbios_family_xxx_Hwi_switchAndRunFunc)
                  00004b36    00000002     --HOLE-- [fill = 0]
                  00004b38    0000001c     driverlib.lib : sysctl.obj (.text:_SysCtlMemTimingGet)
                  00004b54    0000001c     drivers_tivaware.aem4f : GPIOTiva.oem4f (.text:getGpioIntIndex)
                  00004b70    0000001c     empty_min_pem4f.oem4f (.text:ti_sysbios_family_arm_m3_Hwi_Object__destruct__S)
                  00004b8c    00000004     --HOLE-- [fill = 0]
                  00004b90    0000001c     sysbios.aem4f : BIOS.obj (.text:ti_sysbios_gates_GateMutex_Instance_init__E)
                  00004bac    0000001c     empty_min_pem4f.oem4f (.text:ti_sysbios_knl_Queue_Object__destruct__S)
                  00004bc8    0000001c     sysbios.aem4f : BIOS.obj (.text:ti_sysbios_knl_Queue_put__E)
                  00004be4    00000004     --HOLE-- [fill = 0]
                  00004be8    0000001c                   : BIOS.obj (.text:ti_sysbios_knl_Task_enter__I)
                  00004c04    0000001c     ti.targets.arm.rtsarm.aem4f : Error.oem4f (.text:xdc_runtime_Error_raiseX__E)
                  00004c20    0000001c                                 : Memory.oem4f (.text:xdc_runtime_Memory_valloc__E)
                  00004c3c    0000001c                                 : SysMin.oem4f (.text:xdc_runtime_SysMin_exit__E)
                  00004c58    0000001c                                 : System.oem4f (.text:xdc_runtime_System_abort__E)
                  00004c74    0000001a     empty_min_pem4f.oem4f (.text:ti_sysbios_family_arm_m3_Hwi_Handle__label__S)
                  00004c8e    0000001a     empty_min_pem4f.oem4f (.text:ti_sysbios_gates_GateHwi_Handle__label__S)
                  00004ca8    0000001a     empty_min_pem4f.oem4f (.text:ti_sysbios_gates_GateMutex_Handle__label__S)
                  00004cc2    0000001a     empty_min_pem4f.oem4f (.text:ti_sysbios_heaps_HeapMem_Handle__label__S)
                  00004cdc    0000001a     empty_min_pem4f.oem4f (.text:ti_sysbios_knl_Swi_Handle__label__S)
                  00004cf6    0000001a     empty_min_pem4f.oem4f (.text:ti_sysbios_knl_Task_Handle__label__S)
                  00004d10    0000001a     empty_min_pem4f.oem4f (.text:xdc_runtime_System_aprintf__E)
                  00004d2a    0000001a     empty_min_pem4f.oem4f (.text:xdc_runtime_System_printf__E)
                  00004d44    00000018     rtsv7M4_T_le_v4SPD16_eabi.lib : args_main.c.obj (.text:_args_main)
                  00004d5c    00000018     empty_min_pem4f.oem4f (.text:ti_sysbios_BIOS_rtsUnlock__I)
                  00004d74    00000018     empty_min_pem4f.oem4f (.text:ti_sysbios_family_arm_lm4_Timer_Module__startupDone__F)
                  00004d8c    00000018     empty_min_pem4f.oem4f (.text:ti_sysbios_family_arm_m3_Hwi_Module__startupDone__F)
                  00004da4    00000018     sysbios.aem4f : m3_TaskSupport_asm.obj (.text:ti_sysbios_family_arm_m3_TaskSupport_swap__E)
                  00004dbc    00000004     --HOLE-- [fill = 0]
                  00004dc0    00000018                   : BIOS.obj (.text:ti_sysbios_gates_GateMutex_leave__E)
                  00004dd8    00000018                   : BIOS.obj (.text:ti_sysbios_knl_Task_sleepTimeout__I)
                  00004df0    00000018     ti.targets.arm.rtsarm.aem4f : Error.oem4f (.text:xdc_runtime_Error_check__E)
                  00004e08    00000018                                 : System.oem4f (.text:xdc_runtime_System_exit__E)
                  00004e20    00000018                                 : Text.oem4f (.text:xdc_runtime_Text_ropeText__E)
                  00004e38    00000016     driverlib.lib : i2c.obj (.text:I2CMasterErr)
                  00004e4e    00000016     empty_min_pem4f.oem4f (.text:ti_sysbios_BIOS_exitFunc__I)
                  00004e64    00000016     empty_min.obj (.text:ti_sysbios_knl_Task_Params_init)
                  00004e7a    00000014     empty_min.obj (.text:heartBeatFxn)
                  00004e8e    00000014     rtsv7M4_T_le_v4SPD16_eabi.lib : strlen.c.obj (.text:strlen)
                  00004ea2    00000002     --HOLE-- [fill = 0]
                  00004ea4    00000014     empty_min_pem4f.oem4f (.text:ti_sysbios_family_arm_m3_Hwi_Object__get__S)
                  00004eb8    00000014     sysbios.aem4f : BIOS.obj (.text:ti_sysbios_family_arm_m3_Hwi_switchFromBootStack__E)
                  00004ecc    00000014     empty_min_pem4f.oem4f (.text:ti_sysbios_heaps_HeapMem_Object__get__S)
                  00004ee0    00000014     empty_min_pem4f.oem4f (.text:ti_sysbios_knl_Swi_Object__get__S)
                  00004ef4    00000012     driverlib.lib : gpio.obj (.text:GPIOPinTypeI2C)
                  00004f06    00000012                   : gpio.obj (.text:GPIOPinTypeI2CSCL)
                  00004f18    00000012     sysbios.aem4f : BIOS.obj (.text:ti_sysbios_hal_Hwi_Module_startup__E)
                  00004f2a    00000012     empty_min_pem4f.oem4f (.text:xdc_runtime_Startup_exec__I)
                  00004f3c    00000010     empty_min_pem4f.oem4f (.text:.bootCodeSection:ti_catalog_arm_cortexm4_tiva_ce_Boot_init__I)
                  00004f4c    00000004     --HOLE-- [fill = 0]
                  00004f50    00000010     sysbios.aem4f : BIOS.obj (.text:ti_sysbios_BIOS_getCpuFreq__E)
                  00004f60    00000010                   : BIOS.obj (.text:ti_sysbios_BIOS_setThreadType__E)
                  00004f70    00000010                   : BIOS.obj (.text:ti_sysbios_BIOS_start__E)
                  00004f80    00000010                   : m3_TaskSupport_asm.obj (.text:ti_sysbios_family_arm_m3_TaskSupport_glue)
                  00004f90    00000010                   : BIOS.obj (.text:ti_sysbios_gates_GateMutex_Instance_finalize__E)
                  00004fa0    00000010                   : BIOS.obj (.text:ti_sysbios_knl_Semaphore_Instance_finalize__E)
                  00004fb0    00000010                   : BIOS.obj (.text:ti_sysbios_knl_Swi_disable__E)
                  00004fc0    00000010                   : BIOS.obj (.text:ti_sysbios_knl_Task_disable__E)
                  00004fd0    00000010     ti.targets.arm.rtsarm.aem4f : Gate.oem4f (.text:xdc_runtime_Gate_leaveSystem__E)
                  00004fe0    00000010                                 : Memory.oem4f (.text:xdc_runtime_Memory_free__E)
                  00004ff0    00000010                                 : SysMin.oem4f (.text:xdc_runtime_SysMin_ready__E)
                  00005000    00000010                                 : System.oem4f (.text:xdc_runtime_System_vsnprintf__E)
                  00005010    00000010     empty_min_pem4f.oem4f (.text:xdc_runtime_Text_visitRope__I)
                  00005020    0000000e     driverlib.lib : gpio.obj (.text:GPIOIntStatus)
                  0000502e    0000000e     rtsv7M4_T_le_v4SPD16_eabi.lib : copy_decompress_none.c.obj (.text:decompress:none:__TI_decompress_none)
                  0000503c    00000004     --HOLE-- [fill = 0]
                  00005040    0000000e     sysbios.aem4f : BIOS.obj (.text:ti_sysbios_knl_Queue_empty__E)
                  0000504e    0000000e     empty_min_pem4f.oem4f (.text:ti_sysbios_knl_Task_Object__get__S)
                  0000505c    0000000c     rtsv7M4_T_le_v4SPD16_eabi.lib : _lock.c.obj (.text:_register_lock)
                  00005068    0000000c                                   : _lock.c.obj (.text:_register_unlock)
                  00005074    0000000c                                   : copy_zero_init.c.obj (.text:decompress:ZI:__TI_zero_init)
                  00005080    0000000c     sysbios.aem4f : BIOS.obj (.text:ti_sysbios_family_arm_lm4_Timer_getMaxTicks__E)
                  0000508c    0000000c     empty_min_pem4f.oem4f (.text:ti_sysbios_family_arm_m3_Hwi_Params__init__S)
                  00005098    0000000c     sysbios.aem4f : BIOS.obj (.text:ti_sysbios_family_arm_m3_Hwi_disableFxn__E)
                  000050a4    00000004     --HOLE-- [fill = 0]
                  000050a8    0000000c                   : BIOS.obj (.text:ti_sysbios_family_arm_m3_TaskSupport_getStackAlignment__E)
                  000050b4    00000004     --HOLE-- [fill = 0]
                  000050b8    0000000c                   : BIOS.obj (.text:ti_sysbios_gates_GateHwi_enter__E)
                  000050c4    0000000c     empty_min_pem4f.oem4f (.text:ti_sysbios_knl_Queue_Object__get__S)
                  000050d0    0000000c     empty_min_pem4f.oem4f (.text:ti_sysbios_knl_Semaphore_Params__init__S)
                  000050dc    0000000c     empty_min_pem4f.oem4f (.text:ti_sysbios_knl_Task_Params__init__S)
                  000050e8    0000000c     ti.targets.arm.rtsarm.aem4f : Error.oem4f (.text:xdc_runtime_Error_init__E)
                  000050f4    0000000c                                 : Gate.oem4f (.text:xdc_runtime_Gate_enterSystem__E)
                  00005100    0000000c                                 : Memory.oem4f (.text:xdc_runtime_Memory_calloc__E)
                  0000510c    0000000c                                 : Memory.oem4f (.text:xdc_runtime_Memory_getMaxDefaultTypeAlign__E)
                  00005118    0000000a     driverlib.lib : i2c.obj (.text:I2CMasterDisable)
                  00005122    0000000a                   : i2c.obj (.text:I2CMasterEnable)
                  0000512c    0000000a     drivers_tivaware.aem4f : I2CTiva.oem4f (.text:I2CTiva_init)
                  00005136    0000000a     empty_min_pem4f.oem4f (.text:xdc_runtime_IHeap_alloc)
                  00005140    0000000a     empty_min_pem4f.oem4f (.text:xdc_runtime_IHeap_free)
                  0000514a    00000008     EK_TM4C1294XL.obj (.text:EK_TM4C1294XL_initGPIO)
                  00005152    00000008     driverlib.lib : i2c.obj (.text:I2CMasterIntClear)
                  0000515a    00000008                   : i2c.obj (.text:I2CMasterSlaveAddrSet)
                  00005162    00000008     drivers_tivaware.aem4f : I2CTiva.oem4f (.text:I2CTiva_blockingCallback)
                  0000516a    00000008     sysbios.aem4f : BIOS.obj (.text:ti_sysbios_family_arm_lm4_Timer_masterDisable__I)
                  00005172    00000006     driverlib.lib : gpio.obj (.text:GPIOPinWrite)
                  00005178    00000008     sysbios.aem4f : BIOS.obj (.text:ti_sysbios_family_arm_m3_Hwi_doSwiRestore__I)
                  00005180    00000008                   : BIOS.obj (.text:ti_sysbios_family_arm_m3_Hwi_startup__E)
                  00005188    00000006     driverlib.lib : i2c.obj (.text:I2CMasterIntDisable)
                  0000518e    00000006                   : i2c.obj (.text:I2CMasterIntEnable)
                  00005194    00000006     drivers_tivaware.aem4f : I2CTiva.oem4f (.text:I2CTiva_control)
                  0000519a    00000006     ti.targets.arm.rtsarm.aem4f : System.oem4f (.text:xdc_runtime_System_Module_startup__E)
                  000051a0    00000006     sysbios.aem4f : BIOS.obj (.text:ti_sysbios_family_arm_m3_Hwi_doTaskRestore__I)
                  000051a6    00000002     --HOLE-- [fill = 0]
                  000051a8    00000006                   : BIOS.obj (.text:ti_sysbios_family_arm_m3_Hwi_restoreFxn__E)
                  000051ae    00000002     --HOLE-- [fill = 0]
                  000051b0    00000006                   : BIOS.obj (.text:ti_sysbios_gates_GateHwi_leave__E)
                  000051b6    00000002     --HOLE-- [fill = 0]
                  000051b8    00000006                   : BIOS.obj (.text:ti_sysbios_heaps_HeapMem_isBlocking__E)
                  000051be    00000002     --HOLE-- [fill = 0]
                  000051c0    00000006                   : BIOS.obj (.text:ti_sysbios_knl_Queue_Instance_init__E)
                  000051c6    00000002     --HOLE-- [fill = 0]
                  000051c8    00000006                   : BIOS.obj (.text:ti_sysbios_knl_Swi_startup__E)
                  000051ce    00000002     --HOLE-- [fill = 0]
                  000051d0    00000004                   : BIOS.obj (.text:ti_sysbios_gates_GateHwi_query__E)
                  000051d4    00000004     --HOLE-- [fill = 0]
                  000051d8    00000004                   : BIOS.obj (.text:ti_sysbios_gates_GateMutex_query__E)
                  000051dc    00000004     --HOLE-- [fill = 0]
                  000051e0    00000004                   : BIOS.obj (.text:ti_sysbios_knl_Task_startup__E)
                  000051e4    00000004     --HOLE-- [fill = 0]
                  000051e8    00000002                   : BIOS.obj (.text:ti_sysbios_gates_GateHwi_Instance_init__E)
                  000051ea    00000006     --HOLE-- [fill = 0]
                  000051f0    00000002                   : BIOS.obj (.text:ti_sysbios_knl_Clock_logTick__E)

.const     0    000051f4    00002271     
                  000051f4    00001844     empty_min_pem4f.oem4f (.const:xdc_runtime_Text_charTab__A)
                  00006a38    00000120     Boot.aem4f : Boot_sysctl.oem4f (.const:g_pppui32XTALtoVCO)
                  00006b58    00000120     driverlib.lib : sysctl.obj (.const:g_pppui32XTALtoVCO)
                  00006c78    000000bc     empty_min_pem4f.oem4f (.const:xdc_runtime_Text_nodeTab__A)
                  00006d34    00000090     driverlib.lib : gpio.obj (.const:g_pui32GPIOBaseAddrs)
                  00006dc4    0000006c     Boot.aem4f : Boot_sysctl.oem4f (.const:g_pui32Xtals)
                  00006e30    0000006c     driverlib.lib : sysctl.obj (.const:g_pui32Xtals)
                  00006e9c    00000054     drivers_tivaware.aem4f : GPIOTiva.oem4f (.const:.string)
                  00006ef0    00000048     empty_min_pem4f.oem4f (.const:.string)
                  00006f38    00000048     drivers_tivaware.aem4f : GPIOTiva.oem4f (.const:gpioBaseAddresses)
                  00006f80    0000003c     empty_min_pem4f.oem4f (.const:ti_sysbios_knl_Task_Object__PARAMS__C)
                  00006fbc    00000030     EK_TM4C1294XL.obj (.const:I2C_config)
                  00006fec    00000030     Boot.aem4f : Boot_sysctl.oem4f (.const:g_sXTALtoMEMTIM)
                  0000701c    00000030     driverlib.lib : sysctl.obj (.const:g_sXTALtoMEMTIM)
                  0000704c    00000030     empty_min_pem4f.oem4f (.const:ti_sysbios_family_arm_m3_Hwi_Object__PARAMS__C)
                  0000707c    00000028     empty_min_pem4f.oem4f (.const:ti_sysbios_heaps_HeapMem_Module__FXNS__C)
                  000070a4    00000024     EK_TM4C1294XL.obj (.const:i2cTivaHWAttrs)
                  000070c8    00000024     empty_min_pem4f.oem4f (.const:ti_sysbios_gates_GateHwi_Module__FXNS__C)
                  000070ec    00000024     empty_min_pem4f.oem4f (.const:ti_sysbios_gates_GateMutex_Module__FXNS__C)
                  00007110    00000024     empty_min_pem4f.oem4f (.const:ti_sysbios_heaps_HeapMem_Object__PARAMS__C)
                  00007134    00000024     empty_min_pem4f.oem4f (.const:ti_sysbios_knl_Semaphore_Object__PARAMS__C)
                  00007158    00000020     empty_min_pem4f.oem4f (.const:ti_sysbios_family_arm_m3_Hwi_Object__DESC__C)
                  00007178    00000020     empty_min_pem4f.oem4f (.const:ti_sysbios_gates_GateHwi_Object__DESC__C)
                  00007198    00000020     empty_min_pem4f.oem4f (.const:ti_sysbios_gates_GateMutex_Object__DESC__C)
                  000071b8    00000020     empty_min_pem4f.oem4f (.const:ti_sysbios_heaps_HeapMem_Object__DESC__C)
                  000071d8    00000020     empty_min_pem4f.oem4f (.const:ti_sysbios_knl_Queue_Object__DESC__C)
                  000071f8    00000020     empty_min_pem4f.oem4f (.const:ti_sysbios_knl_Semaphore_Object__DESC__C)
                  00007218    00000020     empty_min_pem4f.oem4f (.const:ti_sysbios_knl_Task_Object__DESC__C)
                  00007238    00000020     empty_min_pem4f.oem4f (.const:xdc_runtime_Startup_sfxnTab__A)
                  00007258    0000001c     drivers_tivaware.aem4f : I2CTiva.oem4f (.const)
                  00007274    00000018     empty_min_pem4f.oem4f (.const:ti_sysbios_gates_GateHwi_Object__PARAMS__C)
                  0000728c    00000018     empty_min_pem4f.oem4f (.const:ti_sysbios_gates_GateMutex_Object__PARAMS__C)
                  000072a4    00000018     empty_min_pem4f.oem4f (.const:ti_sysbios_knl_Queue_Object__PARAMS__C)
                  000072bc    00000014     EK_TM4C1294XL.obj (.const:GPIOTiva_config)
                  000072d0    00000014     empty_min_pem4f.oem4f (.const:xdc_runtime_Startup_firstFxns__A)
                  000072e4    00000010     empty_min_pem4f.oem4f (.const:xdc_runtime_Startup_sfxnRts__A)
                  000072f4    00000008     Boot.aem4f : Boot_sysctl.oem4f (.const)
                  000072fc    00000008     driverlib.lib : sysctl.obj (.const)
                  00007304    00000008     empty_min_pem4f.oem4f (.const:ti_sysbios_family_arm_m3_Hwi_excHookFuncs__A)
                  0000730c    00000008     empty_min_pem4f.oem4f (.const:ti_sysbios_knl_Idle_funcList__C)
                  00007314    00000008     empty_min_pem4f.oem4f (.const:xdc_runtime_Startup_firstFxns__C)
                  0000731c    00000008     empty_min_pem4f.oem4f (.const:xdc_runtime_Startup_lastFxns__C)
                  00007324    00000004     empty_min_pem4f.oem4f (.const:ti_catalog_arm_cortexm4_tiva_ce_Boot_A_mustNotUseEnhancedClockMode__C)
                  00007328    00000004     empty_min_pem4f.oem4f (.const:ti_catalog_arm_cortexm4_tiva_ce_Boot_Module__diagsEnabled__C)
                  0000732c    00000004     empty_min_pem4f.oem4f (.const:ti_catalog_arm_cortexm4_tiva_ce_Boot_Module__diagsIncluded__C)
                  00007330    00000004     empty_min_pem4f.oem4f (.const:ti_catalog_arm_cortexm4_tiva_ce_Boot_Module__diagsMask__C)
                  00007334    00000004     empty_min_pem4f.oem4f (.const:ti_sysbios_family_arm_lm4_Timer_enableFunc__C)
                  00007338    00000004     empty_min_pem4f.oem4f (.const:ti_sysbios_family_arm_lm4_Timer_numTimerDevices__C)
                  0000733c    00000004     empty_min_pem4f.oem4f (.const:ti_sysbios_family_arm_lm4_Timer_startupNeeded__C)
                  00007340    00000004     empty_min_pem4f.oem4f (.const:ti_sysbios_family_arm_m3_Hwi_E_NMI__C)
                  00007344    00000004     empty_min_pem4f.oem4f (.const:ti_sysbios_family_arm_m3_Hwi_E_alreadyDefined__C)
                  00007348    00000004     empty_min_pem4f.oem4f (.const:ti_sysbios_family_arm_m3_Hwi_E_busFault__C)
                  0000734c    00000004     empty_min_pem4f.oem4f (.const:ti_sysbios_family_arm_m3_Hwi_E_debugMon__C)
                  00007350    00000004     empty_min_pem4f.oem4f (.const:ti_sysbios_family_arm_m3_Hwi_E_hardFault__C)
                  00007354    00000004     empty_min_pem4f.oem4f (.const:ti_sysbios_family_arm_m3_Hwi_E_memFault__C)
                  00007358    00000004     empty_min_pem4f.oem4f (.const:ti_sysbios_family_arm_m3_Hwi_E_noIsr__C)
                  0000735c    00000004     empty_min_pem4f.oem4f (.const:ti_sysbios_family_arm_m3_Hwi_E_reserved__C)
                  00007360    00000004     empty_min_pem4f.oem4f (.const:ti_sysbios_family_arm_m3_Hwi_E_svCall__C)
                  00007364    00000004     empty_min_pem4f.oem4f (.const:ti_sysbios_family_arm_m3_Hwi_E_usageFault__C)
                  00007368    00000004     empty_min_pem4f.oem4f (.const:ti_sysbios_family_arm_m3_Hwi_NUM_INTERRUPTS__C)
                  0000736c    00000004     empty_min_pem4f.oem4f (.const:ti_sysbios_family_arm_m3_Hwi_Object__count__C)
                  00007370    00000004     empty_min_pem4f.oem4f (.const:ti_sysbios_family_arm_m3_Hwi_ccr__C)
                  00007374    00000004     empty_min_pem4f.oem4f (.const:ti_sysbios_family_arm_m3_Hwi_excHandlerFunc__C)
                  00007378    00000004     empty_min_pem4f.oem4f (.const:ti_sysbios_family_arm_m3_Hwi_excHookFuncs__C)
                  0000737c    00000004     empty_min_pem4f.oem4f (.const:ti_sysbios_family_arm_m3_Hwi_nullIsrFunc__C)
                  00007380    00000004     empty_min_pem4f.oem4f (.const:ti_sysbios_family_arm_m3_Hwi_priGroup__C)
                  00007384    00000004     empty_min_pem4f.oem4f (.const:ti_sysbios_family_arm_m3_TaskSupport_stackAlignment__C)
                  00007388    00000004     empty_min_pem4f.oem4f (.const:ti_sysbios_gates_GateMutex_Instance_State_sem__O)
                  0000738c    00000004     empty_min_pem4f.oem4f (.const:ti_sysbios_heaps_HeapMem_E_memory__C)
                  00007390    00000004     empty_min_pem4f.oem4f (.const:ti_sysbios_heaps_HeapMem_Module__gateObj__C)
                  00007394    00000004     empty_min_pem4f.oem4f (.const:ti_sysbios_heaps_HeapMem_Object__count__C)
                  00007398    00000004     empty_min_pem4f.oem4f (.const:ti_sysbios_heaps_HeapMem_reqAlign__C)
                  0000739c    00000004     empty_min_pem4f.oem4f (.const:ti_sysbios_knl_Clock_Module_State_clockQ__O)
                  000073a0    00000004     empty_min_pem4f.oem4f (.const:ti_sysbios_knl_Semaphore_Instance_State_pendQ__O)
                  000073a4    00000004     empty_min_pem4f.oem4f (.const:ti_sysbios_knl_Swi_Object__count__C)
                  000073a8    00000004     empty_min_pem4f.oem4f (.const:ti_sysbios_knl_Task_Module_State_inactiveQ__O)
                  000073ac    00000004     empty_min_pem4f.oem4f (.const:ti_sysbios_knl_Task_Object__count__C)
                  000073b0    00000004     empty_min_pem4f.oem4f (.const:ti_sysbios_knl_Task_allBlockedFunc__C)
                  000073b4    00000004     empty_min_pem4f.oem4f (.const:ti_sysbios_knl_Task_defaultStackHeap__C)
                  000073b8    00000004     empty_min_pem4f.oem4f (.const:ti_sysbios_knl_Task_defaultStackSize__C)
                  000073bc    00000004     empty_min_pem4f.oem4f (.const:ti_sysbios_knl_Task_numConstructedTasks__C)
                  000073c0    00000004     empty_min_pem4f.oem4f (.const:xdc_runtime_Assert_E_assertFailed__C)
                  000073c4    00000004     empty_min_pem4f.oem4f (.const:xdc_runtime_Core_A_initializedParams__C)
                  000073c8    00000004     empty_min_pem4f.oem4f (.const:xdc_runtime_Core_Module__diagsEnabled__C)
                  000073cc    00000004     empty_min_pem4f.oem4f (.const:xdc_runtime_Core_Module__diagsIncluded__C)
                  000073d0    00000004     empty_min_pem4f.oem4f (.const:xdc_runtime_Core_Module__diagsMask__C)
                  000073d4    00000004     empty_min_pem4f.oem4f (.const:xdc_runtime_Error_E_memory__C)
                  000073d8    00000004     empty_min_pem4f.oem4f (.const:xdc_runtime_Error_Module__diagsEnabled__C)
                  000073dc    00000004     empty_min_pem4f.oem4f (.const:xdc_runtime_Error_Module__diagsIncluded__C)
                  000073e0    00000004     empty_min_pem4f.oem4f (.const:xdc_runtime_Error_Module__diagsMask__C)
                  000073e4    00000004     empty_min_pem4f.oem4f (.const:xdc_runtime_Error_Module__loggerFxn8__C)
                  000073e8    00000004     empty_min_pem4f.oem4f (.const:xdc_runtime_Error_Module__loggerObj__C)
                  000073ec    00000004     empty_min_pem4f.oem4f (.const:xdc_runtime_Error_policyFxn__C)
                  000073f0    00000004     empty_min_pem4f.oem4f (.const:xdc_runtime_Error_raiseHook__C)
                  000073f4    00000004     empty_min_pem4f.oem4f (.const:xdc_runtime_IGateProvider_Interface__BASE__C)
                  000073f8    00000004     empty_min_pem4f.oem4f (.const:xdc_runtime_IHeap_Interface__BASE__C)
                  000073fc    00000004     empty_min_pem4f.oem4f (.const:xdc_runtime_IModule_Interface__BASE__C)
                  00007400    00000004     empty_min_pem4f.oem4f (.const:xdc_runtime_Log_L_error__C)
                  00007404    00000004     empty_min_pem4f.oem4f (.const:xdc_runtime_Memory_defaultHeapInstance__C)
                  00007408    00000004     empty_min_pem4f.oem4f (.const:xdc_runtime_Startup_execImpl__C)
                  0000740c    00000004     empty_min_pem4f.oem4f (.const:xdc_runtime_Startup_maxPasses__C)
                  00007410    00000004     empty_min_pem4f.oem4f (.const:xdc_runtime_Startup_sfxnRts__C)
                  00007414    00000004     empty_min_pem4f.oem4f (.const:xdc_runtime_Startup_sfxnTab__C)
                  00007418    00000004     empty_min_pem4f.oem4f (.const:xdc_runtime_SysMin_bufSize__C)
                  0000741c    00000004     empty_min_pem4f.oem4f (.const:xdc_runtime_SysMin_outputFunc__C)
                  00007420    00000004     empty_min_pem4f.oem4f (.const:xdc_runtime_System_Module__gateObj__C)
                  00007424    00000004     empty_min_pem4f.oem4f (.const:xdc_runtime_System_abortFxn__C)
                  00007428    00000004     empty_min_pem4f.oem4f (.const:xdc_runtime_System_exitFxn__C)
                  0000742c    00000004     empty_min_pem4f.oem4f (.const:xdc_runtime_System_extendFxn__C)
                  00007430    00000004     empty_min_pem4f.oem4f (.const:xdc_runtime_System_maxAtexitHandlers__C)
                  00007434    00000004     empty_min_pem4f.oem4f (.const:xdc_runtime_Text_charTab__C)
                  00007438    00000004     empty_min_pem4f.oem4f (.const:xdc_runtime_Text_nameEmpty__C)
                  0000743c    00000004     empty_min_pem4f.oem4f (.const:xdc_runtime_Text_nameStatic__C)
                  00007440    00000004     empty_min_pem4f.oem4f (.const:xdc_runtime_Text_nameUnknown__C)
                  00007444    00000004     empty_min_pem4f.oem4f (.const:xdc_runtime_Text_nodeTab__C)
                  00007448    00000004     empty_min_pem4f.oem4f (.const:xdc_runtime_Text_visitRopeFxn__C)
                  0000744c    00000002     empty_min_pem4f.oem4f (.const:ti_catalog_arm_cortexm4_tiva_ce_Boot_Module__id__C)
                  0000744e    00000002     empty_min_pem4f.oem4f (.const:ti_sysbios_family_arm_m3_Hwi_Module__id__C)
                  00007450    00000002     empty_min_pem4f.oem4f (.const:ti_sysbios_heaps_HeapMem_Module__id__C)
                  00007452    00000002     empty_min_pem4f.oem4f (.const:xdc_runtime_Core_Module__id__C)
                  00007454    00000002     empty_min_pem4f.oem4f (.const:xdc_runtime_Error_Module__loggerDefined__C)
                  00007456    00000002     empty_min_pem4f.oem4f (.const:xdc_runtime_Error_maxDepth__C)
                  00007458    00000002     empty_min_pem4f.oem4f (.const:xdc_runtime_Memory_Module__id__C)
                  0000745a    00000002     empty_min_pem4f.oem4f (.const:xdc_runtime_SysMin_flushAtExit__C)
                  0000745c    00000002     empty_min_pem4f.oem4f (.const:xdc_runtime_Text_charCnt__C)
                  0000745e    00000002     empty_min_pem4f.oem4f (.const:xdc_runtime_Text_isLoaded__C)
                  00007460    00000002     empty_min_pem4f.oem4f (.const:xdc_runtime_Text_registryModsLastId__C)
                  00007462    00000002     empty_min_pem4f.oem4f (.const:xdc_runtime_Text_unnamedModsLastId__C)
                  00007464    00000001     empty_min_pem4f.oem4f (.const:xdc_runtime_Error_policy__C)

.cinit     0    00007468    000001f0     
                  00007468    000001b5     (.cinit..data.load) [load image, compression = lzss]
                  0000761d    00000003     --HOLE-- [fill = 0]
                  00007620    0000000c     (__TI_handler_table)
                  0000762c    00000004     --HOLE-- [fill = 0]
                  00007630    00000008     (.cinit..bss.load) [load image, compression = zero_init]
                  00007638    00000008     (.cinit..vecs.load) [load image, compression = zero_init]
                  00007640    00000018     (__TI_cinit_table)

.init_array 
*          0    00000000    00000000     UNINITIALIZED

.resetVecs 
*          0    00000000    0000003c     
                  00000000    0000003c     empty_min_pem4f.oem4f (.resetVecs)

.bss       0    20000360    00000d70     UNINITIALIZED
                  20000360    00000400     (.common:ti_sysbios_heaps_HeapMem_Instance_State_0_buf__A)
                  20000760    00000360     (.common:ti_sysbios_family_arm_m3_Hwi_dispatchTable)
                  20000ac0    00000200     (.common:task0Stack)
                  20000cc0    00000180     (.common:i2cTivaObjects)
                  20000e40    00000120     rtsv7M4_T_le_v4SPD16_eabi.lib : trgmsg.c.obj (.bss:_CIOBUF_)
                  20000f60    00000090     drivers_tivaware.aem4f : GPIOTiva.oem4f (.bss:gpioCallbackInfo)
                  20000ff0    00000080     (.common:xdc_runtime_SysMin_Module_State_0_outbuf__A)
                  20001070    00000050     (.common:task0Struct)
                  200010c0    00000008     (.common:parmbuf)
                  200010c8    00000004     (.common:g_ui32SysClock)
                  200010cc    00000004     (.common:gpioInterruptVectors)

.data      0    200010d0    000003d2     UNINITIALIZED
                  200010d0    00000080     empty_min_pem4f.oem4f (.data:ti_sysbios_knl_Swi_Module_State_0_readyQ__A)
                  20001150    00000080     empty_min_pem4f.oem4f (.data:ti_sysbios_knl_Task_Module_State_0_readyQ__A)
                  200011d0    00000044     empty_min_pem4f.oem4f (.data:ti_sysbios_knl_Task_Module__state__V)
                  20001214    00000040     empty_min_pem4f.oem4f (.data:ti_sysbios_family_arm_lm4_Timer_Module_State_0_device__A)
                  20001254    00000040     empty_min_pem4f.oem4f (.data:ti_sysbios_family_arm_lm4_Timer_Object__table__V)
                  20001294    00000038     empty_min_pem4f.oem4f (.data:ti_sysbios_gates_GateMutex_Object__table__V)
                  200012cc    00000034     empty_min_pem4f.oem4f (.data:ti_sysbios_family_arm_m3_Hwi_Module__state__V)
                  20001300    00000030     empty_min_pem4f.oem4f (.data:ti_sysbios_knl_Swi_Object__table__V)
                  20001330    0000002c     empty_min_pem4f.oem4f (.data:ti_sysbios_knl_Clock_Module__state__V)
                  2000135c    00000024     empty_min_pem4f.oem4f (.data:ti_sysbios_BIOS_Module__state__V)
                  20001380    00000020     empty_min_pem4f.oem4f (.data:ti_sysbios_family_arm_lm4_Timer_Module_State_0_handles__A)
                  200013a0    0000001c     empty_min_pem4f.oem4f (.data:ti_sysbios_knl_Swi_Module__state__V)
                  200013bc    00000018     empty_min_pem4f.oem4f (.data:ti_sysbios_family_arm_m3_Hwi_Object__table__V)
                  200013d4    00000018     empty_min_pem4f.oem4f (.data:ti_sysbios_heaps_HeapMem_Object__table__V)
                  200013ec    00000010     EK_TM4C1294XL.obj (.data:gpioPinConfigs)
                  200013fc    0000000c     empty_min_pem4f.oem4f (.data:ti_sysbios_family_arm_lm4_Timer_Module__state__V)
                  20001408    0000000c     empty_min_pem4f.oem4f (.data:xdc_runtime_SysMin_Module__state__V)
                  20001414    00000008     rtsv7M4_T_le_v4SPD16_eabi.lib : _lock.c.obj (.data:$O1$$)
                  2000141c    00000008     EK_TM4C1294XL.obj (.data:gpioCallbackFunctions)
                  20001424    00000008     empty_min_pem4f.oem4f (.data:ti_sysbios_family_arm_m3_Hwi_Module__root__V)
                  2000142c    00000008     empty_min_pem4f.oem4f (.data:ti_sysbios_gates_GateHwi_Module__root__V)
                  20001434    00000008     empty_min_pem4f.oem4f (.data:ti_sysbios_gates_GateMutex_Module__root__V)
                  2000143c    00000008     empty_min_pem4f.oem4f (.data:ti_sysbios_heaps_HeapMem_Module__root__V)
                  20001444    00000008     empty_min_pem4f.oem4f (.data:ti_sysbios_knl_Queue_Module__root__V)
                  2000144c    00000008     empty_min_pem4f.oem4f (.data:ti_sysbios_knl_Semaphore_Module__root__V)
                  20001454    00000008     empty_min_pem4f.oem4f (.data:ti_sysbios_knl_Task_Module__root__V)
                  2000145c    00000008     empty_min_pem4f.oem4f (.data:xdc_runtime_Registry_Module__state__V)
                  20001464    00000008     empty_min_pem4f.oem4f (.data:xdc_runtime_Startup_Module__state__V)
                  2000146c    00000008     empty_min_pem4f.oem4f (.data:xdc_runtime_System_Module_State_0_atexitHandlers__A)
                  20001474    00000008     empty_min_pem4f.oem4f (.data:xdc_runtime_System_Module__state__V)
                  2000147c    00000005     drivers_tivaware.aem4f : GPIOTiva.oem4f (.data)
                  20001481    00000001     --HOLE--
                  20001482    00000002     empty_min_pem4f.oem4f (.data:ti_sysbios_family_arm_m3_Hwi_Module_State_0_excActive__A)
                  20001484    00000004     drivers_tivaware.aem4f : I2C.oem4f (.data)
                  20001488    00000004     rtsv7M4_T_le_v4SPD16_eabi.lib : stkdepth_vars.c.obj (.data)
                  2000148c    00000004     empty_min_pem4f.oem4f (.data:ti_sysbios_family_arm_m3_Hwi_Module_State_0_excContext__A)
                  20001490    00000004     empty_min_pem4f.oem4f (.data:ti_sysbios_family_arm_m3_Hwi_Module_State_0_excStack__A)
                  20001494    00000004     empty_min_pem4f.oem4f (.data:ti_sysbios_gates_GateHwi_Object__table__V)
                  20001498    00000004     empty_min_pem4f.oem4f (.data:ti_sysbios_knl_Task_Module_State_0_idleTask__A)
                  2000149c    00000004     empty_min_pem4f.oem4f (.data:xdc_runtime_Memory_Module__state__V)
                  200014a0    00000002     empty_min_pem4f.oem4f (.data:xdc_runtime_Error_Module__state__V)

.stack     0    200014a8    00000300     UNINITIALIZED
                  200014a8    00000300     --HOLE--

.bootVecs 
*          0    00000000    00000008     DSECT
                  00000000    00000008     boot.aem4f : boot.oem4f (.bootVecs)

.vecs      0    20000000    00000360     UNINITIALIZED
                  20000000    00000360     empty_min_pem4f.oem4f (.vecs)

xdc.meta   0    00000000    000000f7     COPY SECTION
                  00000000    000000f7     empty_min_pem4f.oem4f (xdc.meta)

__llvm_prf_cnts 
*          0    20000000    00000000     UNINITIALIZED

MODULE SUMMARY

       Module                       code    ro data   rw data
       ------                       ----    -------   -------
    .\
       empty_min.obj                266     0         596    
       EK_TM4C1294XL.obj            348     104       408    
    +--+----------------------------+-------+---------+---------+
       Total:                       614     104       1004   
                                                             
    C:\Users\Costa\Downloads\TASK C\empty_min_EK_TM4C1294XL_TI\Debug\configPkg\package\cfg\
       empty_min_pem4f.oem4f        1788    7541      3812   
    +--+----------------------------+-------+---------+---------+
       Total:                       1788    7541      3812   
                                                             
    C:/ti/tirtos_tivac_2_16_01_14/products/TivaWare_C_Series-2.1.1.71b/driverlib/ccs/Debug/driverlib.lib
       sysctl.obj                   668     452       0      
       gpio.obj                     572     144       0      
       i2c.obj                      154     0         0      
    +--+----------------------------+-------+---------+---------+
       Total:                       1394    596       0      
                                                             
    C:/ti/tirtos_tivac_2_16_01_14/products/tidrivers_tivac_2_16_01_13/packages/ti/drivers/lib/drivers_tivaware.aem4f
       GPIOTiva.oem4f               844     156       153    
       I2CTiva.oem4f                798     28        0      
       I2C.oem4f                    56      0         4      
    +--+----------------------------+-------+---------+---------+
       Total:                       1698    184       157    
                                                             
    C:\Users\Costa\Downloads\TASK C\empty_min_EK_TM4C1294XL_TI\src\sysbios\sysbios.aem4f
       BIOS.obj                     8792    0         0      
       m3_Hwi_asm.obj               314     0         0      
       m3_TaskSupport_asm.obj       180     0         0      
       m3_Hwi_asm_switch.obj        118     0         0      
    +--+----------------------------+-------+---------+---------+
       Total:                       9404    0         0      
                                                             
    C:\ti\ccs1230\ccs\tools\compiler\ti-cgt-arm_20.2.7.LTS\lib\rtsv7M4_T_le_v4SPD16_eabi.lib
       trgmsg.c.obj                 108     0         288    
       memcpy_t2.asm.obj            156     0         0      
       memset_t2.asm.obj            122     0         0      
       copy_decompress_lzss.c.obj   104     0         0      
       hostwrite.c.obj              88      0         0      
       cpy_tbl.c.obj                76      0         0      
       u_divt2.asm.obj              64      0         0      
       _lock.c.obj                  26      0         8      
       args_main.c.obj              24      0         0      
       strlen.c.obj                 20      0         0      
       copy_decompress_none.c.obj   14      0         0      
       copy_zero_init.c.obj         12      0         0      
       hostopen.c.obj               0       0         8      
       exit.c.obj                   4       0         0      
       stkdepth_vars.c.obj          0       0         4      
       div0.asm.obj                 2       0         0      
    +--+----------------------------+-------+---------+---------+
       Total:                       820     0         308    
                                                             
    C:\ti\tirtos_tivac_2_16_01_14\products\bios_6_45_02_31\packages\ti\catalog\arm\cortexm4\tiva\ce\lib\Boot.aem4f
       Boot_sysctl.oem4f            628     452       0      
       Boot.oem4f                   152     0         0      
    +--+----------------------------+-------+---------+---------+
       Total:                       780     452       0      
                                                             
    C:\ti\tirtos_tivac_2_16_01_14\products\bios_6_45_02_31\packages\ti\targets\arm\rtsarm\lib\auto_init.aem4f
       auto_init.oem4f              160     0         0      
    +--+----------------------------+-------+---------+---------+
       Total:                       160     0         0      
                                                             
    C:\ti\tirtos_tivac_2_16_01_14\products\bios_6_45_02_31\packages\ti\targets\arm\rtsarm\lib\boot.aem4f
       boot.oem4f                   88      0         0      
    +--+----------------------------+-------+---------+---------+
       Total:                       88      0         0      
                                                             
    C:\ti\tirtos_tivac_2_16_01_14\products\bios_6_45_02_31\packages\ti\targets\arm\rtsarm\lib\ti.targets.arm.rtsarm.aem4f
       System.oem4f                 1255    0         0      
       Text.oem4f                   672     0         0      
       Error.oem4f                  524     0         0      
       Core-mem.oem4f               358     0         0      
       Startup.oem4f                328     0         0      
       SysMin.oem4f                 248     0         0      
       Core-smem.oem4f              204     0         0      
       Memory.oem4f                 176     0         0      
       Assert.oem4f                 84      0         0      
       Core-params.oem4f            70      0         0      
       Core-label.oem4f             52      0         0      
       Registry.oem4f               32      0         0      
       Gate.oem4f                   28      0         0      
    +--+----------------------------+-------+---------+---------+
       Total:                       4031    0         0      
                                                             
       Stack:                       0       0         768    
       Linker Generated:            0       489       0      
    +--+----------------------------+-------+---------+---------+
       Grand Total:                 20777   9366      6049   


LINKER GENERATED COPY TABLES

__TI_cinit_table @ 00007640 records: 3, size/record: 8, table size: 24
	.data: load addr=00007468, load size=000001b5 bytes, run addr=200010d0, run size=000003d2 bytes, compression=lzss
	.bss: load addr=00007630, load size=00000008 bytes, run addr=20000360, run size=00000d70 bytes, compression=zero_init
	.vecs: load addr=00007638, load size=00000008 bytes, run addr=20000000, run size=00000360 bytes, compression=zero_init


LINKER GENERATED HANDLER TABLE

__TI_handler_table @ 00007620 records: 3, size/record: 4, table size: 12
	index: 0, handler: __TI_decompress_lzss
	index: 1, handler: __TI_decompress_none
	index: 2, handler: __TI_zero_init


GLOBAL SYMBOLS: SORTED ALPHABETICALLY BY Name 

address   name                                                                 
-------   ----                                                                 
0000109d  C$$EXIT                                                              
000041ef  C$$IO$$                                                              
0000514b  EK_TM4C1294XL_initGPIO                                               
000023ed  EK_TM4C1294XL_initGeneral                                            
00002695  EK_TM4C1294XL_initI2C                                                
00004779  GPIODirModeSet                                                       
00001f3b  GPIOIntClear                                                         
00005021  GPIOIntStatus                                                        
000036d9  GPIOIntTypeSet                                                       
00001491  GPIOPadConfigSet                                                     
00003bed  GPIOPinConfigure                                                     
00002ce3  GPIOPinRead                                                          
00004ef5  GPIOPinTypeI2C                                                       
00004f07  GPIOPinTypeI2CSCL                                                    
00005173  GPIOPinWrite                                                         
000072bc  GPIOTiva_config                                                      
00003145  GPIO_hwiIntFxn                                                       
00002ac5  GPIO_init                                                            
0000382d  GPIO_setCallback                                                     
000011f5  GPIO_setConfig                                                       
0000387d  GPIO_toggle                                                          
000038cd  GPIO_write                                                           
000035d1  HOSTwrite                                                            
00000bc5  I2CMasterControl                                                     
00000dbd  I2CMasterDataGet                                                     
00000f35  I2CMasterDataPut                                                     
00005119  I2CMasterDisable                                                     
00005123  I2CMasterEnable                                                      
00004e39  I2CMasterErr                                                         
00003c35  I2CMasterInitExpClk                                                  
00005153  I2CMasterIntClear                                                    
00005189  I2CMasterIntDisable                                                  
0000518f  I2CMasterIntEnable                                                   
0000515b  I2CMasterSlaveAddrSet                                                
000042d9  I2CTiva_close                                                        
00005195  I2CTiva_control                                                      
00007258  I2CTiva_fxnTable                                                     
0000512d  I2CTiva_init                                                         
00001bc5  I2CTiva_open                                                         
00002c65  I2CTiva_transfer                                                     
00006fbc  I2C_config                                                           
00004189  I2C_init                                                             
UNDEFED   SHT$$INIT_ARRAY$$Base                                                
UNDEFED   SHT$$INIT_ARRAY$$Limit                                               
000007bd  SysCtlClockFreqSet                                                   
00004311  SysCtlPeripheralEnable                                               
00000000  __ASM__                                                              
20000e40  __CIOBUF_                                                            
00000075  __ISA__                                                              
00000088  __PLAT__                                                             
200017a8  __STACK_END                                                          
00000300  __STACK_SIZE                                                         
000000a9  __TARG__                                                             
00007640  __TI_CINIT_Base                                                      
00007658  __TI_CINIT_Limit                                                     
00007620  __TI_Handler_Table_Base                                              
0000762c  __TI_Handler_Table_Limit                                             
00002555  __TI_auto_init                                                       
00003075  __TI_decompress_lzss                                                 
0000502f  __TI_decompress_none                                                 
ffffffff  __TI_pprof_out_hndl                                                  
ffffffff  __TI_prof_data_size                                                  
ffffffff  __TI_prof_data_start                                                 
00004345  __TI_readmsg                                                         
00007468  __TI_static_base__                                                   
000041c1  __TI_writemsg                                                        
00005075  __TI_zero_init                                                       
000000cf  __TRDR__                                                             
00002ddf  __aeabi_idiv0                                                        
00002ddf  __aeabi_ldiv0                                                        
00002d65  __aeabi_memclr                                                       
00002d65  __aeabi_memclr4                                                      
00002d65  __aeabi_memclr8                                                      
00002731  __aeabi_memcpy                                                       
00002731  __aeabi_memcpy4                                                      
00002731  __aeabi_memcpy8                                                      
00002d67  __aeabi_memset                                                       
00002d67  __aeabi_memset4                                                      
00002d67  __aeabi_memset8                                                      
00003fd1  __aeabi_uidiv                                                        
00003fd1  __aeabi_uidivmod                                                     
ffffffff  __binit__                                                            
ffffffff  __c_args__                                                           
200014a8  __stack                                                              
20000000  __start___llvm_prf_cnts                                              
20000000  __stop___llvm_prf_cnts                                               
00004d45  _args_main                                                           
00003579  _c_int00                                                             
20001414  _lock                                                                
00002867  _nop                                                                 
0000505d  _register_lock                                                       
00005069  _register_unlock                                                     
20001418  _unlock                                                              
0000109d  abort                                                                
ffffffff  binit                                                                
00003a61  copy_in                                                              
200010c8  g_ui32SysClock                                                       
2000141c  gpioCallbackFunctions                                                
200013ec  gpioPinConfigs                                                       
00004e7b  heartBeatFxn                                                         
000070a4  i2cTivaHWAttrs                                                       
20000cc0  i2cTivaObjects                                                       
00001ca5  main                                                                 
20001488  main_func_sp                                                         
00002731  memcpy                                                               
00002d6d  memset                                                               
00004fc1  osi_TaskDisable                                                      
00004f71  osi_start                                                            
200010c0  parmbuf                                                              
00004e8f  strlen                                                               
20000ac0  task0Stack                                                           
20001070  task0Struct                                                          
00007324  ti_catalog_arm_cortexm4_tiva_ce_Boot_A_mustNotUseEnhancedClockMode__C
00007328  ti_catalog_arm_cortexm4_tiva_ce_Boot_Module__diagsEnabled__C         
0000732c  ti_catalog_arm_cortexm4_tiva_ce_Boot_Module__diagsIncluded__C        
00007330  ti_catalog_arm_cortexm4_tiva_ce_Boot_Module__diagsMask__C            
0000744c  ti_catalog_arm_cortexm4_tiva_ce_Boot_Module__id__C                   
00004f3d  ti_catalog_arm_cortexm4_tiva_ce_Boot_init__I                         
000009c1  ti_catalog_arm_cortexm4_tiva_ce_Boot_sysCtlClockFreqSetI__I          
00002869  ti_catalog_arm_cortexm4_tiva_ce_Boot_sysCtlClockFreqSet__E           
2000135c  ti_sysbios_BIOS_Module__state__V                                     
00004ca9  ti_sysbios_BIOS_RtsGateProxy_Handle__label__S                        
000048d5  ti_sysbios_BIOS_RtsGateProxy_Object__delete__S                       
00001345  ti_sysbios_BIOS_RtsGateProxy_enter__E                                
00001d85  ti_sysbios_BIOS_RtsGateProxy_leave__E                                
000051d9  ti_sysbios_BIOS_RtsGateProxy_query__E                                
00004485  ti_sysbios_BIOS_atExitFunc__I                                        
00004845  ti_sysbios_BIOS_errorRaiseHook__I                                    
00004e4f  ti_sysbios_BIOS_exitFunc__I                                          
00004f51  ti_sysbios_BIOS_getCpuFreq__E                                        
00002f2f  ti_sysbios_BIOS_nullFunc__I                                          
00004869  ti_sysbios_BIOS_registerRTSLock__I                                   
0000488d  ti_sysbios_BIOS_removeRTSLock__I                                     
000049f5  ti_sysbios_BIOS_rtsLock__I                                           
00004d5d  ti_sysbios_BIOS_rtsUnlock__I                                         
00004f61  ti_sysbios_BIOS_setThreadType__E                                     
000048b1  ti_sysbios_BIOS_startFunc__I                                         
00004f71  ti_sysbios_BIOS_start__E                                             
20001214  ti_sysbios_family_arm_lm4_Timer_Module_State_0_device__A             
20001380  ti_sysbios_family_arm_lm4_Timer_Module_State_0_handles__A            
00004d75  ti_sysbios_family_arm_lm4_Timer_Module__startupDone__F               
00004d75  ti_sysbios_family_arm_lm4_Timer_Module__startupDone__S               
200013fc  ti_sysbios_family_arm_lm4_Timer_Module__state__V                     
000031a9  ti_sysbios_family_arm_lm4_Timer_Module_startup__E                    
20001254  ti_sysbios_family_arm_lm4_Timer_Object__table__V                     
00007334  ti_sysbios_family_arm_lm4_Timer_enableFunc__C                        
00003cc9  ti_sysbios_family_arm_lm4_Timer_enableTimers__I                      
000024a9  ti_sysbios_family_arm_lm4_Timer_enableTiva__I                        
00005081  ti_sysbios_family_arm_lm4_Timer_getMaxTicks__E                       
00003731  ti_sysbios_family_arm_lm4_Timer_initDevice__I                        
00003e31  ti_sysbios_family_arm_lm4_Timer_isrStub__E                           
0000516b  ti_sysbios_family_arm_lm4_Timer_masterDisable__I                     
00002015  ti_sysbios_family_arm_lm4_Timer_masterEnable__I                      
00007338  ti_sysbios_family_arm_lm4_Timer_numTimerDevices__C                   
000016d9  ti_sysbios_family_arm_lm4_Timer_start__E                             
0000733c  ti_sysbios_family_arm_lm4_Timer_startupNeeded__C                     
00004011  ti_sysbios_family_arm_lm4_Timer_startup__E                           
000044b9  ti_sysbios_family_arm_lm4_Timer_stop__E                              
00004991  ti_sysbios_family_arm_lm4_Timer_write__I                             
00007340  ti_sysbios_family_arm_m3_Hwi_E_NMI__C                                
00007344  ti_sysbios_family_arm_m3_Hwi_E_alreadyDefined__C                     
00007348  ti_sysbios_family_arm_m3_Hwi_E_busFault__C                           
0000734c  ti_sysbios_family_arm_m3_Hwi_E_debugMon__C                           
00007350  ti_sysbios_family_arm_m3_Hwi_E_hardFault__C                          
00007354  ti_sysbios_family_arm_m3_Hwi_E_memFault__C                           
00007358  ti_sysbios_family_arm_m3_Hwi_E_noIsr__C                              
0000735c  ti_sysbios_family_arm_m3_Hwi_E_reserved__C                           
00007360  ti_sysbios_family_arm_m3_Hwi_E_svCall__C                             
00007364  ti_sysbios_family_arm_m3_Hwi_E_usageFault__C                         
00004c75  ti_sysbios_family_arm_m3_Hwi_Handle__label__S                        
00004379  ti_sysbios_family_arm_m3_Hwi_Instance_finalize__E                    
00002901  ti_sysbios_family_arm_m3_Hwi_Instance_init__E                        
20001482  ti_sysbios_family_arm_m3_Hwi_Module_State_0_excActive__A             
2000148c  ti_sysbios_family_arm_m3_Hwi_Module_State_0_excContext__A            
20001490  ti_sysbios_family_arm_m3_Hwi_Module_State_0_excStack__A              
0000744e  ti_sysbios_family_arm_m3_Hwi_Module__id__C                           
20001424  ti_sysbios_family_arm_m3_Hwi_Module__root__V                         
00004d8d  ti_sysbios_family_arm_m3_Hwi_Module__startupDone__F                  
00004d8d  ti_sysbios_family_arm_m3_Hwi_Module__startupDone__S                  
200012cc  ti_sysbios_family_arm_m3_Hwi_Module__state__V                        
00003971  ti_sysbios_family_arm_m3_Hwi_Module_startup__E                       
00007368  ti_sysbios_family_arm_m3_Hwi_NUM_INTERRUPTS__C                       
00007158  ti_sysbios_family_arm_m3_Hwi_Object__DESC__C                         
0000704c  ti_sysbios_family_arm_m3_Hwi_Object__PARAMS__C                       
0000736c  ti_sysbios_family_arm_m3_Hwi_Object__count__C                        
[...]
00004fb1  ti_sysbios_knl_Swi_disable__E                                        
00004fc1  osi_TaskDisable                                                      
00004fc1  ti_sysbios_knl_Task_disable__E                                       
00004fd1  xdc_runtime_Gate_leaveSystem__E                                      
00004fe1  xdc_runtime_Memory_free__E                                           
00004ff1  xdc_runtime_SysMin_ready__E                                          
00004ff1  xdc_runtime_System_SupportProxy_ready__E                             
00005001  xdc_runtime_System_vsnprintf__E                                      
00005011  xdc_runtime_Text_visitRope__I                                        
00005021  GPIOIntStatus                                                        
0000502f  __TI_decompress_none                                                 
00005041  ti_sysbios_knl_Queue_empty__E                                        
0000504f  ti_sysbios_knl_Task_Object__get__S                                   
0000505d  _register_lock                                                       
00005069  _register_unlock                                                     
00005075  __TI_zero_init                                                       
00005081  ti_sysbios_family_arm_lm4_Timer_getMaxTicks__E                       
0000508d  ti_sysbios_family_arm_m3_Hwi_Params__init__S                         
0000508d  ti_sysbios_hal_Hwi_HwiProxy_Params__init__S                          
00005099  ti_sysbios_family_arm_m3_Hwi_disableFxn__E                           
00005099  ti_sysbios_hal_Hwi_HwiProxy_disable__E                               
000050a9  ti_sysbios_family_arm_m3_TaskSupport_getStackAlignment__E            
000050a9  ti_sysbios_knl_Task_SupportProxy_getStackAlignment__E                
000050b9  ti_sysbios_gates_GateHwi_enter__E                                    
000050c5  ti_sysbios_knl_Queue_Object__get__S                                  
000050d1  ti_sysbios_knl_Semaphore_Params__init__S                             
000050dd  ti_sysbios_knl_Task_Params__init__S                                  
000050e9  xdc_runtime_Error_init__E                                            
000050f5  xdc_runtime_Gate_enterSystem__E                                      
00005101  xdc_runtime_Memory_calloc__E                                         
0000510d  xdc_runtime_Memory_getMaxDefaultTypeAlign__E                         
00005119  I2CMasterDisable                                                     
00005123  I2CMasterEnable                                                      
0000512d  I2CTiva_init                                                         
00005137  xdc_runtime_Memory_HeapProxy_alloc__E                                
00005141  xdc_runtime_Memory_HeapProxy_free__E                                 
0000514b  EK_TM4C1294XL_initGPIO                                               
00005153  I2CMasterIntClear                                                    
0000515b  I2CMasterSlaveAddrSet                                                
0000516b  ti_sysbios_family_arm_lm4_Timer_masterDisable__I                     
00005173  GPIOPinWrite                                                         
00005179  ti_sysbios_family_arm_m3_Hwi_doSwiRestore__I                         
00005181  ti_sysbios_family_arm_m3_Hwi_startup__E                              
00005181  ti_sysbios_hal_Hwi_HwiProxy_startup__E                               
00005181  ti_sysbios_hal_Hwi_startup__E                                        
00005189  I2CMasterIntDisable                                                  
0000518f  I2CMasterIntEnable                                                   
00005195  I2CTiva_control                                                      
0000519b  xdc_runtime_System_Module_startup__E                                 
000051a1  ti_sysbios_family_arm_m3_Hwi_doTaskRestore__I                        
000051a9  ti_sysbios_family_arm_m3_Hwi_restoreFxn__E                           
000051a9  ti_sysbios_hal_Hwi_HwiProxy_restore__E                               
000051b1  ti_sysbios_gates_GateHwi_leave__E                                    
000051b9  ti_sysbios_heaps_HeapMem_isBlocking__E                               
000051c1  ti_sysbios_knl_Queue_Instance_init__E                                
000051c9  ti_sysbios_knl_Swi_startup__E                                        
000051d1  ti_sysbios_gates_GateHwi_query__E                                    
000051d1  xdc_runtime_Main_Module_GateProxy_query__E                           
000051d1  xdc_runtime_System_Module_GateProxy_query__E                         
000051d9  ti_sysbios_BIOS_RtsGateProxy_query__E                                
000051d9  ti_sysbios_gates_GateMutex_query__E                                  
000051d9  ti_sysbios_heaps_HeapMem_Module_GateProxy_query__E                   
000051e1  ti_sysbios_knl_Task_startup__E                                       
000051e9  ti_sysbios_gates_GateHwi_Instance_init__E                            
000051f1  ti_sysbios_knl_Clock_logTick__E                                      
000051f4  xdc_runtime_Text_charTab__A                                          
00006c78  xdc_runtime_Text_nodeTab__A                                          
00006f80  ti_sysbios_knl_Task_Object__PARAMS__C                                
00006fbc  I2C_config                                                           
0000704c  ti_sysbios_family_arm_m3_Hwi_Object__PARAMS__C                       
0000707c  ti_sysbios_heaps_HeapMem_Module__FXNS__C                             
000070a4  i2cTivaHWAttrs                                                       
000070c8  ti_sysbios_gates_GateHwi_Module__FXNS__C                             
000070ec  ti_sysbios_gates_GateMutex_Module__FXNS__C                           
00007110  ti_sysbios_heaps_HeapMem_Object__PARAMS__C                           
00007134  ti_sysbios_knl_Semaphore_Object__PARAMS__C                           
00007158  ti_sysbios_family_arm_m3_Hwi_Object__DESC__C                         
00007178  ti_sysbios_gates_GateHwi_Object__DESC__C                             
00007198  ti_sysbios_gates_GateMutex_Object__DESC__C                           
000071b8  ti_sysbios_heaps_HeapMem_Object__DESC__C                             
000071d8  ti_sysbios_knl_Queue_Object__DESC__C                                 
000071f8  ti_sysbios_knl_Semaphore_Object__DESC__C                             
00007218  ti_sysbios_knl_Task_Object__DESC__C                                  
00007238  xdc_runtime_Startup_sfxnTab__A                                       
00007258  I2CTiva_fxnTable                                                     
00007274  ti_sysbios_gates_GateHwi_Object__PARAMS__C                           
0000728c  ti_sysbios_gates_GateMutex_Object__PARAMS__C                         
000072a4  ti_sysbios_knl_Queue_Object__PARAMS__C                               
000072bc  GPIOTiva_config                                                      
000072d0  xdc_runtime_Startup_firstFxns__A                                     
000072e4  xdc_runtime_Startup_sfxnRts__A                                       
00007304  ti_sysbios_family_arm_m3_Hwi_excHookFuncs__A                         
0000730c  ti_sysbios_knl_Idle_funcList__C                                      
00007314  xdc_runtime_Startup_firstFxns__C                                     
0000731c  xdc_runtime_Startup_lastFxns__C                                      
00007324  ti_catalog_arm_cortexm4_tiva_ce_Boot_A_mustNotUseEnhancedClockMode__C
00007328  ti_catalog_arm_cortexm4_tiva_ce_Boot_Module__diagsEnabled__C         
0000732c  ti_catalog_arm_cortexm4_tiva_ce_Boot_Module__diagsIncluded__C        
00007330  ti_catalog_arm_cortexm4_tiva_ce_Boot_Module__diagsMask__C            
00007334  ti_sysbios_family_arm_lm4_Timer_enableFunc__C                        
00007338  ti_sysbios_family_arm_lm4_Timer_numTimerDevices__C                   
0000733c  ti_sysbios_family_arm_lm4_Timer_startupNeeded__C                     
00007340  ti_sysbios_family_arm_m3_Hwi_E_NMI__C                                
00007344  ti_sysbios_family_arm_m3_Hwi_E_alreadyDefined__C                     
00007348  ti_sysbios_family_arm_m3_Hwi_E_busFault__C                           
0000734c  ti_sysbios_family_arm_m3_Hwi_E_debugMon__C                           
00007350  ti_sysbios_family_arm_m3_Hwi_E_hardFault__C                          
00007354  ti_sysbios_family_arm_m3_Hwi_E_memFault__C                           
00007358  ti_sysbios_family_arm_m3_Hwi_E_noIsr__C                              
0000735c  ti_sysbios_family_arm_m3_Hwi_E_reserved__C                           
00007360  ti_sysbios_family_arm_m3_Hwi_E_svCall__C                             
00007364  ti_sysbios_family_arm_m3_Hwi_E_usageFault__C                         
00007368  ti_sysbios_family_arm_m3_Hwi_NUM_INTERRUPTS__C                       
0000736c  ti_sysbios_family_arm_m3_Hwi_Object__count__C                        
00007370  ti_sysbios_family_arm_m3_Hwi_ccr__C                                  
00007374  ti_sysbios_family_arm_m3_Hwi_excHandlerFunc__C                       
00007378  ti_sysbios_family_arm_m3_Hwi_excHookFuncs__C                         
0000737c  ti_sysbios_family_arm_m3_Hwi_nullIsrFunc__C                          
00007380  ti_sysbios_family_arm_m3_Hwi_priGroup__C                             
00007384  ti_sysbios_family_arm_m3_TaskSupport_stackAlignment__C               
00007388  ti_sysbios_gates_GateMutex_Instance_State_sem__O                     
0000738c  ti_sysbios_heaps_HeapMem_E_memory__C                                 
00007390  ti_sysbios_heaps_HeapMem_Module__gateObj__C                          
00007394  ti_sysbios_heaps_HeapMem_Object__count__C                            
00007398  ti_sysbios_heaps_HeapMem_reqAlign__C                                 
0000739c  ti_sysbios_knl_Clock_Module_State_clockQ__O                          
000073a0  ti_sysbios_knl_Semaphore_Instance_State_pendQ__O                     
000073a4  ti_sysbios_knl_Swi_Object__count__C                                  
000073a8  ti_sysbios_knl_Task_Module_State_inactiveQ__O                        
000073ac  ti_sysbios_knl_Task_Object__count__C                                 
000073b0  ti_sysbios_knl_Task_allBlockedFunc__C                                
000073b4  ti_sysbios_knl_Task_defaultStackHeap__C                              
000073b8  ti_sysbios_knl_Task_defaultStackSize__C                              
000073bc  ti_sysbios_knl_Task_numConstructedTasks__C                           
000073c0  xdc_runtime_Assert_E_assertFailed__C                                 
000073c4  xdc_runtime_Core_A_initializedParams__C                              
000073c8  xdc_runtime_Core_Module__diagsEnabled__C                             
000073cc  xdc_runtime_Core_Module__diagsIncluded__C                            
000073d0  xdc_runtime_Core_Module__diagsMask__C                                
000073d4  xdc_runtime_Error_E_memory__C                                        
000073d8  xdc_runtime_Error_Module__diagsEnabled__C                            
000073dc  xdc_runtime_Error_Module__diagsIncluded__C                           
000073e0  xdc_runtime_Error_Module__diagsMask__C                               
000073e4  xdc_runtime_Error_Module__loggerFxn8__C                              
000073e8  xdc_runtime_Error_Module__loggerObj__C                               
000073ec  xdc_runtime_Error_policyFxn__C                                       
000073f0  xdc_runtime_Error_raiseHook__C                                       
000073f4  xdc_runtime_IGateProvider_Interface__BASE__C                         
000073f8  xdc_runtime_IHeap_Interface__BASE__C                                 
000073fc  xdc_runtime_IModule_Interface__BASE__C                               
00007400  xdc_runtime_Log_L_error__C                                           
00007404  xdc_runtime_Memory_defaultHeapInstance__C                            
00007408  xdc_runtime_Startup_execImpl__C                                      
0000740c  xdc_runtime_Startup_maxPasses__C                                     
00007410  xdc_runtime_Startup_sfxnRts__C                                       
00007414  xdc_runtime_Startup_sfxnTab__C                                       
00007418  xdc_runtime_SysMin_bufSize__C                                        
0000741c  xdc_runtime_SysMin_outputFunc__C                                     
00007420  xdc_runtime_System_Module__gateObj__C                                
00007424  xdc_runtime_System_abortFxn__C                                       
00007428  xdc_runtime_System_exitFxn__C                                        
0000742c  xdc_runtime_System_extendFxn__C                                      
00007430  xdc_runtime_System_maxAtexitHandlers__C                              
00007434  xdc_runtime_Text_charTab__C                                          
00007438  xdc_runtime_Text_nameEmpty__C                                        
0000743c  xdc_runtime_Text_nameStatic__C                                       
00007440  xdc_runtime_Text_nameUnknown__C                                      
00007444  xdc_runtime_Text_nodeTab__C                                          
00007448  xdc_runtime_Text_visitRopeFxn__C                                     
0000744c  ti_catalog_arm_cortexm4_tiva_ce_Boot_Module__id__C                   
0000744e  ti_sysbios_family_arm_m3_Hwi_Module__id__C                           
00007450  ti_sysbios_heaps_HeapMem_Module__id__C                               
00007452  xdc_runtime_Core_Module__id__C                                       
00007454  xdc_runtime_Error_Module__loggerDefined__C                           
00007456  xdc_runtime_Error_maxDepth__C                                        
00007458  xdc_runtime_Memory_Module__id__C                                     
0000745a  xdc_runtime_SysMin_flushAtExit__C                                    
0000745c  xdc_runtime_Text_charCnt__C                                          
0000745e  xdc_runtime_Text_isLoaded__C                                         
00007460  xdc_runtime_Text_registryModsLastId__C                               
00007462  xdc_runtime_Text_unnamedModsLastId__C                                
00007464  xdc_runtime_Error_policy__C                                          
00007468  __TI_static_base__                                                   
00007620  __TI_Handler_Table_Base                                              
0000762c  __TI_Handler_Table_Limit                                             
00007640  __TI_CINIT_Base                                                      
00007658  __TI_CINIT_Limit                                                     
20000000  __start___llvm_prf_cnts                                              
20000000  __stop___llvm_prf_cnts                                               
20000000  ti_sysbios_family_arm_m3_Hwi_ramVectors                              
20000360  ti_sysbios_heaps_HeapMem_Instance_State_0_buf__A                     
20000760  ti_sysbios_family_arm_m3_Hwi_dispatchTable                           
20000ac0  task0Stack                                                           
20000cc0  i2cTivaObjects                                                       
20000e40  __CIOBUF_                                                            
20000ff0  xdc_runtime_SysMin_Module_State_0_outbuf__A                          
20001070  task0Struct                                                          
200010c0  parmbuf                                                              
200010c8  g_ui32SysClock                                                       
200010d0  ti_sysbios_knl_Swi_Module_State_0_readyQ__A                          
20001150  ti_sysbios_knl_Task_Module_State_0_readyQ__A                         
200011d0  ti_sysbios_knl_Task_Module__state__V                                 
20001214  ti_sysbios_family_arm_lm4_Timer_Module_State_0_device__A             
20001254  ti_sysbios_family_arm_lm4_Timer_Object__table__V                     
20001294  ti_sysbios_gates_GateMutex_Object__table__V                          
200012cc  ti_sysbios_family_arm_m3_Hwi_Module__state__V                        
20001300  ti_sysbios_knl_Swi_Object__table__V                                  
20001330  ti_sysbios_knl_Clock_Module__state__V                                
2000135c  ti_sysbios_BIOS_Module__state__V                                     
20001380  ti_sysbios_family_arm_lm4_Timer_Module_State_0_handles__A            
200013a0  ti_sysbios_knl_Swi_Module__state__V                                  
200013bc  ti_sysbios_family_arm_m3_Hwi_Object__table__V                        
200013d4  ti_sysbios_heaps_HeapMem_Object__table__V                            
200013ec  gpioPinConfigs                                                       
200013fc  ti_sysbios_family_arm_lm4_Timer_Module__state__V                     
20001408  xdc_runtime_SysMin_Module__state__V                                  
20001414  _lock                                                                
20001418  _unlock                                                              
2000141c  gpioCallbackFunctions                                                
20001424  ti_sysbios_family_arm_m3_Hwi_Module__root__V                         
2000142c  ti_sysbios_gates_GateHwi_Module__root__V                             
20001434  ti_sysbios_gates_GateMutex_Module__root__V                           
2000143c  ti_sysbios_heaps_HeapMem_Module__root__V                             
20001444  ti_sysbios_knl_Queue_Module__root__V                                 
2000144c  ti_sysbios_knl_Semaphore_Module__root__V                             
20001454  ti_sysbios_knl_Task_Module__root__V                                  
2000145c  xdc_runtime_Registry_Module__state__V                                
20001464  xdc_runtime_Startup_Module__state__V                                 
2000146c  xdc_runtime_System_Module_State_0_atexitHandlers__A                  
20001474  xdc_runtime_System_Module__state__V                                  
20001482  ti_sysbios_family_arm_m3_Hwi_Module_State_0_excActive__A             
20001488  main_func_sp                                                         
2000148c  ti_sysbios_family_arm_m3_Hwi_Module_State_0_excContext__A            
20001490  ti_sysbios_family_arm_m3_Hwi_Module_State_0_excStack__A              
20001494  ti_sysbios_gates_GateHwi_Object__table__V                            
20001498  ti_sysbios_knl_Task_Module_State_0_idleTask__A                       
2000149c  xdc_runtime_Memory_Module__state__V                                  
200014a0  xdc_runtime_Error_Module__state__V                                   
200014a8  __stack                                                              
200017a8  __STACK_END                                                          
e000e000  ti_sysbios_family_arm_m3_Hwi_nvic                                    
ffffffff  __TI_pprof_out_hndl                                                  
ffffffff  __TI_prof_data_size                                                  
ffffffff  __TI_prof_data_start                                                 
ffffffff  __binit__                                                            
ffffffff  __c_args__                                                           
ffffffff  binit                                                                
UNDEFED   SHT$$INIT_ARRAY$$Base                                                
UNDEFED   SHT$$INIT_ARRAY$$Limit                                               

[534 symbols]
