******************************************************************************
                  TI ARM Linker PC v20.2.7                     
******************************************************************************
>> Linked Sat May 27 13:08:17 2023

OUTPUT FILE NAME:   <empty_min_EK_TM4C1294XL_TI.out>
ENTRY POINT SYMBOL: "_c_int00"  address: 00005c7d


MEMORY CONFIGURATION

         name            origin    length      used     unused   attr    fill
----------------------  --------  ---------  --------  --------  ----  --------
  FLASH                 00000000   00100000  0000e3a2  000f1c5e  R  X
  SRAM                  20000000   00040000  00002330  0003dcd0  RW X


SEGMENT ALLOCATION MAP

run origin  load origin   length   init length attrs members
----------  ----------- ---------- ----------- ----- -------
00000000    00000000    0000e3a8   0000e3a8    r-x
  00000000    00000000    0000003c   0000003c    r-- .resetVecs
  00000040    00000040    00007e8a   00007e8a    r-x .text
  00007ecc    00007ecc    0000615c   0000615c    r-- .const
  0000e028    0000e028    00000380   00000380    r-- .cinit
20000000    20000000    00000360   00000000    rw-
  20000000    20000000    00000360   00000000    rw- .vecs
20000400    20000400    00001fd0   00000000    rw-
  20000400    20000400    00001414   00000000    rw- .bss
  20001814    20001814    000008bc   00000000    rw- .data
  200020d0    200020d0    00000300   00000000    rw- .stack


SECTION ALLOCATION MAP

 output                                  attributes/
section   page    origin      length       input sections
--------  ----  ----------  ----------   ----------------
.text      0    00000040    00007e8a     
                  00000040    00000438     ustdlib.obj (.text:uvsnprintf)
                  00000478    00000430     sysbios.aem4f : BIOS.obj (.text:ti_sysbios_family_arm_m3_Hwi_excDumpRegs__I)
                  000008a8    00000374     grlib.lib : image.obj (.text:InternalImageDraw)
                  00000c1c    0000034c     ti.targets.arm.rtsarm.aem4f : System.oem4f (.text:xdc_runtime_System_doPrint__I)
                  00000f68    000002dc     grlib.lib : image.obj (.text:PixelTransparentDraw)
                  00001244    000002c8               : slider.obj (.text:SliderPaint)
                  0000150c    00000252               : string.obj (.text:GrFontGlyphRender)
                  0000175e    00000002     rtsv7M4_T_le_v4SPD16_eabi.lib : _lock.c.obj (.text:_nop)
                  00001760    00000204     Boot.aem4f : Boot_sysctl.oem4f (.text:ti_catalog_arm_cortexm4_tiva_ce_Boot_sysCtlClockFreqSetI__I)
                  00001964    00000200     driverlib.lib : sysctl.obj (.text:SysCtlClockFreqSet)
                  00001b64    00000004     grlib.lib : widget.obj (.text:WidgetDefaultMsgProc)
                  00001b68    000001f4     sysbios.aem4f : BIOS.obj (.text:ti_sysbios_family_arm_m3_Hwi_excHandlerMax__I)
                  00001d5c    000001e4     Kentec320x240x16_ssd2119_spi.obj (.text:Kentec320x240x16_SSD2119Init)
                  00001f40    000001dc     Kentec320x240x16_ssd2119_spi.obj (.text:Kentec320x240x16_SSD2119PixelDrawMultiple)
                  0000211c    000001c4     empty_min.obj (.text:initLCD)
                  000022e0    000001b0     empty_min.obj (.text:OnMainPanel)
                  00002490    00000190     grlib.lib : canvas.obj (.text:CanvasPaint)
                  00002620    0000017e               : pushbutton.obj (.text:RectangularButtonPaint)
                  0000279e    00000002     rtsv7M4_T_le_v4SPD16_eabi.lib : div0.asm.obj (.text)
                  000027a0    00000174     sysbios.aem4f : BIOS.obj (.text:ti_sysbios_family_arm_m3_Hwi_excBusFault__I)
                  00002914    00000004     rtsv7M4_T_le_v4SPD16_eabi.lib : exit.c.obj (.text:abort:abort)
                  00002918    00000164     sysbios.aem4f : BIOS.obj (.text:ti_sysbios_family_arm_m3_Hwi_excUsageFault__I)
                  00002a7c    0000015c     empty_min.obj (.text:OnControlPanel)
                  00002bd8    0000015c     empty_min.obj (.text:OnOptionPanel)
                  00002d34    00000004     empty_min_pem4f.oem4f (.text:ti_sysbios_BIOS_RtsGateProxy_enter__E)
                  00002d38    00000154     sysbios.aem4f : BIOS.obj (.text:ti_sysbios_knl_Semaphore_pend__E)
                  00002e8c    00000150     drivers_tivaware.aem4f : GPIOTiva.oem4f (.text:GPIO_setConfig)
                  00002fdc    00000004     empty_min_pem4f.oem4f (.text:ti_sysbios_BIOS_RtsGateProxy_leave__E)
                  00002fe0    00000148     sysbios.aem4f : BIOS.obj (.text:ti_sysbios_family_arm_m3_Hwi_excMemFault__I)
                  00003128    00000140     empty_min.obj (.text:IntroWid)
                  00003268    00000132     driverlib.lib : gpio.obj (.text:GPIOPadConfigSet)
                  0000339a    00000002     empty_min_pem4f.oem4f (.text:ti_sysbios_BIOS_nullFunc__I)
                  0000339c    00000118     ti.targets.arm.rtsarm.aem4f : Error.oem4f (.text:xdc_runtime_Error_policyDefault__E)
                  000034b4    0000010c     Kentec320x240x16_ssd2119_spi.obj (.text:Kentec320x240x16_SSD2119RectFill)
                  000035c0    00000108     sysbios.aem4f : BIOS.obj (.text:ti_sysbios_family_arm_lm4_Timer_start__E)
                  000036c8    00000100     ti.targets.arm.rtsarm.aem4f : Core-mem.oem4f (.text:xdc_runtime_Core_createObject__I)
                  000037c8    000000f8                                 : Startup.oem4f (.text:xdc_runtime_Startup_startMods__I)
                  000038c0    000000f8     empty_min_pem4f.oem4f (.text:xdc_runtime_System_printfExtend__I)
                  000039b8    000000f4     sysbios.aem4f : m3_Hwi_asm.obj (.text:ti_sysbios_family_arm_m3_Hwi_dispatch__I)
                  00003aac    000000f2     grlib.lib : pushbutton.obj (.text:RectangularButtonClick)
                  00003b9e    00000002     empty_min_pem4f.oem4f (.text:xdc_runtime_Startup_reset__I)
                  00003ba0    000000e8     grlib.lib : widget.obj (.text:WidgetMessageQueueAdd)
                  00003c88    000000dc     sysbios.aem4f : BIOS.obj (.text:ti_sysbios_knl_Task_sleep__E)
                  00003d64    000000da     grlib.lib : slider.obj (.text:SliderClick)
                  00003e3e    00000002     --HOLE-- [fill = 0]
                  00003e40    000000d4     sysbios.aem4f : BIOS.obj (.text:ti_sysbios_heaps_HeapMem_alloc__E)
                  00003f14    00000004                   : BIOS.obj (.text:ti_sysbios_family_arm_lm4_Timer_masterEnable__I)
                  00003f18    000000cc                   : BIOS.obj (.text:ti_sysbios_knl_Task_Instance_init__E)
                  00003fe4    000000cc     ti.targets.arm.rtsarm.aem4f : Core-smem.oem4f (.text:xdc_runtime_Core_constructObject__I)
                  000040b0    000000c0     grlib.lib : string.obj (.text:GrDefaultStringRenderer)
                  00004170    000000bc     sysbios.aem4f : BIOS.obj (.text:ti_sysbios_family_arm_m3_Hwi_excDebugMon__I)
                  0000422c    00000004     empty_min_pem4f.oem4f (.text:ti_sysbios_family_arm_m3_TaskSupport_Module__startupDone__S)
                  00004230    000000bc     sysbios.aem4f : BIOS.obj (.text:ti_sysbios_family_arm_m3_Hwi_excHardFault__I)
                  000042ec    00000004     empty_min_pem4f.oem4f (.text:ti_sysbios_heaps_HeapMem_Module_GateProxy_enter__E)
                  000042f0    000000bc     sysbios.aem4f : BIOS.obj (.text:ti_sysbios_knl_Task_Instance_finalize__E)
                  000043ac    000000b8     EK_TM4C1294XL.obj (.text:EK_TM4C1294XL_initGeneral)
                  00004464    000000b8     Kentec320x240x16_ssd2119_spi.obj (.text:InitSPILCDInterface)
                  0000451c    000000b4     empty_min.obj (.text:OnOption)
                  000045d0    000000b4     grlib.lib : widget.obj (.text:WidgetMessageSendPostOrder)
                  00004684    000000b4     empty_min.obj (.text:initThread)
                  00004738    000000b0     grlib.lib : slider.obj (.text:SliderValueToPosition)
                  000047e8    000000ac     sysbios.aem4f : BIOS.obj (.text:ti_sysbios_family_arm_lm4_Timer_enableTiva__I)
                  00004894    000000a0     auto_init.aem4f : auto_init.oem4f (.text)
                  00004934    000000a0     ti.targets.arm.rtsarm.aem4f : Text.oem4f (.text:xdc_runtime_Text_putMod__E)
                  000049d4    0000009c     rtsv7M4_T_le_v4SPD16_eabi.lib : memcpy_t2.asm.obj (.text)
                  00004a70    0000009a     ti.targets.arm.rtsarm.aem4f : Text.oem4f (.text:xdc_runtime_Text_putSite__E)
                  00004b0a    00000002     --HOLE-- [fill = 0]
                  00004b0c    00000098     Boot.aem4f : Boot.oem4f (.text:ti_catalog_arm_cortexm4_tiva_ce_Boot_sysCtlClockFreqSet__E)
                  00004ba4    00000004     empty_min_pem4f.oem4f (.text:ti_sysbios_heaps_HeapMem_Module_GateProxy_leave__E)
                  00004ba8    00000094     sysbios.aem4f : BIOS.obj (.text:ti_sysbios_family_arm_m3_Hwi_Instance_init__E)
                  00004c3c    00000004     empty_min_pem4f.oem4f (.text:ti_sysbios_knl_Clock_TimerProxy_getMaxTicks__E)
                  00004c40    00000094     sysbios.aem4f : BIOS.obj (.text:ti_sysbios_family_arm_m3_Hwi_initNVIC__E)
                  00004cd4    00000004     empty_min_pem4f.oem4f (.text:ti_sysbios_knl_Queue_destruct)
                  00004cd8    00000094     sysbios.aem4f : BIOS.obj (.text:ti_sysbios_knl_Task_postInit__I)
                  00004d6c    0000008c     drivers_tivaware.aem4f : GPIOTiva.oem4f (.text:GPIO_init)
                  00004df8    0000008c     sysbios.aem4f : m3_TaskSupport_asm.obj (.text:ti_sysbios_family_arm_m3_TaskSupport_buildTaskStack)
                  00004e84    00000086     grlib.lib : rectangle.obj (.text:GrRectFill)
                  00004f0a    00000006     driverlib.lib : gpio.obj (.text:GPIOIntClear)
                  00004f10    00000084     sysbios.aem4f : BIOS.obj (.text:ti_sysbios_family_arm_m3_Hwi_postInit__I)
                  00004f94    00000004     empty_min_pem4f.oem4f (.text:ti_sysbios_knl_Semaphore_destruct)
                  00004f98    0000007c     sysbios.aem4f : BIOS.obj (.text:ti_sysbios_heaps_HeapMem_free__E)
                  00005014    0000007a     rtsv7M4_T_le_v4SPD16_eabi.lib : memset_t2.asm.obj (.text)
                  0000508e    00000002     --HOLE-- [fill = 0]
                  00005090    00000070     sysbios.aem4f : BIOS.obj (.text:ti_sysbios_knl_Clock_workFunc__E)
                  00005100    00000070                   : BIOS.obj (.text:ti_sysbios_knl_Task_exit__E)
                  00005170    0000006e     grlib.lib : rectangle.obj (.text:GrRectIntersectGet)
                  000051de    00000002     --HOLE-- [fill = 0]
                  000051e0    0000006d     ti.targets.arm.rtsarm.aem4f : System.oem4f (.text:xdc_runtime_System_formatNum__I)
                  0000524d    00000003     --HOLE-- [fill = 0]
                  00005250    0000006c     sysbios.aem4f : BIOS.obj (.text:ti_sysbios_knl_Swi_restoreHwi__E)
                  000052bc    0000006c     ti.targets.arm.rtsarm.aem4f : Error.oem4f (.text:xdc_runtime_Error_print__E)
                  00005328    0000006c                                 : Memory.oem4f (.text:xdc_runtime_Memory_alloc__E)
                  00005394    00000068     grlib.lib : context.obj (.text:GrContextInit)
                  000053fc    00000068               : string.obj (.text:GrStringWidthGet)
                  00005464    00000068     Kentec320x240x16_ssd2119_spi.obj (.text:Kentec320x240x16_SSD2119LineDrawH)
                  000054cc    00000068     Kentec320x240x16_ssd2119_spi.obj (.text:Kentec320x240x16_SSD2119LineDrawV)
                  00005534    00000068     rtsv7M4_T_le_v4SPD16_eabi.lib : copy_decompress_lzss.c.obj (.text:decompress:lzss:__TI_decompress_lzss)
                  0000559c    00000066     grlib.lib : context.obj (.text:GrContextClipRegionSet)
                  00005602    00000066               : rectangle.obj (.text:GrRectDraw)
                  00005668    00000066     ti.targets.arm.rtsarm.aem4f : Core-mem.oem4f (.text:xdc_runtime_Core_deleteObject__I)
                  000056ce    00000002     --HOLE-- [fill = 0]
                  000056d0    00000064     drivers_tivaware.aem4f : GPIOTiva.oem4f (.text:GPIO_hwiIntFxn)
                  00005734    00000004     ti.targets.arm.rtsarm.aem4f : Error.oem4f (.text:xdc_runtime_Error_getSite__E)
                  00005738    00000064     sysbios.aem4f : BIOS.obj (.text:ti_sysbios_family_arm_lm4_Timer_Module_startup__E)
                  0000579c    00000064     empty_min_pem4f.oem4f (.text:ti_sysbios_family_arm_m3_Hwi_create)
                  00005800    00000064     sysbios.aem4f : BIOS.obj (.text:ti_sysbios_family_arm_m3_Hwi_dispatchC__I)
                  00005864    00000004     empty_min_pem4f.oem4f (.text:xdc_runtime_System_Module_GateProxy_enter__E)
                  00005868    00000064     sysbios.aem4f : BIOS.obj (.text:ti_sysbios_knl_Semaphore_post__E)
                  000058cc    00000060     grlib.lib : widget.obj (.text:WidgetMessageQueueProcess)
                  0000592c    00000060     Kentec320x240x16_ssd2119_spi.obj (.text:WriteDataSPI)
                  0000598c    0000005e     grlib.lib : widget.obj (.text:WidgetMessageSendPreOrder)
                  000059ea    00000002     --HOLE-- [fill = 0]
                  000059ec    0000005c     Kentec320x240x16_ssd2119_spi.obj (.text:WriteCommandSPI)
                  00005a48    0000005c     sysbios.aem4f : BIOS.obj (.text:ti_sysbios_knl_Swi_run__I)
                  00005aa4    00000004     empty_min_pem4f.oem4f (.text:xdc_runtime_System_Module_GateProxy_leave__E)
                  00005aa8    0000005c     sysbios.aem4f : BIOS.obj (.text:ti_sysbios_knl_Swi_schedule__I)
                  00005b04    00000004     ti.targets.arm.rtsarm.aem4f : System.oem4f (.text:xdc_runtime_System_aprintf_va__F)
                  00005b08    0000005c     sysbios.aem4f : BIOS.obj (.text:ti_sysbios_knl_Task_Module_startup__E)
                  00005b64    00000004     ti.targets.arm.rtsarm.aem4f : System.oem4f (.text:xdc_runtime_System_printf_va__F)
                  00005b68    0000005c     sysbios.aem4f : BIOS.obj (.text:ti_sysbios_knl_Task_startCore__E)
                  00005bc4    0000005b     ti.targets.arm.rtsarm.aem4f : Text.oem4f (.text:xdc_runtime_Text_putLab__E)
                  00005c1f    00000001     --HOLE-- [fill = 0]
                  00005c20    0000005a     grlib.lib : string.obj (.text:FontWideGlyphDataGet)
                  00005c7a    00000002     --HOLE-- [fill = 0]
                  00005c7c    00000058     boot.aem4f : boot.oem4f (.text)
                  00005cd4    00000058     rtsv7M4_T_le_v4SPD16_eabi.lib : hostwrite.c.obj (.text:HOSTwrite)
                  00005d2c    00000058     grlib.lib : slider.obj (.text:SliderPositionToValue)
                  00005d84    00000058     sysbios.aem4f : m3_Hwi_asm_switch.obj (.text:ti_sysbios_family_arm_m3_Hwi_initStacks__E)
                  00005ddc    00000058     ustdlib.obj (.text:ustrncpy)
                  00005e34    00000056     driverlib.lib : gpio.obj (.text:GPIOIntTypeSet)
                  00005e8a    00000002     --HOLE-- [fill = 0]
                  00005e8c    00000054     empty_min.obj (.text:clk1Fxn)
                  00005ee0    00000054     sysbios.aem4f : BIOS.obj (.text:ti_sysbios_family_arm_lm4_Timer_initDevice__I)
                  00005f34    00000054     empty_min_pem4f.oem4f (.text:ti_sysbios_knl_Task_construct)
                  00005f88    00000054     ti.targets.arm.rtsarm.aem4f : Assert.oem4f (.text:xdc_runtime_Assert_raise__I)
                  00005fdc    00000050     drivers_tivaware.aem4f : GPIOTiva.oem4f (.text:GPIO_setCallback)
                  0000602c    00000050                            : GPIOTiva.oem4f (.text:GPIO_toggle)
                  0000607c    00000050                            : GPIOTiva.oem4f (.text:GPIO_write)
                  000060cc    00000050     Boot.aem4f : Boot_sysctl.oem4f (.text:_SysCtlFrequencyGet)
                  0000611c    00000004     --HOLE-- [fill = 0]
                  00006120    00000050     sysbios.aem4f : BIOS.obj (.text:ti_sysbios_family_arm_m3_Hwi_Module_startup__E)
                  00006170    00000050                   : BIOS.obj (.text:ti_sysbios_knl_Clock_Instance_init__E)
                  000061c0    00000050     ti.targets.arm.rtsarm.aem4f : Startup.oem4f (.text:xdc_runtime_Startup_exec__E)
                  00006210    00000050                                 : Text.oem4f (.text:xdc_runtime_Text_visitRope2__I)
                  00006260    0000004c     grlib.lib : widget.obj (.text:WidgetRemove)
                  000062ac    0000004c     rtsv7M4_T_le_v4SPD16_eabi.lib : cpy_tbl.c.obj (.text:copy_in)
                  000062f8    0000004c     sysbios.aem4f : BIOS.obj (.text:ti_sysbios_heaps_HeapMem_getStats__E)
                  00006344    00000004     --HOLE-- [fill = 0]
                  00006348    0000004c                   : BIOS.obj (.text:ti_sysbios_knl_Swi_runLoop__I)
                  00006394    00000004     --HOLE-- [fill = 0]
                  00006398    0000004c                   : BIOS.obj (.text:ti_sysbios_knl_Task_allBlockedFunction__I)
                  000063e4    00000004     --HOLE-- [fill = 0]
                  000063e8    0000004c                   : BIOS.obj (.text:ti_sysbios_knl_Task_schedule__I)
                  00006434    0000004a     grlib.lib : string.obj (.text:UpdateContextCharMapping)
                  0000647e    00000002     --HOLE-- [fill = 0]
                  00006480    00000048     driverlib.lib : gpio.obj (.text:GPIOPinConfigure)
                  000064c8    00000048                   : sysctl.obj (.text:_SysCtlFrequencyGet)
                  00006510    00000048     sysbios.aem4f : BIOS.obj (.text:ti_sysbios_family_arm_lm4_Timer_enableTimers__I)
                  00006558    00000048                   : BIOS.obj (.text:ti_sysbios_family_arm_m3_Hwi_disableInterrupt__E)
                  000065a0    00000048                   : BIOS.obj (.text:ti_sysbios_family_arm_m3_Hwi_enableInterrupt__E)
                  000065e8    00000048                   : BIOS.obj (.text:ti_sysbios_family_arm_m3_Hwi_excReserved__I)
                  00006630    00000046     grlib.lib : line.obj (.text:GrLineDrawH)
                  00006676    00000046               : line.obj (.text:GrLineDrawV)
                  000066bc    00000046     Kentec320x240x16_ssd2119_spi.obj (.text:Kentec320x240x16_SSD2119PixelDraw)
                  00006702    00000046     ti.targets.arm.rtsarm.aem4f : Core-params.oem4f (.text:xdc_runtime_Core_assignParams__I)
                  00006748    00000044     sysbios.aem4f : BIOS.obj (.text:ti_sysbios_family_arm_lm4_Timer_isrStub__E)
                  0000678c    00000004     --HOLE-- [fill = 0]
                  00006790    00000044                   : BIOS.obj (.text:ti_sysbios_family_arm_m3_Hwi_getStackInfo__E)
                  000067d4    00000004     --HOLE-- [fill = 0]
                  000067d8    00000044                   : BIOS.obj (.text:ti_sysbios_knl_Swi_post__E)
                  0000681c    00000044     ti.targets.arm.rtsarm.aem4f : Error.oem4f (.text:xdc_runtime_Error_setX__E)
                  00006860    00000044                                 : SysMin.oem4f (.text:xdc_runtime_SysMin_flush__E)
                  000068a4    00000044                                 : Text.oem4f (.text:xdc_runtime_Text_xprintf__I)
                  000068e8    00000040     rtsv7M4_T_le_v4SPD16_eabi.lib : u_divt2.asm.obj (.text)
                  00006928    00000040     sysbios.aem4f : BIOS.obj (.text:ti_sysbios_family_arm_lm4_Timer_startup__E)
                  00006968    00000040                   : BIOS.obj (.text:ti_sysbios_heaps_HeapMem_Instance_init__E)
                  000069a8    0000003c     grlib.lib : string.obj (.text:FontGlyphDataGet)
                  000069e4    0000003c     driverlib.lib : ssi.obj (.text:SSIConfigSetExpClk)
                  00006a20    0000003c     sysbios.aem4f : BIOS.obj (.text:ti_sysbios_family_arm_m3_Hwi_excSvCall__I)
                  00006a5c    00000004     --HOLE-- [fill = 0]
                  00006a60    0000003c                   : BIOS.obj (.text:ti_sysbios_heaps_HeapMem_init__I)
                  00006a9c    00000004     --HOLE-- [fill = 0]
                  00006aa0    0000003c                   : BIOS.obj (.text:ti_sysbios_knl_Swi_restore__E)
                  00006adc    00000038     grlib.lib : rectangle.obj (.text:GrRectOverlapCheck)
                  00006b14    00000038     empty_min.obj (.text:Testing)
                  00006b4c    00000038     rtsv7M4_T_le_v4SPD16_eabi.lib : trgmsg.c.obj (.text:__TI_writemsg)
                  00006b84    00000038     empty_min.obj (.text:gpioButtonFxn0)
                  00006bbc    00000004     --HOLE-- [fill = 0]
                  00006bc0    00000038     sysbios.aem4f : BIOS.obj (.text:ti_sysbios_family_arm_m3_Hwi_excNoIsr__I)
                  00006bf8    00000038                   : BIOS.obj (.text:ti_sysbios_knl_Task_processVitalTaskFlag__I)
                  00006c30    00000038     ti.targets.arm.rtsarm.aem4f : SysMin.oem4f (.text:xdc_runtime_SysMin_putch__E)
                  00006c68    00000038                                 : System.oem4f (.text:xdc_runtime_System_atexit__E)
                  00006ca0    00000034     driverlib.lib : sysctl.obj (.text:SysCtlPeripheralEnable)
                  00006cd4    00000034     rtsv7M4_T_le_v4SPD16_eabi.lib : trgmsg.c.obj (.text:__TI_readmsg)
                  00006d08    00000034     sysbios.aem4f : BIOS.obj (.text:ti_sysbios_family_arm_m3_Hwi_Instance_finalize__E)
                  00006d3c    00000004     --HOLE-- [fill = 0]
                  00006d40    00000034                   : BIOS.obj (.text:ti_sysbios_family_arm_m3_Hwi_excNmi__I)
                  00006d74    00000034     empty_min_pem4f.oem4f (.text:ti_sysbios_knl_Clock_construct)
                  00006da8    00000034     ti.targets.arm.rtsarm.aem4f : Core-label.oem4f (.text:xdc_runtime_Core_assignLabel__I)
                  00006ddc    00000033                                 : Text.oem4f (.text:xdc_runtime_Text_printVisFxn__I)
                  00006e0f    00000001     --HOLE-- [fill = 0]
                  00006e10    00000032     sysbios.aem4f : BIOS.obj (.text:ti_sysbios_hal_Hwi_initStack)
                  00006e42    00000032     ustdlib.obj (.text:usprintf)
                  00006e74    00000030     drivers_tivaware.aem4f : GPIOTiva.oem4f (.text:GPIO_enableInt)
                  00006ea4    00000030     empty_min_pem4f.oem4f (.text:ti_sysbios_BIOS_atExitFunc__I)
                  00006ed4    00000004     --HOLE-- [fill = 0]
                  00006ed8    00000030     sysbios.aem4f : BIOS.obj (.text:ti_sysbios_family_arm_lm4_Timer_stop__E)
                  00006f08    00000030                   : BIOS.obj (.text:ti_sysbios_family_arm_m3_TaskSupport_start__E)
                  00006f38    00000030     empty_min_pem4f.oem4f (.text:ti_sysbios_gates_GateHwi_Object__create__S)
                  00006f68    00000030     empty_min_pem4f.oem4f (.text:ti_sysbios_gates_GateMutex_Object__create__S)
                  00006f98    00000030     sysbios.aem4f : BIOS.obj (.text:ti_sysbios_gates_GateMutex_enter__E)
                  00006fc8    00000030     empty_min_pem4f.oem4f (.text:ti_sysbios_heaps_HeapMem_Object__create__S)
                  00006ff8    00000030     empty_min_pem4f.oem4f (.text:ti_sysbios_knl_Semaphore_construct)
                  00007028    00000030     sysbios.aem4f : BIOS.obj (.text:ti_sysbios_knl_Semaphore_pendTimeout__I)
                  00007058    00000030                   : BIOS.obj (.text:ti_sysbios_knl_Task_unblockI__E)
                  00007088    00000030     ti.targets.arm.rtsarm.aem4f : SysMin.oem4f (.text:xdc_runtime_SysMin_abort__E)
                  000070b8    00000030                                 : System.oem4f (.text:xdc_runtime_System_processAtExit__E)
                  000070e8    0000002e     grlib.lib : string.obj (.text:GrStringNextCharGet)
                  00007116    0000002c               : string.obj (.text:GrFontBaselineGet)
                  00007142    0000002c               : string.obj (.text:GrFontHeightGet)
                  0000716e    0000002c               : pushbutton.obj (.text:RectangularButtonMsgProc)
                  0000719a    0000002c               : slider.obj (.text:SliderMsgProc)
                  000071c6    0000002c               : widget.obj (.text:WidgetIsInTree)
                  000071f2    00000002     --HOLE-- [fill = 0]
                  000071f4    0000002c     empty_min_pem4f.oem4f (.text:ti_sysbios_knl_Clock_doTick__I)
                  00007220    0000002c     empty_min_pem4f.oem4f (.text:ti_sysbios_knl_Queue_construct)
                  0000724c    00000004     --HOLE-- [fill = 0]
                  00007250    0000002c     sysbios.aem4f : BIOS.obj (.text:ti_sysbios_knl_Task_restore__E)
                  0000727c    0000002c     ti.targets.arm.rtsarm.aem4f : Text.oem4f (.text:xdc_runtime_Text_cordText__E)
                  000072a8    0000002a     driverlib.lib : gpio.obj (.text:GPIODirModeSet)
                  000072d2    0000002a     ti.targets.arm.rtsarm.aem4f : System.oem4f (.text:xdc_runtime_System_putchar__I)
                  000072fc    00000028     Kentec320x240x16_ssd2119_spi.obj (.text:Kentec320x240x16_SSD2119ColorTranslate)
                  00007324    00000004     --HOLE-- [fill = 0]
                  00007328    00000028     sysbios.aem4f : BIOS.obj (.text:ti_sysbios_knl_Swi_Module_startup__E)
                  00007350    00000026     grlib.lib : string.obj (.text:GrFontInfoGet)
                  00007376    00000026     sysbios.aem4f : m3_Hwi_asm.obj (.text:ti_sysbios_family_arm_m3_Hwi_pendSV__I)
                  0000739c    00000026     ti.targets.arm.rtsarm.aem4f : System.oem4f (.text:xdc_runtime_System_avprintf__E)
                  000073c2    00000002     --HOLE-- [fill = 0]
                  000073c4    00000024     empty_min_pem4f.oem4f (.text:ti_sysbios_BIOS_errorRaiseHook__I)
                  000073e8    00000024     empty_min_pem4f.oem4f (.text:ti_sysbios_BIOS_registerRTSLock__I)
                  0000740c    00000024     empty_min_pem4f.oem4f (.text:ti_sysbios_BIOS_removeRTSLock__I)
                  00007430    00000024     empty_min_pem4f.oem4f (.text:ti_sysbios_BIOS_startFunc__I)
                  00007454    00000024     empty_min_pem4f.oem4f (.text:ti_sysbios_gates_GateMutex_Object__delete__S)
                  00007478    00000024     sysbios.aem4f : BIOS.obj (.text:ti_sysbios_knl_Clock_Module_startup__E)
                  0000749c    00000004     --HOLE-- [fill = 0]
                  000074a0    00000024                   : BIOS.obj (.text:ti_sysbios_knl_Clock_start__E)
                  000074c4    00000004     --HOLE-- [fill = 0]
                  000074c8    00000024                   : BIOS.obj (.text:ti_sysbios_knl_Semaphore_Instance_init__E)
                  000074ec    00000004     --HOLE-- [fill = 0]
                  000074f0    00000024                   : BIOS.obj (.text:ti_sysbios_knl_Task_restoreHwi__E)
                  00007514    00000024     ti.targets.arm.rtsarm.aem4f : System.oem4f (.text:xdc_runtime_System_vprintf__E)
                  00007538    00000022     grlib.lib : string.obj (.text:GrFontGlyphDataGet)
                  0000755a    00000006     driverlib.lib : gpio.obj (.text:GPIOPinRead)
                  00007560    00000022     sysbios.aem4f : BIOS.obj (.text:ti_sysbios_family_arm_lm4_Timer_write__I)
                  00007582    00000022     empty_min_pem4f.oem4f (.text:xdc_runtime_SysMin_output__I)
                  000075a4    00000020     Boot.aem4f : Boot_sysctl.oem4f (.text:_SysCtlMemTimingGet)
                  000075c4    00000020     driverlib.lib : sysctl.obj (.text:_SysCtlMemTimingGet)
                  000075e4    00000020     empty_min_pem4f.oem4f (.text:ti_sysbios_BIOS_rtsLock__I)
                  00007604    00000020     sysbios.aem4f : m3_Hwi_asm.obj (.text:ti_sysbios_family_arm_m3_Hwi_excHandlerAsm__I)
                  00007624    00000004     --HOLE-- [fill = 0]
                  00007628    00000020                   : BIOS.obj (.text:ti_sysbios_family_arm_m3_Hwi_excHandler__I)
                  00007648    00000020     empty_min_pem4f.oem4f (.text:ti_sysbios_gates_GateHwi_Object__delete__S)
                  00007668    00000020     empty_min_pem4f.oem4f (.text:ti_sysbios_heaps_HeapMem_Object__delete__S)
                  00007688    00000020     sysbios.aem4f : BIOS.obj (.text:ti_sysbios_knl_Idle_run__E)
                  000076a8    00000020     empty_min_pem4f.oem4f (.text:ti_sysbios_knl_Semaphore_Object__destruct__S)
                  000076c8    00000020     ti.targets.arm.rtsarm.aem4f : Registry.oem4f (.text:xdc_runtime_Registry_findById__E)
                  000076e8    00000020                                 : SysMin.oem4f (.text:xdc_runtime_SysMin_Module_startup__E)
                  00007708    0000001e     grlib.lib : string.obj (.text:GrFontCodepageGet)
                  00007726    0000001e               : widget.obj (.text:WidgetAdd)
                  00007744    0000001e     sysbios.aem4f : m3_Hwi_asm_switch.obj (.text:ti_sysbios_family_xxx_Hwi_switchAndRunFunc)
                  00007762    0000001c     drivers_tivaware.aem4f : GPIOTiva.oem4f (.text:getGpioIntIndex)
                  0000777e    00000002     --HOLE-- [fill = 0]
                  00007780    0000001c     sysbios.aem4f : BIOS.obj (.text:ti_sysbios_gates_GateMutex_Instance_init__E)
                  0000779c    0000001c     empty_min_pem4f.oem4f (.text:ti_sysbios_knl_Queue_Object__destruct__S)
                  000077b8    0000001c     sysbios.aem4f : BIOS.obj (.text:ti_sysbios_knl_Queue_put__E)
                  000077d4    00000004     --HOLE-- [fill = 0]
                  000077d8    0000001c                   : BIOS.obj (.text:ti_sysbios_knl_Task_enter__I)
                  000077f4    0000001c     ti.targets.arm.rtsarm.aem4f : Error.oem4f (.text:xdc_runtime_Error_raiseX__E)
                  00007810    0000001c                                 : Memory.oem4f (.text:xdc_runtime_Memory_valloc__E)
                  0000782c    0000001c                                 : SysMin.oem4f (.text:xdc_runtime_SysMin_exit__E)
                  00007848    0000001c                                 : System.oem4f (.text:xdc_runtime_System_abort__E)
                  00007864    0000001a     empty_min_pem4f.oem4f (.text:ti_sysbios_family_arm_m3_Hwi_Handle__label__S)
                  0000787e    0000001a     empty_min_pem4f.oem4f (.text:ti_sysbios_gates_GateHwi_Handle__label__S)
                  00007898    0000001a     empty_min_pem4f.oem4f (.text:ti_sysbios_gates_GateMutex_Handle__label__S)
                  000078b2    0000001a     empty_min_pem4f.oem4f (.text:ti_sysbios_heaps_HeapMem_Handle__label__S)
                  000078cc    0000001a     empty_min_pem4f.oem4f (.text:ti_sysbios_knl_Swi_Handle__label__S)
                  000078e6    0000001a     empty_min_pem4f.oem4f (.text:ti_sysbios_knl_Task_Handle__label__S)
                  00007900    0000001a     empty_min_pem4f.oem4f (.text:xdc_runtime_System_aprintf__E)
                  0000791a    0000001a     empty_min_pem4f.oem4f (.text:xdc_runtime_System_printf__E)
                  00007934    00000018     driverlib.lib : gpio.obj (.text:GPIOPinTypeGPIOOutput)
                  0000794c    00000018     rtsv7M4_T_le_v4SPD16_eabi.lib : args_main.c.obj (.text:_args_main)
                  00007964    00000018     empty_min_pem4f.oem4f (.text:ti_sysbios_BIOS_rtsUnlock__I)
                  0000797c    00000018     empty_min_pem4f.oem4f (.text:ti_sysbios_family_arm_lm4_Timer_Module__startupDone__F)
                  00007994    00000018     empty_min_pem4f.oem4f (.text:ti_sysbios_family_arm_m3_Hwi_Module__startupDone__F)
                  000079ac    00000018     sysbios.aem4f : m3_TaskSupport_asm.obj (.text:ti_sysbios_family_arm_m3_TaskSupport_swap__E)
                  000079c4    00000004     --HOLE-- [fill = 0]
                  000079c8    00000018                   : BIOS.obj (.text:ti_sysbios_gates_GateMutex_leave__E)
                  000079e0    00000018                   : BIOS.obj (.text:ti_sysbios_knl_Task_sleepTimeout__I)
                  000079f8    00000018     ti.targets.arm.rtsarm.aem4f : Error.oem4f (.text:xdc_runtime_Error_check__E)
                  00007a10    00000018                                 : System.oem4f (.text:xdc_runtime_System_exit__E)
                  00007a28    00000018                                 : Text.oem4f (.text:xdc_runtime_Text_ropeText__E)
                  00007a40    00000016     grlib.lib : string.obj (.text:GrStringDraw)
                  00007a56    00000016     empty_min_pem4f.oem4f (.text:ti_sysbios_BIOS_exitFunc__I)
                  00007a6c    00000016     empty_min.obj (.text:ti_sysbios_knl_Clock_Params_init)
                  00007a82    00000016     empty_min.obj (.text:ti_sysbios_knl_Task_Params_init)
                  00007a98    00000014     grlib.lib : canvas.obj (.text:CanvasMsgProc)
                  00007aac    00000014     Kentec320x240x16_ssd2119_spi.obj (.text:LED_OFF)
                  00007ac0    00000014     Kentec320x240x16_ssd2119_spi.obj (.text:LED_ON)
                  00007ad4    00000014     grlib.lib : widget.obj (.text:WidgetMutexGet)
                  00007ae8    00000014     rtsv7M4_T_le_v4SPD16_eabi.lib : strlen.c.obj (.text:strlen)
                  00007afc    00000014     empty_min_pem4f.oem4f (.text:ti_sysbios_family_arm_m3_Hwi_Object__get__S)
                  00007b10    00000014     sysbios.aem4f : BIOS.obj (.text:ti_sysbios_family_arm_m3_Hwi_switchFromBootStack__E)
                  00007b24    00000014     empty_min_pem4f.oem4f (.text:ti_sysbios_heaps_HeapMem_Object__get__S)
                  00007b38    00000014     empty_min_pem4f.oem4f (.text:ti_sysbios_knl_Swi_Object__get__S)
                  00007b4c    00000012     driverlib.lib : gpio.obj (.text:GPIOPinTypeSSI)
                  00007b5e    00000012                   : ssi.obj (.text:SSIDataGetNonBlocking)
                  00007b70    00000012     sysbios.aem4f : BIOS.obj (.text:ti_sysbios_hal_Hwi_Module_startup__E)
                  00007b82    00000012     empty_min_pem4f.oem4f (.text:xdc_runtime_Startup_exec__I)
                  00007b94    00000010     empty_min_pem4f.oem4f (.text:.bootCodeSection:ti_catalog_arm_cortexm4_tiva_ce_Boot_init__I)
                  00007ba4    00000010     driverlib.lib : fpu.obj (.text:FPUEnable)
                  00007bb4    00000010                   : fpu.obj (.text:FPULazyStackingEnable)
                  00007bc4    00000010     empty_min.obj (.text:main)
                  00007bd4    00000004     --HOLE-- [fill = 0]
                  00007bd8    00000010     sysbios.aem4f : BIOS.obj (.text:ti_sysbios_BIOS_exit__E)
                  00007be8    00000010                   : BIOS.obj (.text:ti_sysbios_BIOS_setThreadType__E)
                  00007bf8    00000010                   : BIOS.obj (.text:ti_sysbios_BIOS_start__E)
                  00007c08    00000010                   : m3_TaskSupport_asm.obj (.text:ti_sysbios_family_arm_m3_TaskSupport_glue)
                  00007c18    00000010                   : BIOS.obj (.text:ti_sysbios_gates_GateMutex_Instance_finalize__E)
                  00007c28    00000010                   : BIOS.obj (.text:ti_sysbios_knl_Semaphore_Instance_finalize__E)
                  00007c38    00000010                   : BIOS.obj (.text:ti_sysbios_knl_Swi_disable__E)
                  00007c48    00000010                   : BIOS.obj (.text:ti_sysbios_knl_Task_disable__E)
                  00007c58    00000010     driverlib.lib : udma.obj (.text:uDMAEnable)
                  00007c68    00000010     ti.targets.arm.rtsarm.aem4f : Gate.oem4f (.text:xdc_runtime_Gate_leaveSystem__E)
                  00007c78    00000010                                 : Memory.oem4f (.text:xdc_runtime_Memory_free__E)
                  00007c88    00000010                                 : SysMin.oem4f (.text:xdc_runtime_SysMin_ready__E)
                  00007c98    00000010                                 : System.oem4f (.text:xdc_runtime_System_vsnprintf__E)
                  00007ca8    00000010     empty_min_pem4f.oem4f (.text:xdc_runtime_Text_visitRope__I)
                  00007cb8    0000000e     driverlib.lib : gpio.obj (.text:GPIOIntStatus)
                  00007cc6    0000000e     grlib.lib : image.obj (.text:GrImageDraw)
                  00007cd4    0000000e     rtsv7M4_T_le_v4SPD16_eabi.lib : copy_decompress_none.c.obj (.text:decompress:none:__TI_decompress_none)
                  00007ce2    00000006     driverlib.lib : gpio.obj (.text:GPIOPinWrite)
                  00007ce8    0000000e     sysbios.aem4f : BIOS.obj (.text:ti_sysbios_knl_Queue_empty__E)
                  00007cf6    0000000e     empty_min_pem4f.oem4f (.text:ti_sysbios_knl_Task_Object__get__S)
                  00007d04    0000000c     driverlib.lib : gpio.obj (.text:GPIOIntEnable)
                  00007d10    0000000c     empty_min.obj (.text:Screen)
                  00007d1c    0000000c     rtsv7M4_T_le_v4SPD16_eabi.lib : _lock.c.obj (.text:_register_lock)
                  00007d28    0000000c                                   : _lock.c.obj (.text:_register_unlock)
                  00007d34    0000000c                                   : copy_zero_init.c.obj (.text:decompress:ZI:__TI_zero_init)
                  00007d40    0000000c     sysbios.aem4f : BIOS.obj (.text:ti_sysbios_family_arm_lm4_Timer_getMaxTicks__E)
                  00007d4c    0000000c     empty_min_pem4f.oem4f (.text:ti_sysbios_family_arm_m3_Hwi_Params__init__S)
                  00007d58    0000000c     sysbios.aem4f : BIOS.obj (.text:ti_sysbios_family_arm_m3_Hwi_disableFxn__E)
                  00007d64    00000004     --HOLE-- [fill = 0]
                  00007d68    0000000c                   : BIOS.obj (.text:ti_sysbios_family_arm_m3_TaskSupport_getStackAlignment__E)
                  00007d74    00000004     --HOLE-- [fill = 0]
                  00007d78    0000000c                   : BIOS.obj (.text:ti_sysbios_gates_GateHwi_enter__E)
                  00007d84    0000000c     empty_min_pem4f.oem4f (.text:ti_sysbios_knl_Clock_Params__init__S)
                  00007d90    0000000c     sysbios.aem4f : BIOS.obj (.text:ti_sysbios_knl_Clock_getTicks__E)
                  00007d9c    0000000c     empty_min.obj (.text:ti_sysbios_knl_Clock_handle)
                  00007da8    0000000c     empty_min_pem4f.oem4f (.text:ti_sysbios_knl_Queue_Object__get__S)
                  00007db4    0000000c     empty_min_pem4f.oem4f (.text:ti_sysbios_knl_Task_Params__init__S)
                  00007dc0    0000000c     driverlib.lib : udma.obj (.text:uDMAControlBaseSet)
                  00007dcc    0000000c     ti.targets.arm.rtsarm.aem4f : Error.oem4f (.text:xdc_runtime_Error_init__E)
                  00007dd8    0000000c                                 : Gate.oem4f (.text:xdc_runtime_Gate_enterSystem__E)
                  00007de4    0000000c                                 : Memory.oem4f (.text:xdc_runtime_Memory_calloc__E)
                  00007df0    0000000c                                 : Memory.oem4f (.text:xdc_runtime_Memory_getMaxDefaultTypeAlign__E)
                  00007dfc    0000000a     Kentec320x240x16_ssd2119_spi.obj (.text:Kentec320x240x16_SSD2119Flush)
                  00007e06    0000000a     driverlib.lib : ssi.obj (.text:SSIDataPut)
                  00007e10    0000000a                   : ssi.obj (.text:SSIEnable)
                  00007e1a    0000000a     empty_min_pem4f.oem4f (.text:xdc_runtime_IHeap_alloc)
                  00007e24    0000000a     empty_min_pem4f.oem4f (.text:xdc_runtime_IHeap_free)
                  00007e2e    00000008     EK_TM4C1294XL.obj (.text:EK_TM4C1294XL_initGPIO)
                  00007e36    00000008     grlib.lib : charmap.obj (.text:GrMapISO8859_1_Unicode)
                  00007e3e    00000008     driverlib.lib : ssi.obj (.text:SSIBusy)
                  00007e46    00000008     sysbios.aem4f : BIOS.obj (.text:ti_sysbios_family_arm_lm4_Timer_masterDisable__I)
                  00007e4e    00000002     --HOLE-- [fill = 0]
                  00007e50    00000008                   : BIOS.obj (.text:ti_sysbios_family_arm_m3_Hwi_doSwiRestore__I)
                  00007e58    00000008                   : BIOS.obj (.text:ti_sysbios_family_arm_m3_Hwi_startup__E)
                  00007e60    00000006     grlib.lib : string.obj (.text:GrContextFontSet)
                  00007e66    00000006     driverlib.lib : sysctl.obj (.text:SysCtlDelay)
                  00007e6c    00000006     grlib.lib : widget.obj (.text:WidgetMutexPut)
                  00007e72    00000006     ti.targets.arm.rtsarm.aem4f : System.oem4f (.text:xdc_runtime_System_Module_startup__E)
                  00007e78    00000006     sysbios.aem4f : BIOS.obj (.text:ti_sysbios_family_arm_m3_Hwi_doTaskRestore__I)
                  00007e7e    00000002     --HOLE-- [fill = 0]
                  00007e80    00000006                   : BIOS.obj (.text:ti_sysbios_family_arm_m3_Hwi_restoreFxn__E)
                  00007e86    00000002     --HOLE-- [fill = 0]
                  00007e88    00000006                   : BIOS.obj (.text:ti_sysbios_gates_GateHwi_leave__E)
                  00007e8e    00000002     --HOLE-- [fill = 0]
                  00007e90    00000006                   : BIOS.obj (.text:ti_sysbios_heaps_HeapMem_isBlocking__E)
                  00007e96    00000002     --HOLE-- [fill = 0]
                  00007e98    00000006                   : BIOS.obj (.text:ti_sysbios_knl_Queue_Instance_init__E)
                  00007e9e    00000002     --HOLE-- [fill = 0]
                  00007ea0    00000006                   : BIOS.obj (.text:ti_sysbios_knl_Swi_startup__E)
                  00007ea6    00000002     --HOLE-- [fill = 0]
                  00007ea8    00000004                   : BIOS.obj (.text:ti_sysbios_gates_GateHwi_query__E)
                  00007eac    00000004     --HOLE-- [fill = 0]
                  00007eb0    00000004                   : BIOS.obj (.text:ti_sysbios_gates_GateMutex_query__E)
                  00007eb4    00000004     --HOLE-- [fill = 0]
                  00007eb8    00000004                   : BIOS.obj (.text:ti_sysbios_knl_Task_startup__E)
                  00007ebc    00000004     --HOLE-- [fill = 0]
                  00007ec0    00000002                   : BIOS.obj (.text:ti_sysbios_gates_GateHwi_Instance_init__E)
                  00007ec2    00000006     --HOLE-- [fill = 0]
                  00007ec8    00000002                   : BIOS.obj (.text:ti_sysbios_knl_Clock_logTick__E)

.const     0    00007ecc    0000615c     
                  00007ecc    00001844     empty_min_pem4f.oem4f (.const:xdc_runtime_Text_charTab__A)
                  00009710    00000a60     grlib.lib : fontcm24.obj (.const:.string:g_pui8Cm24Data)
                  0000a170    0000095e               : fontcm20.obj (.const:.string:g_pui8Cm20Data)
                  0000aace    0000086e               : fontcm18.obj (.const:.string:g_pui8Cm18Data)
                  0000b33c    0000083d     images.obj (.const:.string:g_pui8RedSlider195x37)
                  0000bb79    00000826     images.obj (.const:.string:g_pui8GreenSlider195x37)
                  0000c39f    00000705     images.obj (.const:.string:g_pui8GettingHotter28x148)
                  0000caa4    000003ad     images.obj (.const:.string:g_pui8GettingHotter28x148Mono)
                  0000ce51    00000210     images.obj (.const:.string:g_pui8Blue50x50)
                  0000d061    0000020e     images.obj (.const:.string:g_pui8Blue50x50Press)
                  0000d26f    00000001     empty_min_pem4f.oem4f (.const:xdc_runtime_Error_policy__C)
                  0000d270    000001b0     driverlib.lib : sysctl.obj (.const:g_pppui32XTALtoVCO)
                  0000d420    00000120     Boot.aem4f : Boot_sysctl.oem4f (.const:g_pppui32XTALtoVCO)
                  0000d540    000000c8     grlib.lib : fontcm18.obj (.const:g_sFontCm18)
                  0000d608    000000c8               : fontcm20.obj (.const:g_sFontCm20)
                  0000d6d0    000000c8               : fontcm24.obj (.const:g_sFontCm24)
                  0000d798    000000bc     empty_min_pem4f.oem4f (.const:xdc_runtime_Text_nodeTab__A)
                  0000d854    00000090     driverlib.lib : gpio.obj (.const:g_pui32GPIOBaseAddrs)
                  0000d8e4    00000082     empty_min.obj (.const:.string)
                  0000d966    00000002     empty_min_pem4f.oem4f (.const:ti_catalog_arm_cortexm4_tiva_ce_Boot_Module__id__C)
                  0000d968    0000006c     Boot.aem4f : Boot_sysctl.oem4f (.const:g_pui32Xtals)
                  0000d9d4    0000006c     driverlib.lib : sysctl.obj (.const:g_pui32Xtals)
                  0000da40    00000054     drivers_tivaware.aem4f : GPIOTiva.oem4f (.const:.string)
                  0000da94    00000048     empty_min_pem4f.oem4f (.const:.string)
                  0000dadc    00000048     drivers_tivaware.aem4f : GPIOTiva.oem4f (.const:gpioBaseAddresses)
                  0000db24    0000003c     empty_min_pem4f.oem4f (.const:ti_sysbios_knl_Task_Object__PARAMS__C)
                  0000db60    00000030     Boot.aem4f : Boot_sysctl.oem4f (.const:g_sXTALtoMEMTIM)
                  0000db90    00000030     driverlib.lib : sysctl.obj (.const:g_sXTALtoMEMTIM)
                  0000dbc0    00000030     empty_min_pem4f.oem4f (.const:ti_sysbios_family_arm_m3_Hwi_Object__PARAMS__C)
                  0000dbf0    00000028     Kentec320x240x16_ssd2119_spi.obj (.const:g_sKentec320x240x16_SSD2119)
                  0000dc18    00000028     empty_min_pem4f.oem4f (.const:ti_sysbios_heaps_HeapMem_Module__FXNS__C)
                  0000dc40    00000024     empty_min_pem4f.oem4f (.const:ti_sysbios_gates_GateHwi_Module__FXNS__C)
                  0000dc64    00000024     empty_min_pem4f.oem4f (.const:ti_sysbios_gates_GateMutex_Module__FXNS__C)
                  0000dc88    00000024     empty_min_pem4f.oem4f (.const:ti_sysbios_heaps_HeapMem_Object__PARAMS__C)
                  0000dcac    00000024     empty_min_pem4f.oem4f (.const:ti_sysbios_knl_Clock_Object__PARAMS__C)
                  0000dcd0    00000024     empty_min_pem4f.oem4f (.const:ti_sysbios_knl_Semaphore_Object__PARAMS__C)
                  0000dcf4    00000020     empty_min_pem4f.oem4f (.const:ti_sysbios_family_arm_m3_Hwi_Object__DESC__C)
                  0000dd14    00000020     empty_min_pem4f.oem4f (.const:ti_sysbios_gates_GateHwi_Object__DESC__C)
                  0000dd34    00000020     empty_min_pem4f.oem4f (.const:ti_sysbios_gates_GateMutex_Object__DESC__C)
                  0000dd54    00000020     empty_min_pem4f.oem4f (.const:ti_sysbios_heaps_HeapMem_Object__DESC__C)
                  0000dd74    00000020     empty_min_pem4f.oem4f (.const:ti_sysbios_knl_Clock_Object__DESC__C)
                  0000dd94    00000020     empty_min_pem4f.oem4f (.const:ti_sysbios_knl_Queue_Object__DESC__C)
                  0000ddb4    00000020     empty_min_pem4f.oem4f (.const:ti_sysbios_knl_Semaphore_Object__DESC__C)
                  0000ddd4    00000020     empty_min_pem4f.oem4f (.const:ti_sysbios_knl_Task_Object__DESC__C)
                  0000ddf4    00000020     empty_min_pem4f.oem4f (.const:xdc_runtime_Startup_sfxnTab__A)
                  0000de14    00000018     empty_min_pem4f.oem4f (.const:ti_sysbios_gates_GateHwi_Object__PARAMS__C)
                  0000de2c    00000018     empty_min_pem4f.oem4f (.const:ti_sysbios_gates_GateMutex_Object__PARAMS__C)
                  0000de44    00000018     empty_min_pem4f.oem4f (.const:ti_sysbios_knl_Queue_Object__PARAMS__C)
                  0000de5c    00000014     EK_TM4C1294XL.obj (.const:GPIOTiva_config)
                  0000de70    00000014     empty_min_pem4f.oem4f (.const:xdc_runtime_Startup_firstFxns__A)
                  0000de84    00000012     ustdlib.obj (.const:.string)
                  0000de96    00000002     empty_min_pem4f.oem4f (.const:ti_sysbios_family_arm_m3_Hwi_Module__id__C)
                  0000de98    00000010     grlib.lib : context.obj (.const:g_psDefaultCodePointMapTable)
                  0000dea8    00000010     empty_min_pem4f.oem4f (.const:xdc_runtime_Startup_sfxnRts__A)
                  0000deb8    00000008     Boot.aem4f : Boot_sysctl.oem4f (.const)
                  0000dec0    00000008     driverlib.lib : sysctl.obj (.const)
                  0000dec8    00000008     empty_min_pem4f.oem4f (.const:ti_sysbios_family_arm_m3_Hwi_excHookFuncs__A)
                  0000ded0    00000008     empty_min_pem4f.oem4f (.const:ti_sysbios_knl_Idle_funcList__C)
                  0000ded8    00000008     empty_min_pem4f.oem4f (.const:xdc_runtime_Startup_firstFxns__C)
                  0000dee0    00000008     empty_min_pem4f.oem4f (.const:xdc_runtime_Startup_lastFxns__C)
                  0000dee8    00000004     empty_min_pem4f.oem4f (.const:ti_catalog_arm_cortexm4_tiva_ce_Boot_A_mustNotUseEnhancedClockMode__C)
                  0000deec    00000004     empty_min_pem4f.oem4f (.const:ti_catalog_arm_cortexm4_tiva_ce_Boot_Module__diagsEnabled__C)
                  0000def0    00000004     empty_min_pem4f.oem4f (.const:ti_catalog_arm_cortexm4_tiva_ce_Boot_Module__diagsIncluded__C)
                  0000def4    00000004     empty_min_pem4f.oem4f (.const:ti_catalog_arm_cortexm4_tiva_ce_Boot_Module__diagsMask__C)
                  0000def8    00000004     empty_min_pem4f.oem4f (.const:ti_sysbios_family_arm_lm4_Timer_enableFunc__C)
                  0000defc    00000004     empty_min_pem4f.oem4f (.const:ti_sysbios_family_arm_lm4_Timer_numTimerDevices__C)
                  0000df00    00000004     empty_min_pem4f.oem4f (.const:ti_sysbios_family_arm_lm4_Timer_startupNeeded__C)
                  0000df04    00000004     empty_min_pem4f.oem4f (.const:ti_sysbios_family_arm_m3_Hwi_E_NMI__C)
                  0000df08    00000004     empty_min_pem4f.oem4f (.const:ti_sysbios_family_arm_m3_Hwi_E_alreadyDefined__C)
                  0000df0c    00000004     empty_min_pem4f.oem4f (.const:ti_sysbios_family_arm_m3_Hwi_E_busFault__C)
                  0000df10    00000004     empty_min_pem4f.oem4f (.const:ti_sysbios_family_arm_m3_Hwi_E_debugMon__C)
                  0000df14    00000004     empty_min_pem4f.oem4f (.const:ti_sysbios_family_arm_m3_Hwi_E_hardFault__C)
                  0000df18    00000004     empty_min_pem4f.oem4f (.const:ti_sysbios_family_arm_m3_Hwi_E_memFault__C)
                  0000df1c    00000004     empty_min_pem4f.oem4f (.const:ti_sysbios_family_arm_m3_Hwi_E_noIsr__C)
                  0000df20    00000004     empty_min_pem4f.oem4f (.const:ti_sysbios_family_arm_m3_Hwi_E_reserved__C)
                  0000df24    00000004     empty_min_pem4f.oem4f (.const:ti_sysbios_family_arm_m3_Hwi_E_svCall__C)
                  0000df28    00000004     empty_min_pem4f.oem4f (.const:ti_sysbios_family_arm_m3_Hwi_E_usageFault__C)
                  0000df2c    00000004     empty_min_pem4f.oem4f (.const:ti_sysbios_family_arm_m3_Hwi_NUM_INTERRUPTS__C)
                  0000df30    00000004     empty_min_pem4f.oem4f (.const:ti_sysbios_family_arm_m3_Hwi_Object__count__C)
                  0000df34    00000004     empty_min_pem4f.oem4f (.const:ti_sysbios_family_arm_m3_Hwi_ccr__C)
                  0000df38    00000004     empty_min_pem4f.oem4f (.const:ti_sysbios_family_arm_m3_Hwi_excHandlerFunc__C)
                  0000df3c    00000004     empty_min_pem4f.oem4f (.const:ti_sysbios_family_arm_m3_Hwi_excHookFuncs__C)
                  0000df40    00000004     empty_min_pem4f.oem4f (.const:ti_sysbios_family_arm_m3_Hwi_nullIsrFunc__C)
                  0000df44    00000004     empty_min_pem4f.oem4f (.const:ti_sysbios_family_arm_m3_Hwi_priGroup__C)
                  0000df48    00000004     empty_min_pem4f.oem4f (.const:ti_sysbios_family_arm_m3_TaskSupport_stackAlignment__C)
                  0000df4c    00000004     empty_min_pem4f.oem4f (.const:ti_sysbios_gates_GateMutex_Instance_State_sem__O)
                  0000df50    00000004     empty_min_pem4f.oem4f (.const:ti_sysbios_heaps_HeapMem_E_memory__C)
                  0000df54    00000004     empty_min_pem4f.oem4f (.const:ti_sysbios_heaps_HeapMem_Module__gateObj__C)
                  0000df58    00000004     empty_min_pem4f.oem4f (.const:ti_sysbios_heaps_HeapMem_Object__count__C)
                  0000df5c    00000004     empty_min_pem4f.oem4f (.const:ti_sysbios_heaps_HeapMem_reqAlign__C)
                  0000df60    00000004     empty_min_pem4f.oem4f (.const:ti_sysbios_knl_Clock_Module_State_clockQ__O)
                  0000df64    00000004     empty_min_pem4f.oem4f (.const:ti_sysbios_knl_Semaphore_Instance_State_pendQ__O)
                  0000df68    00000004     empty_min_pem4f.oem4f (.const:ti_sysbios_knl_Swi_Object__count__C)
                  0000df6c    00000004     empty_min_pem4f.oem4f (.const:ti_sysbios_knl_Task_Module_State_inactiveQ__O)
                  0000df70    00000004     empty_min_pem4f.oem4f (.const:ti_sysbios_knl_Task_Object__count__C)
                  0000df74    00000004     empty_min_pem4f.oem4f (.const:ti_sysbios_knl_Task_allBlockedFunc__C)
                  0000df78    00000004     empty_min_pem4f.oem4f (.const:ti_sysbios_knl_Task_defaultStackHeap__C)
                  0000df7c    00000004     empty_min_pem4f.oem4f (.const:ti_sysbios_knl_Task_defaultStackSize__C)
                  0000df80    00000004     empty_min_pem4f.oem4f (.const:ti_sysbios_knl_Task_numConstructedTasks__C)
                  0000df84    00000004     ustdlib.obj (.const)
                  0000df88    00000004     empty_min_pem4f.oem4f (.const:xdc_runtime_Assert_E_assertFailed__C)
                  0000df8c    00000004     empty_min_pem4f.oem4f (.const:xdc_runtime_Core_A_initializedParams__C)
                  0000df90    00000004     empty_min_pem4f.oem4f (.const:xdc_runtime_Core_Module__diagsEnabled__C)
                  0000df94    00000004     empty_min_pem4f.oem4f (.const:xdc_runtime_Core_Module__diagsIncluded__C)
                  0000df98    00000004     empty_min_pem4f.oem4f (.const:xdc_runtime_Core_Module__diagsMask__C)
                  0000df9c    00000004     empty_min_pem4f.oem4f (.const:xdc_runtime_Error_E_memory__C)
                  0000dfa0    00000004     empty_min_pem4f.oem4f (.const:xdc_runtime_Error_Module__diagsEnabled__C)
                  0000dfa4    00000004     empty_min_pem4f.oem4f (.const:xdc_runtime_Error_Module__diagsIncluded__C)
                  0000dfa8    00000004     empty_min_pem4f.oem4f (.const:xdc_runtime_Error_Module__diagsMask__C)
                  0000dfac    00000004     empty_min_pem4f.oem4f (.const:xdc_runtime_Error_Module__loggerFxn8__C)
                  0000dfb0    00000004     empty_min_pem4f.oem4f (.const:xdc_runtime_Error_Module__loggerObj__C)
                  0000dfb4    00000004     empty_min_pem4f.oem4f (.const:xdc_runtime_Error_policyFxn__C)
                  0000dfb8    00000004     empty_min_pem4f.oem4f (.const:xdc_runtime_Error_raiseHook__C)
                  0000dfbc    00000004     empty_min_pem4f.oem4f (.const:xdc_runtime_IGateProvider_Interface__BASE__C)
                  0000dfc0    00000004     empty_min_pem4f.oem4f (.const:xdc_runtime_IHeap_Interface__BASE__C)
                  0000dfc4    00000004     empty_min_pem4f.oem4f (.const:xdc_runtime_IModule_Interface__BASE__C)
                  0000dfc8    00000004     empty_min_pem4f.oem4f (.const:xdc_runtime_Log_L_error__C)
                  0000dfcc    00000004     empty_min_pem4f.oem4f (.const:xdc_runtime_Memory_defaultHeapInstance__C)
                  0000dfd0    00000004     empty_min_pem4f.oem4f (.const:xdc_runtime_Startup_execImpl__C)
                  0000dfd4    00000004     empty_min_pem4f.oem4f (.const:xdc_runtime_Startup_maxPasses__C)
                  0000dfd8    00000004     empty_min_pem4f.oem4f (.const:xdc_runtime_Startup_sfxnRts__C)
                  0000dfdc    00000004     empty_min_pem4f.oem4f (.const:xdc_runtime_Startup_sfxnTab__C)
                  0000dfe0    00000004     empty_min_pem4f.oem4f (.const:xdc_runtime_SysMin_bufSize__C)
                  0000dfe4    00000004     empty_min_pem4f.oem4f (.const:xdc_runtime_SysMin_outputFunc__C)
                  0000dfe8    00000004     empty_min_pem4f.oem4f (.const:xdc_runtime_System_Module__gateObj__C)
                  0000dfec    00000004     empty_min_pem4f.oem4f (.const:xdc_runtime_System_abortFxn__C)
                  0000dff0    00000004     empty_min_pem4f.oem4f (.const:xdc_runtime_System_exitFxn__C)
                  0000dff4    00000004     empty_min_pem4f.oem4f (.const:xdc_runtime_System_extendFxn__C)
                  0000dff8    00000004     empty_min_pem4f.oem4f (.const:xdc_runtime_System_maxAtexitHandlers__C)
                  0000dffc    00000004     empty_min_pem4f.oem4f (.const:xdc_runtime_Text_charTab__C)
                  0000e000    00000004     empty_min_pem4f.oem4f (.const:xdc_runtime_Text_nameEmpty__C)
                  0000e004    00000004     empty_min_pem4f.oem4f (.const:xdc_runtime_Text_nameStatic__C)
                  0000e008    00000004     empty_min_pem4f.oem4f (.const:xdc_runtime_Text_nameUnknown__C)
                  0000e00c    00000004     empty_min_pem4f.oem4f (.const:xdc_runtime_Text_nodeTab__C)
                  0000e010    00000004     empty_min_pem4f.oem4f (.const:xdc_runtime_Text_visitRopeFxn__C)
                  0000e014    00000002     empty_min_pem4f.oem4f (.const:ti_sysbios_heaps_HeapMem_Module__id__C)
                  0000e016    00000002     empty_min_pem4f.oem4f (.const:xdc_runtime_Core_Module__id__C)
                  0000e018    00000002     empty_min_pem4f.oem4f (.const:xdc_runtime_Error_Module__loggerDefined__C)
                  0000e01a    00000002     empty_min_pem4f.oem4f (.const:xdc_runtime_Error_maxDepth__C)
                  0000e01c    00000002     empty_min_pem4f.oem4f (.const:xdc_runtime_Memory_Module__id__C)
                  0000e01e    00000002     empty_min_pem4f.oem4f (.const:xdc_runtime_SysMin_flushAtExit__C)
                  0000e020    00000002     empty_min_pem4f.oem4f (.const:xdc_runtime_Text_charCnt__C)
                  0000e022    00000002     empty_min_pem4f.oem4f (.const:xdc_runtime_Text_isLoaded__C)
                  0000e024    00000002     empty_min_pem4f.oem4f (.const:xdc_runtime_Text_registryModsLastId__C)
                  0000e026    00000002     empty_min_pem4f.oem4f (.const:xdc_runtime_Text_unnamedModsLastId__C)

.cinit     0    0000e028    00000380     
                  0000e028    00000347     (.cinit..data.load) [load image, compression = lzss]
                  0000e36f    00000001     --HOLE-- [fill = 0]
                  0000e370    0000000c     (__TI_handler_table)
                  0000e37c    00000004     --HOLE-- [fill = 0]
                  0000e380    00000008     (.cinit..bss.load) [load image, compression = zero_init]
                  0000e388    00000008     (.cinit..vecs.load) [load image, compression = zero_init]
                  0000e390    00000018     (__TI_cinit_table)

.init_array 
*          0    00000000    00000000     UNINITIALIZED

.resetVecs 
*          0    00000000    0000003c     
                  00000000    0000003c     empty_min_pem4f.oem4f (.resetVecs)

.bss       0    20000400    00001414     UNINITIALIZED
                  20000400    00000400     (.common:psDMAControlTable)
                  20000800    00000400     (.common:ti_sysbios_heaps_HeapMem_Instance_State_0_buf__A)
                  20000c00    00000360     (.common:ti_sysbios_family_arm_m3_Hwi_dispatchTable)
                  20000f60    00000200     (.common:task0Stack)
                  20001160    00000200     (.common:task1Stack)
                  20001360    00000140     grlib.lib : widget.obj (.bss:g_psMQ)
                  200014a0    00000120     rtsv7M4_T_le_v4SPD16_eabi.lib : trgmsg.c.obj (.bss:_CIOBUF_)
                  200015c0    00000090     drivers_tivaware.aem4f : GPIOTiva.oem4f (.bss:gpioCallbackInfo)
                  20001650    00000080     (.common:xdc_runtime_SysMin_Module_State_0_outbuf__A)
                  200016d0    00000050     (.common:task0Struct)
                  20001720    00000050     (.common:task1Struct)
                  20001770    0000002c     (.common:sContext)
                  2000179c    00000024     (.common:clk1Struct)
                  200017c0    00000020     grlib.lib : image.obj (.bss:g_pui8Dictionary)
                  200017e0    00000008     empty_min.obj (.bss:pcCanvasText$1)
                  200017e8    00000008     empty_min.obj (.bss:pcSliderText$2)
                  200017f0    00000008     (.common:parmbuf)
                  200017f8    00000008     (.common:sRect)
                  20001800    00000004     grlib.lib : context.obj (.bss)
                  20001804    00000004     (.common:clk1Handle)
                  20001808    00000004     (.common:g_ui32Panel)
                  2000180c    00000004     (.common:g_ui32SysClock)
                  20001810    00000004     (.common:gpioInterruptVectors)

.data      0    20001814    000008bc     UNINITIALIZED
                  20001814    00000228     empty_min.obj (.data:g_psSliders)
                  20001a3c    00000080     empty_min.obj (.data:g_psPanels)
                  20001abc    00000080     empty_min_pem4f.oem4f (.data:ti_sysbios_knl_Swi_Module_State_0_readyQ__A)
                  20001b3c    00000080     empty_min_pem4f.oem4f (.data:ti_sysbios_knl_Task_Module_State_0_readyQ__A)
                  20001bbc    00000050     empty_min.obj (.data:g_sControls)
                  20001c0c    00000050     empty_min.obj (.data:g_sMainL)
                  20001c5c    00000050     empty_min.obj (.data:g_sMainR)
                  20001cac    00000050     empty_min.obj (.data:g_sOption)
                  20001cfc    00000044     empty_min_pem4f.oem4f (.data:ti_sysbios_knl_Task_Module__state__V)
                  20001d40    00000040     empty_min.obj (.data:g_sIntroWid)
                  20001d80    00000040     empty_min.obj (.data:g_sSliderValueCanvas)
                  20001dc0    00000040     empty_min.obj (.data:g_sTitle)
                  20001e00    00000040     empty_min_pem4f.oem4f (.data:ti_sysbios_family_arm_lm4_Timer_Module_State_0_device__A)
                  20001e40    00000040     empty_min_pem4f.oem4f (.data:ti_sysbios_family_arm_lm4_Timer_Object__table__V)
                  20001e80    00000038     empty_min_pem4f.oem4f (.data:ti_sysbios_gates_GateMutex_Object__table__V)
                  20001eb8    00000034     empty_min_pem4f.oem4f (.data:ti_sysbios_family_arm_m3_Hwi_Module__state__V)
                  20001eec    00000030     empty_min_pem4f.oem4f (.data:ti_sysbios_knl_Swi_Object__table__V)
                  20001f1c    0000002c     empty_min_pem4f.oem4f (.data:ti_sysbios_knl_Clock_Module__state__V)
                  20001f48    00000024     empty_min_pem4f.oem4f (.data:ti_sysbios_BIOS_Module__state__V)
                  20001f6c    00000020     grlib.lib : widget.obj (.data:g_sRoot)
                  20001f8c    00000020     empty_min_pem4f.oem4f (.data:ti_sysbios_family_arm_lm4_Timer_Module_State_0_handles__A)
                  20001fac    0000001c     empty_min_pem4f.oem4f (.data:ti_sysbios_knl_Swi_Module__state__V)
                  20001fc8    00000018     empty_min_pem4f.oem4f (.data:ti_sysbios_family_arm_m3_Hwi_Object__table__V)
                  20001fe0    00000018     empty_min_pem4f.oem4f (.data:ti_sysbios_heaps_HeapMem_Object__table__V)
                  20001ff8    00000010     EK_TM4C1294XL.obj (.data:gpioPinConfigs)
                  20002008    0000000d     grlib.lib : widget.obj (.data)
                  20002015    00000001     --HOLE--
                  20002016    00000002     empty_min_pem4f.oem4f (.data:ti_sysbios_family_arm_m3_Hwi_Module_State_0_excActive__A)
                  20002018    0000000c     empty_min_pem4f.oem4f (.data:ti_sysbios_family_arm_lm4_Timer_Module__state__V)
                  20002024    0000000c     empty_min_pem4f.oem4f (.data:xdc_runtime_SysMin_Module__state__V)
                  20002030    00000008     rtsv7M4_T_le_v4SPD16_eabi.lib : _lock.c.obj (.data:$O1$$)
                  20002038    00000008     empty_min.obj (.data)
                  20002040    00000008     empty_min.obj (.data:g_pcPanei32Names)
                  20002048    00000008     EK_TM4C1294XL.obj (.data:gpioCallbackFunctions)
                  20002050    00000008     empty_min_pem4f.oem4f (.data:ti_sysbios_family_arm_m3_Hwi_Module__root__V)
                  20002058    00000008     empty_min_pem4f.oem4f (.data:ti_sysbios_gates_GateHwi_Module__root__V)
                  20002060    00000008     empty_min_pem4f.oem4f (.data:ti_sysbios_gates_GateMutex_Module__root__V)
                  20002068    00000008     empty_min_pem4f.oem4f (.data:ti_sysbios_heaps_HeapMem_Module__root__V)
                  20002070    00000008     empty_min_pem4f.oem4f (.data:ti_sysbios_knl_Clock_Module__root__V)
                  20002078    00000008     empty_min_pem4f.oem4f (.data:ti_sysbios_knl_Queue_Module__root__V)
                  20002080    00000008     empty_min_pem4f.oem4f (.data:ti_sysbios_knl_Semaphore_Module__root__V)
                  20002088    00000008     empty_min_pem4f.oem4f (.data:ti_sysbios_knl_Task_Module__root__V)
                  20002090    00000008     empty_min_pem4f.oem4f (.data:xdc_runtime_Registry_Module__state__V)
                  20002098    00000008     empty_min_pem4f.oem4f (.data:xdc_runtime_Startup_Module__state__V)
                  200020a0    00000008     empty_min_pem4f.oem4f (.data:xdc_runtime_System_Module_State_0_atexitHandlers__A)
                  200020a8    00000008     empty_min_pem4f.oem4f (.data:xdc_runtime_System_Module__state__V)
                  200020b0    00000005     drivers_tivaware.aem4f : GPIOTiva.oem4f (.data)
                  200020b5    00000001     --HOLE--
                  200020b6    00000002     empty_min_pem4f.oem4f (.data:xdc_runtime_Error_Module__state__V)
                  200020b8    00000004     rtsv7M4_T_le_v4SPD16_eabi.lib : stkdepth_vars.c.obj (.data)
                  200020bc    00000004     empty_min_pem4f.oem4f (.data:ti_sysbios_family_arm_m3_Hwi_Module_State_0_excContext__A)
                  200020c0    00000004     empty_min_pem4f.oem4f (.data:ti_sysbios_family_arm_m3_Hwi_Module_State_0_excStack__A)
                  200020c4    00000004     empty_min_pem4f.oem4f (.data:ti_sysbios_gates_GateHwi_Object__table__V)
                  200020c8    00000004     empty_min_pem4f.oem4f (.data:ti_sysbios_knl_Task_Module_State_0_idleTask__A)
                  200020cc    00000004     empty_min_pem4f.oem4f (.data:xdc_runtime_Memory_Module__state__V)

.stack     0    200020d0    00000300     UNINITIALIZED
                  200020d0    00000300     --HOLE--

.bootVecs 
*          0    00000000    00000008     DSECT
                  00000000    00000008     boot.aem4f : boot.oem4f (.bootVecs)

.vecs      0    20000000    00000360     UNINITIALIZED
                  20000000    00000360     empty_min_pem4f.oem4f (.vecs)

xdc.meta   0    00000000    00000115     COPY SECTION
                  00000000    00000115     empty_min_pem4f.oem4f (xdc.meta)

__llvm_prf_cnts 
*          0    20000000    00000000     UNINITIALIZED

MODULE SUMMARY

       Module                             code    ro data   rw data
       ------                             ----    -------   -------
    .\
       images.obj                         0       7987      0      
       empty_min.obj                      2540    130       3532   
       EK_TM4C1294XL.obj                  192     20        24     
    +--+----------------------------------+-------+---------+---------+
       Total:                             2732    8137      3556   
                                                                   
    .\drivers\
       Kentec320x240x16_ssd2119_spi.obj   1968    40        0      
    +--+----------------------------------+-------+---------+---------+
       Total:                             1968    40        0      
                                                                   
    .\utils\
       ustdlib.obj                        1218    22        0      
    +--+----------------------------------+-------+---------+---------+
       Total:                             1218    22        0      
                                                                   
    C:\Users\robin\OneDrive\Documents\Cours\sem1_2023\EGH456\Lab3\empty_min_EK_TM4C1294XL_TI\Debug\configPkg\package\cfg\
       empty_min_pem4f.oem4f              1720    7609      3820   
    +--+----------------------------------+-------+---------+---------+
       Total:                             1720    7609      3820   
                                                                   
    C:/ti/tirtos_tivac_2_16_01_14/products/tidrivers_tivac_2_16_01_13/packages/ti/drivers/lib/drivers_tivaware.aem4f
       GPIOTiva.oem4f                     892     156       153    
    +--+----------------------------------+-------+---------+---------+
       Total:                             892     156       153    
                                                                   
    C:/ti/tivaware_c_series_2_1_4_178/driverlib/ccs/Debug/driverlib.lib
       sysctl.obj                         674     596       0      
       gpio.obj                           592     144       0      
       ssi.obj                            106     0         0      
       fpu.obj                            32      0         0      
       udma.obj                           28      0         0      
    +--+----------------------------------+-------+---------+---------+
       Total:                             1432    740       0      
                                                                   
    C:/ti/tivaware_c_series_2_1_4_178/grlib/ccs/Debug/grlib.lib
       fontcm24.obj                       0       2856      0      
       fontcm20.obj                       0       2598      0      
       fontcm18.obj                       0       2358      0      
       image.obj                          1630    0         32     
       string.obj                         1378    0         0      
       slider.obj                         1238    0         0      
       widget.obj                         782     0         365    
       pushbutton.obj                     668     0         0      
       canvas.obj                         420     0         0      
       rectangle.obj                      402     0         0      
       context.obj                        206     16        4      
       line.obj                           140     0         0      
       charmap.obj                        8       0         0      
    +--+----------------------------------+-------+---------+---------+
       Total:                             6872    7828      401    
                                                                   
    C:\Users\robin\OneDrive\Documents\Cours\sem1_2023\EGH456\Lab3\empty_min_EK_TM4C1294XL_TI\src\sysbios\sysbios.aem4f
       BIOS.obj                           8920    0         0      
       m3_Hwi_asm.obj                     314     0         0      
       m3_TaskSupport_asm.obj             180     0         0      
       m3_Hwi_asm_switch.obj              118     0         0      
    +--+----------------------------------+-------+---------+---------+
       Total:                             9532    0         0      
                                                                   
    C:\ti\ccs1220\ccs\tools\compiler\ti-cgt-arm_20.2.7.LTS\lib\rtsv7M4_T_le_v4SPD16_eabi.lib
       trgmsg.c.obj                       108     0         288    
       memcpy_t2.asm.obj                  156     0         0      
       memset_t2.asm.obj                  122     0         0      
       copy_decompress_lzss.c.obj         104     0         0      
       hostwrite.c.obj                    88      0         0      
       cpy_tbl.c.obj                      76      0         0      
       u_divt2.asm.obj                    64      0         0      
       _lock.c.obj                        26      0         8      
       args_main.c.obj                    24      0         0      
       strlen.c.obj                       20      0         0      
       copy_decompress_none.c.obj         14      0         0      
       copy_zero_init.c.obj               12      0         0      
       hostopen.c.obj                     0       0         8      
       exit.c.obj                         4       0         0      
       stkdepth_vars.c.obj                0       0         4      
       div0.asm.obj                       2       0         0      
    +--+----------------------------------+-------+---------+---------+
       Total:                             820     0         308    
                                                                   
    C:\ti\tirtos_tivac_2_16_01_14\products\bios_6_45_02_31\packages\ti\catalog\arm\cortexm4\tiva\ce\lib\Boot.aem4f
       Boot_sysctl.oem4f                  628     452       0      
       Boot.oem4f                         152     0         0      
    +--+----------------------------------+-------+---------+---------+
       Total:                             780     452       0      
                                                                   
    C:\ti\tirtos_tivac_2_16_01_14\products\bios_6_45_02_31\packages\ti\targets\arm\rtsarm\lib\auto_init.aem4f
       auto_init.oem4f                    160     0         0      
    +--+----------------------------------+-------+---------+---------+
       Total:                             160     0         0      
                                                                   
    C:\ti\tirtos_tivac_2_16_01_14\products\bios_6_45_02_31\packages\ti\targets\arm\rtsarm\lib\boot.aem4f
       boot.oem4f                         88      0         0      
    +--+----------------------------------+-------+---------+---------+
       Total:                             88      0         0      
                                                                   
    C:\ti\tirtos_tivac_2_16_01_14\products\bios_6_45_02_31\packages\ti\targets\arm\rtsarm\lib\ti.targets.arm.rtsarm.aem4f
       System.oem4f                       1255    0         0      
       Text.oem4f                         672     0         0      
       Error.oem4f                        524     0         0      
       Core-mem.oem4f                     358     0         0      
       Startup.oem4f                      328     0         0      
       SysMin.oem4f                       248     0         0      
       Core-smem.oem4f                    204     0         0      
       Memory.oem4f                       176     0         0      
       Assert.oem4f                       84      0         0      
       Core-params.oem4f                  70      0         0      
       Core-label.oem4f                   52      0         0      
       Registry.oem4f                     32      0         0      
       Gate.oem4f                         28      0         0      
    +--+----------------------------------+-------+---------+---------+
       Total:                             4031    0         0      
                                                                   
       Stack:                             0       0         768    
       Linker Generated:                  0       891       0      
    +--+----------------------------------+-------+---------+---------+
       Grand Total:                       32245   25875     9006   


LINKER GENERATED COPY TABLES

__TI_cinit_table @ 0000e390 records: 3, size/record: 8, table size: 24
	.data: load addr=0000e028, load size=00000347 bytes, run addr=20001814, run size=000008bc bytes, compression=lzss
	.bss: load addr=0000e380, load size=00000008 bytes, run addr=20000400, run size=00001414 bytes, compression=zero_init
	.vecs: load addr=0000e388, load size=00000008 bytes, run addr=20000000, run size=00000360 bytes, compression=zero_init


LINKER GENERATED HANDLER TABLE

__TI_handler_table @ 0000e370 records: 3, size/record: 4, table size: 12
	index: 0, handler: __TI_decompress_lzss
	index: 1, handler: __TI_decompress_none
	index: 2, handler: __TI_zero_init


GLOBAL SYMBOLS: SORTED ALPHABETICALLY BY Name 

address   name                                                                 
-------   ----                                                                 
00002915  C$$EXIT                                                              
00006b7b  C$$IO$$                                                              
00007a99  CanvasMsgProc                                                        
00007e2f  EK_TM4C1294XL_initGPIO                                               
000043ad  EK_TM4C1294XL_initGeneral                                            
00007ba5  FPUEnable                                                            
00007bb5  FPULazyStackingEnable                                                
000072a9  GPIODirModeSet                                                       
00004f0b  GPIOIntClear                                                         
00007d05  GPIOIntEnable                                                        
00007cb9  GPIOIntStatus                                                        
00005e35  GPIOIntTypeSet                                                       
00003269  GPIOPadConfigSet                                                     
00006481  GPIOPinConfigure                                                     
0000755b  GPIOPinRead                                                          
00007935  GPIOPinTypeGPIOOutput                                                
00007b4d  GPIOPinTypeSSI                                                       
00007ce3  GPIOPinWrite                                                         
0000de5c  GPIOTiva_config                                                      
00006e75  GPIO_enableInt                                                       
000056d1  GPIO_hwiIntFxn                                                       
00004d6d  GPIO_init                                                            
00005fdd  GPIO_setCallback                                                     
00002e8d  GPIO_setConfig                                                       
0000602d  GPIO_toggle                                                          
0000607d  GPIO_write                                                           
0000559d  GrContextClipRegionSet                                               
00007e61  GrContextFontSet                                                     
00005395  GrContextInit                                                        
000040b1  GrDefaultStringRenderer                                              
00007117  GrFontBaselineGet                                                    
00007709  GrFontCodepageGet                                                    
00007539  GrFontGlyphDataGet                                                   
0000150d  GrFontGlyphRender                                                    
[...]
00007de5  xdc_runtime_Memory_calloc__E                                         
00007df1  xdc_runtime_Memory_getMaxDefaultTypeAlign__E                         
00007e07  SSIDataPut                                                           
00007e11  SSIEnable                                                            
00007e1b  xdc_runtime_Memory_HeapProxy_alloc__E                                
00007e25  xdc_runtime_Memory_HeapProxy_free__E                                 
00007e2f  EK_TM4C1294XL_initGPIO                                               
00007e37  GrMapISO8859_1_Unicode                                               
00007e3f  SSIBusy                                                              
00007e47  ti_sysbios_family_arm_lm4_Timer_masterDisable__I                     
00007e51  ti_sysbios_family_arm_m3_Hwi_doSwiRestore__I                         
00007e59  ti_sysbios_family_arm_m3_Hwi_startup__E                              
00007e59  ti_sysbios_hal_Hwi_HwiProxy_startup__E                               
00007e59  ti_sysbios_hal_Hwi_startup__E                                        
00007e61  GrContextFontSet                                                     
00007e67  SysCtlDelay                                                          
00007e6d  WidgetMutexPut                                                       
00007e73  xdc_runtime_System_Module_startup__E                                 
00007e79  ti_sysbios_family_arm_m3_Hwi_doTaskRestore__I                        
00007e81  ti_sysbios_family_arm_m3_Hwi_restoreFxn__E                           
00007e81  ti_sysbios_hal_Hwi_HwiProxy_restore__E                               
00007e89  ti_sysbios_gates_GateHwi_leave__E                                    
00007e91  ti_sysbios_heaps_HeapMem_isBlocking__E                               
00007e99  ti_sysbios_knl_Queue_Instance_init__E                                
00007ea1  ti_sysbios_knl_Swi_startup__E                                        
00007ea9  ti_sysbios_gates_GateHwi_query__E                                    
00007ea9  xdc_runtime_Main_Module_GateProxy_query__E                           
00007ea9  xdc_runtime_System_Module_GateProxy_query__E                         
00007eb1  ti_sysbios_BIOS_RtsGateProxy_query__E                                
00007eb1  ti_sysbios_gates_GateMutex_query__E                                  
00007eb1  ti_sysbios_heaps_HeapMem_Module_GateProxy_query__E                   
00007eb9  ti_sysbios_knl_Task_startup__E                                       
00007ec1  ti_sysbios_gates_GateHwi_Instance_init__E                            
00007ec9  ti_sysbios_knl_Clock_logTick__E                                      
00007ecc  xdc_runtime_Text_charTab__A                                          
0000b33c  g_pui8RedSlider195x37                                                
0000bb79  g_pui8GreenSlider195x37                                              
0000c39f  g_pui8GettingHotter28x148                                            
0000caa4  g_pui8GettingHotter28x148Mono                                        
0000ce51  g_pui8Blue50x50                                                      
0000d061  g_pui8Blue50x50Press                                                 
0000d26f  xdc_runtime_Error_policy__C                                          
0000d540  g_sFontCm18                                                          
0000d608  g_sFontCm20                                                          
0000d6d0  g_sFontCm24                                                          
0000d798  xdc_runtime_Text_nodeTab__A                                          
0000d966  ti_catalog_arm_cortexm4_tiva_ce_Boot_Module__id__C                   
0000db24  ti_sysbios_knl_Task_Object__PARAMS__C                                
0000dbc0  ti_sysbios_family_arm_m3_Hwi_Object__PARAMS__C                       
0000dbf0  g_sKentec320x240x16_SSD2119                                          
0000dc18  ti_sysbios_heaps_HeapMem_Module__FXNS__C                             
0000dc40  ti_sysbios_gates_GateHwi_Module__FXNS__C                             
0000dc64  ti_sysbios_gates_GateMutex_Module__FXNS__C                           
0000dc88  ti_sysbios_heaps_HeapMem_Object__PARAMS__C                           
0000dcac  ti_sysbios_knl_Clock_Object__PARAMS__C                               
0000dcd0  ti_sysbios_knl_Semaphore_Object__PARAMS__C                           
0000dcf4  ti_sysbios_family_arm_m3_Hwi_Object__DESC__C                         
0000dd14  ti_sysbios_gates_GateHwi_Object__DESC__C                             
0000dd34  ti_sysbios_gates_GateMutex_Object__DESC__C                           
0000dd54  ti_sysbios_heaps_HeapMem_Object__DESC__C                             
0000dd74  ti_sysbios_knl_Clock_Object__DESC__C                                 
0000dd94  ti_sysbios_knl_Queue_Object__DESC__C                                 
0000ddb4  ti_sysbios_knl_Semaphore_Object__DESC__C                             
0000ddd4  ti_sysbios_knl_Task_Object__DESC__C                                  
0000ddf4  xdc_runtime_Startup_sfxnTab__A                                       
0000de14  ti_sysbios_gates_GateHwi_Object__PARAMS__C                           
0000de2c  ti_sysbios_gates_GateMutex_Object__PARAMS__C                         
0000de44  ti_sysbios_knl_Queue_Object__PARAMS__C                               
0000de5c  GPIOTiva_config                                                      
0000de70  xdc_runtime_Startup_firstFxns__A                                     
0000de96  ti_sysbios_family_arm_m3_Hwi_Module__id__C                           
0000de98  g_psDefaultCodePointMapTable                                         
0000dea8  xdc_runtime_Startup_sfxnRts__A                                       
0000dec8  ti_sysbios_family_arm_m3_Hwi_excHookFuncs__A                         
0000ded0  ti_sysbios_knl_Idle_funcList__C                                      
0000ded8  xdc_runtime_Startup_firstFxns__C                                     
0000dee0  xdc_runtime_Startup_lastFxns__C                                      
0000dee8  ti_catalog_arm_cortexm4_tiva_ce_Boot_A_mustNotUseEnhancedClockMode__C
0000deec  ti_catalog_arm_cortexm4_tiva_ce_Boot_Module__diagsEnabled__C         
0000def0  ti_catalog_arm_cortexm4_tiva_ce_Boot_Module__diagsIncluded__C        
0000def4  ti_catalog_arm_cortexm4_tiva_ce_Boot_Module__diagsMask__C            
0000def8  ti_sysbios_family_arm_lm4_Timer_enableFunc__C                        
0000defc  ti_sysbios_family_arm_lm4_Timer_numTimerDevices__C                   
0000df00  ti_sysbios_family_arm_lm4_Timer_startupNeeded__C                     
0000df04  ti_sysbios_family_arm_m3_Hwi_E_NMI__C                                
0000df08  ti_sysbios_family_arm_m3_Hwi_E_alreadyDefined__C                     
0000df0c  ti_sysbios_family_arm_m3_Hwi_E_busFault__C                           
0000df10  ti_sysbios_family_arm_m3_Hwi_E_debugMon__C                           
0000df14  ti_sysbios_family_arm_m3_Hwi_E_hardFault__C                          
0000df18  ti_sysbios_family_arm_m3_Hwi_E_memFault__C                           
0000df1c  ti_sysbios_family_arm_m3_Hwi_E_noIsr__C                              
0000df20  ti_sysbios_family_arm_m3_Hwi_E_reserved__C                           
0000df24  ti_sysbios_family_arm_m3_Hwi_E_svCall__C                             
0000df28  ti_sysbios_family_arm_m3_Hwi_E_usageFault__C                         
0000df2c  ti_sysbios_family_arm_m3_Hwi_NUM_INTERRUPTS__C                       
0000df30  ti_sysbios_family_arm_m3_Hwi_Object__count__C                        
0000df34  ti_sysbios_family_arm_m3_Hwi_ccr__C                                  
0000df38  ti_sysbios_family_arm_m3_Hwi_excHandlerFunc__C                       
0000df3c  ti_sysbios_family_arm_m3_Hwi_excHookFuncs__C                         
0000df40  ti_sysbios_family_arm_m3_Hwi_nullIsrFunc__C                          
0000df44  ti_sysbios_family_arm_m3_Hwi_priGroup__C                             
0000df48  ti_sysbios_family_arm_m3_TaskSupport_stackAlignment__C               
0000df4c  ti_sysbios_gates_GateMutex_Instance_State_sem__O                     
0000df50  ti_sysbios_heaps_HeapMem_E_memory__C                                 
0000df54  ti_sysbios_heaps_HeapMem_Module__gateObj__C                          
0000df58  ti_sysbios_heaps_HeapMem_Object__count__C                            
0000df5c  ti_sysbios_heaps_HeapMem_reqAlign__C                                 
0000df60  ti_sysbios_knl_Clock_Module_State_clockQ__O                          
0000df64  ti_sysbios_knl_Semaphore_Instance_State_pendQ__O                     
0000df68  ti_sysbios_knl_Swi_Object__count__C                                  
0000df6c  ti_sysbios_knl_Task_Module_State_inactiveQ__O                        
0000df70  ti_sysbios_knl_Task_Object__count__C                                 
0000df74  ti_sysbios_knl_Task_allBlockedFunc__C                                
0000df78  ti_sysbios_knl_Task_defaultStackHeap__C                              
0000df7c  ti_sysbios_knl_Task_defaultStackSize__C                              
0000df80  ti_sysbios_knl_Task_numConstructedTasks__C                           
0000df88  xdc_runtime_Assert_E_assertFailed__C                                 
0000df8c  xdc_runtime_Core_A_initializedParams__C                              
0000df90  xdc_runtime_Core_Module__diagsEnabled__C                             
0000df94  xdc_runtime_Core_Module__diagsIncluded__C                            
0000df98  xdc_runtime_Core_Module__diagsMask__C                                
0000df9c  xdc_runtime_Error_E_memory__C                                        
0000dfa0  xdc_runtime_Error_Module__diagsEnabled__C                            
0000dfa4  xdc_runtime_Error_Module__diagsIncluded__C                           
0000dfa8  xdc_runtime_Error_Module__diagsMask__C                               
0000dfac  xdc_runtime_Error_Module__loggerFxn8__C                              
0000dfb0  xdc_runtime_Error_Module__loggerObj__C                               
0000dfb4  xdc_runtime_Error_policyFxn__C                                       
0000dfb8  xdc_runtime_Error_raiseHook__C                                       
0000dfbc  xdc_runtime_IGateProvider_Interface__BASE__C                         
0000dfc0  xdc_runtime_IHeap_Interface__BASE__C                                 
0000dfc4  xdc_runtime_IModule_Interface__BASE__C                               
0000dfc8  xdc_runtime_Log_L_error__C                                           
0000dfcc  xdc_runtime_Memory_defaultHeapInstance__C                            
0000dfd0  xdc_runtime_Startup_execImpl__C                                      
0000dfd4  xdc_runtime_Startup_maxPasses__C                                     
0000dfd8  xdc_runtime_Startup_sfxnRts__C                                       
0000dfdc  xdc_runtime_Startup_sfxnTab__C                                       
0000dfe0  xdc_runtime_SysMin_bufSize__C                                        
0000dfe4  xdc_runtime_SysMin_outputFunc__C                                     
0000dfe8  xdc_runtime_System_Module__gateObj__C                                
0000dfec  xdc_runtime_System_abortFxn__C                                       
0000dff0  xdc_runtime_System_exitFxn__C                                        
0000dff4  xdc_runtime_System_extendFxn__C                                      
0000dff8  xdc_runtime_System_maxAtexitHandlers__C                              
0000dffc  xdc_runtime_Text_charTab__C                                          
0000e000  xdc_runtime_Text_nameEmpty__C                                        
0000e004  xdc_runtime_Text_nameStatic__C                                       
0000e008  xdc_runtime_Text_nameUnknown__C                                      
0000e00c  xdc_runtime_Text_nodeTab__C                                          
0000e010  xdc_runtime_Text_visitRopeFxn__C                                     
0000e014  ti_sysbios_heaps_HeapMem_Module__id__C                               
0000e016  xdc_runtime_Core_Module__id__C                                       
0000e018  xdc_runtime_Error_Module__loggerDefined__C                           
0000e01a  xdc_runtime_Error_maxDepth__C                                        
0000e01c  xdc_runtime_Memory_Module__id__C                                     
0000e01e  xdc_runtime_SysMin_flushAtExit__C                                    
0000e020  xdc_runtime_Text_charCnt__C                                          
0000e022  xdc_runtime_Text_isLoaded__C                                         
0000e024  xdc_runtime_Text_registryModsLastId__C                               
0000e026  xdc_runtime_Text_unnamedModsLastId__C                                
0000e028  __TI_static_base__                                                   
0000e370  __TI_Handler_Table_Base                                              
0000e37c  __TI_Handler_Table_Limit                                             
0000e390  __TI_CINIT_Base                                                      
0000e3a8  __TI_CINIT_Limit                                                     
20000000  __start___llvm_prf_cnts                                              
20000000  __stop___llvm_prf_cnts                                               
20000000  ti_sysbios_family_arm_m3_Hwi_ramVectors                              
20000400  psDMAControlTable                                                    
20000800  ti_sysbios_heaps_HeapMem_Instance_State_0_buf__A                     
20000c00  ti_sysbios_family_arm_m3_Hwi_dispatchTable                           
20000f60  task0Stack                                                           
20001160  task1Stack                                                           
200014a0  __CIOBUF_                                                            
20001650  xdc_runtime_SysMin_Module_State_0_outbuf__A                          
200016d0  task0Struct                                                          
20001720  task1Struct                                                          
20001770  sContext                                                             
2000179c  clk1Struct                                                           
200017f0  parmbuf                                                              
200017f8  sRect                                                                
20001804  clk1Handle                                                           
20001808  g_ui32Panel                                                          
2000180c  g_ui32SysClock                                                       
20001814  g_psSliders                                                          
20001a3c  g_psPanels                                                           
20001abc  ti_sysbios_knl_Swi_Module_State_0_readyQ__A                          
20001b3c  ti_sysbios_knl_Task_Module_State_0_readyQ__A                         
20001bbc  g_sControls                                                          
20001c0c  g_sMainL                                                             
20001c5c  g_sMainR                                                             
20001cac  g_sOption                                                            
20001cfc  ti_sysbios_knl_Task_Module__state__V                                 
20001d40  g_sIntroWid                                                          
20001d80  g_sSliderValueCanvas                                                 
20001dc0  g_sTitle                                                             
20001e00  ti_sysbios_family_arm_lm4_Timer_Module_State_0_device__A             
20001e40  ti_sysbios_family_arm_lm4_Timer_Object__table__V                     
20001e80  ti_sysbios_gates_GateMutex_Object__table__V                          
20001eb8  ti_sysbios_family_arm_m3_Hwi_Module__state__V                        
20001eec  ti_sysbios_knl_Swi_Object__table__V                                  
20001f1c  ti_sysbios_knl_Clock_Module__state__V                                
20001f48  ti_sysbios_BIOS_Module__state__V                                     
20001f6c  g_sRoot                                                              
20001f8c  ti_sysbios_family_arm_lm4_Timer_Module_State_0_handles__A            
20001fac  ti_sysbios_knl_Swi_Module__state__V                                  
20001fc8  ti_sysbios_family_arm_m3_Hwi_Object__table__V                        
20001fe0  ti_sysbios_heaps_HeapMem_Object__table__V                            
20001ff8  gpioPinConfigs                                                       
20002016  ti_sysbios_family_arm_m3_Hwi_Module_State_0_excActive__A             
20002018  ti_sysbios_family_arm_lm4_Timer_Module__state__V                     
20002024  xdc_runtime_SysMin_Module__state__V                                  
20002030  _lock                                                                
20002034  _unlock                                                              
20002038  buttonPressed                                                        
2000203c  StartingBlock                                                        
20002040  g_pcPanei32Names                                                     
20002048  gpioCallbackFunctions                                                
20002050  ti_sysbios_family_arm_m3_Hwi_Module__root__V                         
20002058  ti_sysbios_gates_GateHwi_Module__root__V                             
20002060  ti_sysbios_gates_GateMutex_Module__root__V                           
20002068  ti_sysbios_heaps_HeapMem_Module__root__V                             
20002070  ti_sysbios_knl_Clock_Module__root__V                                 
20002078  ti_sysbios_knl_Queue_Module__root__V                                 
20002080  ti_sysbios_knl_Semaphore_Module__root__V                             
20002088  ti_sysbios_knl_Task_Module__root__V                                  
20002090  xdc_runtime_Registry_Module__state__V                                
20002098  xdc_runtime_Startup_Module__state__V                                 
200020a0  xdc_runtime_System_Module_State_0_atexitHandlers__A                  
200020a8  xdc_runtime_System_Module__state__V                                  
200020b6  xdc_runtime_Error_Module__state__V                                   
200020b8  main_func_sp                                                         
200020bc  ti_sysbios_family_arm_m3_Hwi_Module_State_0_excContext__A            
200020c0  ti_sysbios_family_arm_m3_Hwi_Module_State_0_excStack__A              
200020c4  ti_sysbios_gates_GateHwi_Object__table__V                            
200020c8  ti_sysbios_knl_Task_Module_State_0_idleTask__A                       
200020cc  xdc_runtime_Memory_Module__state__V                                  
200020d0  __stack                                                              
200023d0  __STACK_END                                                          
e000e000  ti_sysbios_family_arm_m3_Hwi_nvic                                    
ffffffff  __TI_pprof_out_hndl                                                  
ffffffff  __TI_prof_data_size                                                  
ffffffff  __TI_prof_data_start                                                 
ffffffff  __binit__                                                            
ffffffff  __c_args__                                                           
ffffffff  binit                                                                
UNDEFED   SHT$$INIT_ARRAY$$Base                                                
UNDEFED   SHT$$INIT_ARRAY$$Limit                                               

[607 symbols]
