******************************************************************************
                  TI ARM Linker PC v20.2.7                     
******************************************************************************
>> Linked Sun May 28 18:26:20 2023

OUTPUT FILE NAME:   <UI_EGH456.out>
ENTRY POINT SYMBOL: "_c_int00"  address: 00006fcd


MEMORY CONFIGURATION

         name            origin    length      used     unused   attr    fill
----------------------  --------  ---------  --------  --------  ----  --------
  FLASH                 00000000   00100000  0000c7f6  000f380a  R  X
  SRAM                  20000000   00040000  0000212c  0003ded4  RW X


SEGMENT ALLOCATION MAP

run origin  load origin   length   init length attrs members
----------  ----------- ---------- ----------- ----- -------
00000000    00000000    0000c800   0000c800    r-x
  00000000    00000000    0000003c   0000003c    r-- .resetVecs
  00000040    00000040    0000937a   0000937a    r-x .text
  000093bc    000093bc    00003068   00003068    r-- .const
  0000c428    0000c428    000003d8   000003d8    r-- .cinit
20000000    20000000    00002130   00000000    rw-
  20000000    20000000    00000360   00000000    rw- .vecs
  20000360    20000360    00001010   00000000    rw- .bss
  20001370    20001370    00000abc   00000000    rw- .data
  20001e30    20001e30    00000300   00000000    rw- .stack


SECTION ALLOCATION MAP

 output                                  attributes/
section   page    origin      length       input sections
--------  ----  ----------  ----------   ----------------
.text      0    00000040    0000937a     
                  00000040    00000a4e     rtsv7M4_T_le_v4SPD16_eabi.lib : _printfi.c.obj (.text:__TI_printfi)
                  00000a8e    00000002                                   : _lock.c.obj (.text:_nop)
                  00000a90    00000430     sysbios.aem4f : BIOS.obj (.text:ti_sysbios_family_arm_m3_Hwi_excDumpRegs__I)
                  00000ec0    00000374     grlib.lib : image.obj (.text:InternalImageDraw)
                  00001234    0000034c     ti.targets.arm.rtsarm.aem4f : System.oem4f (.text:xdc_runtime_System_doPrint__I)
                  00001580    000002dc     grlib.lib : image.obj (.text:PixelTransparentDraw)
                  0000185c    000002c8               : slider.obj (.text:SliderPaint)
                  00001b24    00000270     rtsv7M4_T_le_v4SPD16_eabi.lib : _printfi.c.obj (.text:_pconv_a)
                  00001d94    00000252     grlib.lib : string.obj (.text:GrFontGlyphRender)
                  00001fe6    00000002     rtsv7M4_T_le_v4SPD16_eabi.lib : div0.asm.obj (.text)
                  00001fe8    00000208     empty_min.obj (.text:optionPanel)
                  000021f0    00000204     Boot.aem4f : Boot_sysctl.oem4f (.text:ti_catalog_arm_cortexm4_tiva_ce_Boot_sysCtlClockFreqSetI__I)
                  000023f4    00000004     grlib.lib : widget.obj (.text:WidgetDefaultMsgProc)
                  000023f8    000001f4     sysbios.aem4f : BIOS.obj (.text:ti_sysbios_family_arm_m3_Hwi_excHandlerMax__I)
                  000025ec    000001e4     Kentec320x240x16_ssd2119_spi.obj (.text:Kentec320x240x16_SSD2119Init)
                  000027d0    000001dc     Kentec320x240x16_ssd2119_spi.obj (.text:Kentec320x240x16_SSD2119PixelDrawMultiple)
                  000029ac    000001d0     rtsv7M4_T_le_v4SPD16_eabi.lib : _printfi.c.obj (.text:_pconv_g)
                  00002b7c    000001b6                                   : fd_add_t2.asm.obj (.text)
                  00002d32    00000190     grlib.lib : canvas.obj (.text:CanvasPaint)
                  00002ec2    0000017e               : pushbutton.obj (.text:RectangularButtonPaint)
                  00003040    00000174     sysbios.aem4f : BIOS.obj (.text:ti_sysbios_family_arm_m3_Hwi_excBusFault__I)
                  000031b4    00000170     empty_min.obj (.text:initLCD)
                  00003324    00000004     rtsv7M4_T_le_v4SPD16_eabi.lib : exit.c.obj (.text:abort:abort)
                  00003328    00000164     sysbios.aem4f : BIOS.obj (.text:ti_sysbios_family_arm_m3_Hwi_excUsageFault__I)
                  0000348c    00000004     empty_min_pem4f.oem4f (.text:ti_sysbios_BIOS_RtsGateProxy_enter__E)
                  00003490    00000154     sysbios.aem4f : BIOS.obj (.text:ti_sysbios_knl_Semaphore_pend__E)
                  000035e4    00000150     drivers_tivaware.aem4f : GPIOTiva.oem4f (.text:GPIO_setConfig)
                  00003734    00000004     empty_min_pem4f.oem4f (.text:ti_sysbios_BIOS_RtsGateProxy_leave__E)
                  00003738    00000148     sysbios.aem4f : BIOS.obj (.text:ti_sysbios_family_arm_m3_Hwi_excMemFault__I)
                  00003880    00000140     empty_min.obj (.text:mainPanel)
                  000039c0    0000013c     rtsv7M4_T_le_v4SPD16_eabi.lib : _printfi.c.obj (.text:_pconv_e)
                  00003afc    00000136                                   : fd_div_t2.asm.obj (.text)
                  00003c32    00000132     driverlib.lib : gpio.obj (.text:GPIOPadConfigSet)
                  00003d64    00000128     empty_min.obj (.text:OnControl)
                  00003e8c    00000128     empty_min.obj (.text:OnMain)
                  00003fb4    00000128     empty_min.obj (.text:OnOption)
                  000040dc    00000124     rtsv7M4_T_le_v4SPD16_eabi.lib : _printfi.c.obj (.text:fcvt)
                  00004200    00000118     ti.targets.arm.rtsarm.aem4f : Error.oem4f (.text:xdc_runtime_Error_policyDefault__E)
                  00004318    00000110     rtsv7M4_T_le_v4SPD16_eabi.lib : s_scalbn.c.obj (.text:scalbn)
                  00004428    0000010c     Kentec320x240x16_ssd2119_spi.obj (.text:Kentec320x240x16_SSD2119RectFill)
                  00004534    00000004     sysbios.aem4f : BIOS.obj (.text:ti_sysbios_family_arm_lm4_Timer_masterEnable__I)
                  00004538    00000108                   : BIOS.obj (.text:ti_sysbios_family_arm_lm4_Timer_start__E)
                  00004640    00000100     ti.targets.arm.rtsarm.aem4f : Core-mem.oem4f (.text:xdc_runtime_Core_createObject__I)
                  00004740    000000fc     rtsv7M4_T_le_v4SPD16_eabi.lib : fd_mul_t2.asm.obj (.text)
                  0000483c    000000f8     ti.targets.arm.rtsarm.aem4f : Startup.oem4f (.text:xdc_runtime_Startup_startMods__I)
                  00004934    000000f8     empty_min_pem4f.oem4f (.text:xdc_runtime_System_printfExtend__I)
                  00004a2c    000000f4     sysbios.aem4f : m3_Hwi_asm.obj (.text:ti_sysbios_family_arm_m3_Hwi_dispatch__I)
                  00004b20    000000f2     grlib.lib : pushbutton.obj (.text:RectangularButtonClick)
                  00004c12    00000002     empty_min_pem4f.oem4f (.text:ti_sysbios_BIOS_nullFunc__I)
                  00004c14    000000e8     grlib.lib : widget.obj (.text:WidgetMessageQueueAdd)
                  00004cfc    00000004     empty_min_pem4f.oem4f (.text:ti_sysbios_family_arm_m3_TaskSupport_Module__startupDone__S)
                  00004d00    000000dc     sysbios.aem4f : BIOS.obj (.text:ti_sysbios_knl_Task_sleep__E)
                  00004ddc    000000da     grlib.lib : slider.obj (.text:SliderClick)
                  00004eb6    00000002     empty_min_pem4f.oem4f (.text:xdc_runtime_Startup_reset__I)
                  00004eb8    000000d4     sysbios.aem4f : BIOS.obj (.text:ti_sysbios_heaps_HeapMem_alloc__E)
                  00004f8c    00000004     empty_min_pem4f.oem4f (.text:ti_sysbios_heaps_HeapMem_Module_GateProxy_enter__E)
                  00004f90    000000cc     sysbios.aem4f : BIOS.obj (.text:ti_sysbios_knl_Task_Instance_init__E)
                  0000505c    000000cc     ti.targets.arm.rtsarm.aem4f : Core-smem.oem4f (.text:xdc_runtime_Core_constructObject__I)
                  00005128    000000c0     grlib.lib : string.obj (.text:GrDefaultStringRenderer)
                  000051e8    000000bc     sysbios.aem4f : BIOS.obj (.text:ti_sysbios_family_arm_m3_Hwi_excDebugMon__I)
                  000052a4    00000004     empty_min_pem4f.oem4f (.text:ti_sysbios_heaps_HeapMem_Module_GateProxy_leave__E)
                  000052a8    000000bc     sysbios.aem4f : BIOS.obj (.text:ti_sysbios_family_arm_m3_Hwi_excHardFault__I)
                  00005364    00000004     empty_min_pem4f.oem4f (.text:ti_sysbios_knl_Clock_TimerProxy_getMaxTicks__E)
                  00005368    000000bc     sysbios.aem4f : BIOS.obj (.text:ti_sysbios_knl_Task_Instance_finalize__E)
                  00005424    000000b8     EK_TM4C1294XL.obj (.text:EK_TM4C1294XL_initGeneral)
                  000054dc    000000b8     Kentec320x240x16_ssd2119_spi.obj (.text:InitSPILCDInterface)
                  00005594    000000b4     grlib.lib : widget.obj (.text:WidgetMessageSendPostOrder)
                  00005648    000000b4     empty_min.obj (.text:initThread)
                  000056fc    000000b1     rtsv7M4_T_le_v4SPD16_eabi.lib : _printfi.c.obj (.text:_ltostr)
                  000057ad    00000001     --HOLE-- [fill = 0]
                  000057ae    000000b0     grlib.lib : slider.obj (.text:SliderValueToPosition)
                  0000585e    00000002     --HOLE-- [fill = 0]
                  00005860    000000ac     sysbios.aem4f : BIOS.obj (.text:ti_sysbios_family_arm_lm4_Timer_enableTiva__I)
                  0000590c    000000a0     auto_init.aem4f : auto_init.oem4f (.text)
                  000059ac    000000a0     ti.targets.arm.rtsarm.aem4f : Text.oem4f (.text:xdc_runtime_Text_putMod__E)
                  00005a4c    0000009c     rtsv7M4_T_le_v4SPD16_eabi.lib : memcpy_t2.asm.obj (.text)
                  00005ae8    0000009a     ti.targets.arm.rtsarm.aem4f : Text.oem4f (.text:xdc_runtime_Text_putSite__E)
                  00005b82    00000002     --HOLE-- [fill = 0]
                  00005b84    00000098     Boot.aem4f : Boot.oem4f (.text:ti_catalog_arm_cortexm4_tiva_ce_Boot_sysCtlClockFreqSet__E)
                  00005c1c    00000096     rtsv7M4_T_le_v4SPD16_eabi.lib : ull_div_t2.asm.obj (.text)
                  00005cb2    00000006     driverlib.lib : gpio.obj (.text:GPIOIntClear)
                  00005cb8    00000094     sysbios.aem4f : BIOS.obj (.text:ti_sysbios_family_arm_m3_Hwi_Instance_init__E)
                  00005d4c    00000004     empty_min_pem4f.oem4f (.text:ti_sysbios_knl_Queue_destruct)
                  00005d50    00000094     sysbios.aem4f : BIOS.obj (.text:ti_sysbios_family_arm_m3_Hwi_initNVIC__E)
                  00005de4    00000004     empty_min_pem4f.oem4f (.text:ti_sysbios_knl_Semaphore_destruct)
                  00005de8    00000094     sysbios.aem4f : BIOS.obj (.text:ti_sysbios_knl_Task_postInit__I)
                  00005e7c    0000008c     drivers_tivaware.aem4f : GPIOTiva.oem4f (.text:GPIO_init)
                  00005f08    0000008c     sysbios.aem4f : m3_TaskSupport_asm.obj (.text:ti_sysbios_family_arm_m3_TaskSupport_buildTaskStack)
                  00005f94    00000086     grlib.lib : rectangle.obj (.text:GrRectFill)
                  0000601a    00000086     rtsv7M4_T_le_v4SPD16_eabi.lib : fd_cmp_t2.asm.obj (.text:__aeabi_cdcmple)
                  000060a0    00000086                                   : fd_cmp_t2.asm.obj (.text:__aeabi_cdrcmple)
                  00006126    00000002     --HOLE-- [fill = 0]
                  00006128    00000084     sysbios.aem4f : BIOS.obj (.text:ti_sysbios_family_arm_m3_Hwi_postInit__I)
                  000061ac    00000004     ti.targets.arm.rtsarm.aem4f : Error.oem4f (.text:xdc_runtime_Error_getSite__E)
                  000061b0    0000007c     sysbios.aem4f : BIOS.obj (.text:ti_sysbios_heaps_HeapMem_free__E)
                  0000622c    0000007a     rtsv7M4_T_le_v4SPD16_eabi.lib : memset_t2.asm.obj (.text)
                  000062a6    00000002     --HOLE-- [fill = 0]
                  000062a8    00000070     sysbios.aem4f : BIOS.obj (.text:ti_sysbios_knl_Clock_workFunc__E)
                  00006318    00000070                   : BIOS.obj (.text:ti_sysbios_knl_Task_exit__E)
                  00006388    0000006e     grlib.lib : rectangle.obj (.text:GrRectIntersectGet)
                  000063f6    0000006e     rtsv7M4_T_le_v4SPD16_eabi.lib : _printfi.c.obj (.text:_mcpy)
                  00006464    0000006d     ti.targets.arm.rtsarm.aem4f : System.oem4f (.text:xdc_runtime_System_formatNum__I)
                  000064d1    00000001     --HOLE-- [fill = 0]
                  000064d2    00000006     driverlib.lib : gpio.obj (.text:GPIOPinRead)
                  000064d8    0000006c     sysbios.aem4f : BIOS.obj (.text:ti_sysbios_knl_Swi_restoreHwi__E)
                  00006544    0000006c     ti.targets.arm.rtsarm.aem4f : Error.oem4f (.text:xdc_runtime_Error_print__E)
                  000065b0    0000006c                                 : Memory.oem4f (.text:xdc_runtime_Memory_alloc__E)
                  0000661c    00000068     grlib.lib : context.obj (.text:GrContextInit)
                  00006684    00000068               : string.obj (.text:GrStringWidthGet)
                  000066ec    00000068     Kentec320x240x16_ssd2119_spi.obj (.text:Kentec320x240x16_SSD2119LineDrawH)
                  00006754    00000068     Kentec320x240x16_ssd2119_spi.obj (.text:Kentec320x240x16_SSD2119LineDrawV)
                  000067bc    00000068     rtsv7M4_T_le_v4SPD16_eabi.lib : copy_decompress_lzss.c.obj (.text:decompress:lzss:__TI_decompress_lzss)
                  00006824    00000066     grlib.lib : context.obj (.text:GrContextClipRegionSet)
                  0000688a    00000066               : rectangle.obj (.text:GrRectDraw)
                  000068f0    00000066     ti.targets.arm.rtsarm.aem4f : Core-mem.oem4f (.text:xdc_runtime_Core_deleteObject__I)
                  00006956    00000002     --HOLE-- [fill = 0]
                  00006958    00000064     drivers_tivaware.aem4f : GPIOTiva.oem4f (.text:GPIO_hwiIntFxn)
                  000069bc    00000064     empty_min.obj (.text:clk1Fxn)
                  00006a20    00000064     rtsv7M4_T_le_v4SPD16_eabi.lib : s_frexp.c.obj (.text:frexp)
                  00006a84    00000004     empty_min_pem4f.oem4f (.text:xdc_runtime_System_Module_GateProxy_enter__E)
                  00006a88    00000064     sysbios.aem4f : BIOS.obj (.text:ti_sysbios_family_arm_lm4_Timer_Module_startup__E)
                  00006aec    00000064     empty_min_pem4f.oem4f (.text:ti_sysbios_family_arm_m3_Hwi_create)
                  00006b50    00000064     sysbios.aem4f : BIOS.obj (.text:ti_sysbios_family_arm_m3_Hwi_dispatchC__I)
                  00006bb4    00000004     empty_min_pem4f.oem4f (.text:xdc_runtime_System_Module_GateProxy_leave__E)
                  00006bb8    00000064     sysbios.aem4f : BIOS.obj (.text:ti_sysbios_knl_Semaphore_post__E)
                  00006c1c    00000060     grlib.lib : widget.obj (.text:WidgetMessageQueueProcess)
                  00006c7c    00000060     Kentec320x240x16_ssd2119_spi.obj (.text:WriteDataSPI)
                  00006cdc    0000005e     grlib.lib : widget.obj (.text:WidgetMessageSendPreOrder)
                  00006d3a    00000002     --HOLE-- [fill = 0]
                  00006d3c    0000005c     Kentec320x240x16_ssd2119_spi.obj (.text:WriteCommandSPI)
                  00006d98    0000005c     sysbios.aem4f : BIOS.obj (.text:ti_sysbios_knl_Swi_run__I)
                  00006df4    00000004     ti.targets.arm.rtsarm.aem4f : System.oem4f (.text:xdc_runtime_System_aprintf_va__F)
                  00006df8    0000005c     sysbios.aem4f : BIOS.obj (.text:ti_sysbios_knl_Swi_schedule__I)
                  00006e54    00000004     ti.targets.arm.rtsarm.aem4f : System.oem4f (.text:xdc_runtime_System_printf_va__F)
                  00006e58    0000005c     sysbios.aem4f : BIOS.obj (.text:ti_sysbios_knl_Task_Module_startup__E)
                  00006eb4    00000004     --HOLE-- [fill = 0]
                  00006eb8    0000005c                   : BIOS.obj (.text:ti_sysbios_knl_Task_startCore__E)
                  00006f14    0000005b     ti.targets.arm.rtsarm.aem4f : Text.oem4f (.text:xdc_runtime_Text_putLab__E)
                  00006f6f    00000001     --HOLE-- [fill = 0]
                  00006f70    0000005a     grlib.lib : string.obj (.text:FontWideGlyphDataGet)
                  00006fca    00000002     --HOLE-- [fill = 0]
                  00006fcc    00000058     boot.aem4f : boot.oem4f (.text)
                  00007024    00000058     rtsv7M4_T_le_v4SPD16_eabi.lib : hostwrite.c.obj (.text:HOSTwrite)
                  0000707c    00000058     grlib.lib : slider.obj (.text:SliderPositionToValue)
                  000070d4    00000058     empty_min.obj (.text:controlPanel)
                  0000712c    00000058     sysbios.aem4f : m3_Hwi_asm_switch.obj (.text:ti_sysbios_family_arm_m3_Hwi_initStacks__E)
                  00007184    00000056     driverlib.lib : gpio.obj (.text:GPIOIntTypeSet)
                  000071da    00000056     rtsv7M4_T_le_v4SPD16_eabi.lib : _printfi.c.obj (.text:_pconv_f)
                  00007230    00000054                                   : _ltoa.c.obj (.text:__TI_ltoa)
                  00007284    00000004     --HOLE-- [fill = 0]
                  00007288    00000054     sysbios.aem4f : BIOS.obj (.text:ti_sysbios_family_arm_lm4_Timer_initDevice__I)
                  000072dc    00000054     empty_min_pem4f.oem4f (.text:ti_sysbios_knl_Task_construct)
                  00007330    00000054     ti.targets.arm.rtsarm.aem4f : Assert.oem4f (.text:xdc_runtime_Assert_raise__I)
                  00007384    00000052     rtsv7M4_T_le_v4SPD16_eabi.lib : _printfi.c.obj (.text:_ecpy)
                  000073d6    00000002     --HOLE-- [fill = 0]
                  000073d8    00000050     drivers_tivaware.aem4f : GPIOTiva.oem4f (.text:GPIO_setCallback)
                  00007428    00000050                            : GPIOTiva.oem4f (.text:GPIO_toggle)
                  00007478    00000050                            : GPIOTiva.oem4f (.text:GPIO_write)
                  000074c8    00000050     Boot.aem4f : Boot_sysctl.oem4f (.text:_SysCtlFrequencyGet)
                  00007518    00000050     sysbios.aem4f : BIOS.obj (.text:ti_sysbios_family_arm_m3_Hwi_Module_startup__E)
                  00007568    00000050                   : BIOS.obj (.text:ti_sysbios_knl_Clock_Instance_init__E)
                  000075b8    00000050     ti.targets.arm.rtsarm.aem4f : Startup.oem4f (.text:xdc_runtime_Startup_exec__E)
                  00007608    00000050                                 : Text.oem4f (.text:xdc_runtime_Text_visitRope2__I)
                  00007658    0000004c     grlib.lib : widget.obj (.text:WidgetRemove)
                  000076a4    0000004c     rtsv7M4_T_le_v4SPD16_eabi.lib : atoi.c.obj (.text:atoi)
                  000076f0    0000004c                                   : cpy_tbl.c.obj (.text:copy_in)
                  0000773c    00000004     --HOLE-- [fill = 0]
                  00007740    0000004c     sysbios.aem4f : BIOS.obj (.text:ti_sysbios_heaps_HeapMem_getStats__E)
                  0000778c    00000004     --HOLE-- [fill = 0]
                  00007790    0000004c                   : BIOS.obj (.text:ti_sysbios_knl_Swi_runLoop__I)
                  000077dc    00000004     --HOLE-- [fill = 0]
                  000077e0    0000004c                   : BIOS.obj (.text:ti_sysbios_knl_Task_allBlockedFunction__I)
                  0000782c    00000004     --HOLE-- [fill = 0]
                  00007830    0000004c                   : BIOS.obj (.text:ti_sysbios_knl_Task_schedule__I)
                  0000787c    0000004a     grlib.lib : string.obj (.text:UpdateContextCharMapping)
                  000078c6    00000002     --HOLE-- [fill = 0]
                  000078c8    00000048     driverlib.lib : gpio.obj (.text:GPIOPinConfigure)
                  00007910    00000048     rtsv7M4_T_le_v4SPD16_eabi.lib : fd_toi_t2.asm.obj (.text)
                  00007958    00000048     sysbios.aem4f : BIOS.obj (.text:ti_sysbios_family_arm_lm4_Timer_enableTimers__I)
                  000079a0    00000048                   : BIOS.obj (.text:ti_sysbios_family_arm_m3_Hwi_disableInterrupt__E)
                  000079e8    00000048                   : BIOS.obj (.text:ti_sysbios_family_arm_m3_Hwi_enableInterrupt__E)
                  00007a30    00000048                   : BIOS.obj (.text:ti_sysbios_family_arm_m3_Hwi_excReserved__I)
                  00007a78    00000046     grlib.lib : line.obj (.text:GrLineDrawH)
                  00007abe    00000046               : line.obj (.text:GrLineDrawV)
                  00007b04    00000046     Kentec320x240x16_ssd2119_spi.obj (.text:Kentec320x240x16_SSD2119PixelDraw)
                  00007b4a    00000046     ti.targets.arm.rtsarm.aem4f : Core-params.oem4f (.text:xdc_runtime_Core_assignParams__I)
                  00007b90    00000044     sysbios.aem4f : BIOS.obj (.text:ti_sysbios_family_arm_lm4_Timer_isrStub__E)
                  00007bd4    00000004     --HOLE-- [fill = 0]
                  00007bd8    00000044                   : BIOS.obj (.text:ti_sysbios_family_arm_m3_Hwi_getStackInfo__E)
                  00007c1c    00000004     --HOLE-- [fill = 0]
                  00007c20    00000044                   : BIOS.obj (.text:ti_sysbios_knl_Swi_post__E)
                  00007c64    00000044     ti.targets.arm.rtsarm.aem4f : Error.oem4f (.text:xdc_runtime_Error_setX__E)
                  00007ca8    00000044                                 : SysMin.oem4f (.text:xdc_runtime_SysMin_flush__E)
                  00007cec    00000044                                 : Text.oem4f (.text:xdc_runtime_Text_xprintf__I)
                  00007d30    00000040     rtsv7M4_T_le_v4SPD16_eabi.lib : u_divt2.asm.obj (.text)
                  00007d70    00000040                                   : sprintf.c.obj (.text:sprintf)
                  00007db0    00000040     sysbios.aem4f : BIOS.obj (.text:ti_sysbios_family_arm_lm4_Timer_startup__E)
                  00007df0    00000040                   : BIOS.obj (.text:ti_sysbios_heaps_HeapMem_Instance_init__E)
                  00007e30    0000003e     rtsv7M4_T_le_v4SPD16_eabi.lib : _printfi.c.obj (.text:_fcpy)
                  00007e6e    0000003c     grlib.lib : string.obj (.text:FontGlyphDataGet)
                  00007eaa    0000003c     driverlib.lib : ssi.obj (.text:SSIConfigSetExpClk)
                  00007ee6    00000002     --HOLE-- [fill = 0]
                  00007ee8    0000003c     sysbios.aem4f : BIOS.obj (.text:ti_sysbios_family_arm_m3_Hwi_excSvCall__I)
                  00007f24    00000004     --HOLE-- [fill = 0]
                  00007f28    0000003c                   : BIOS.obj (.text:ti_sysbios_heaps_HeapMem_init__I)
                  00007f64    00000004     --HOLE-- [fill = 0]
                  00007f68    0000003c                   : BIOS.obj (.text:ti_sysbios_knl_Swi_restore__E)
                  00007fa4    00000038     grlib.lib : rectangle.obj (.text:GrRectOverlapCheck)
                  00007fdc    00000038     empty_min.obj (.text:Testing)
                  00008014    00000038     rtsv7M4_T_le_v4SPD16_eabi.lib : trgmsg.c.obj (.text:__TI_writemsg)
                  0000804c    00000038     empty_min.obj (.text:gpioButtonFxn0)
                  00008084    00000004     --HOLE-- [fill = 0]
                  00008088    00000038     sysbios.aem4f : BIOS.obj (.text:ti_sysbios_family_arm_m3_Hwi_excNoIsr__I)
                  000080c0    00000038                   : BIOS.obj (.text:ti_sysbios_knl_Task_processVitalTaskFlag__I)
                  000080f8    00000038     ti.targets.arm.rtsarm.aem4f : SysMin.oem4f (.text:xdc_runtime_SysMin_putch__E)
                  00008130    00000038                                 : System.oem4f (.text:xdc_runtime_System_atexit__E)
                  00008168    00000034     driverlib.lib : sysctl.obj (.text:SysCtlPeripheralEnable)
                  0000819c    00000034     rtsv7M4_T_le_v4SPD16_eabi.lib : trgmsg.c.obj (.text:__TI_readmsg)
                  000081d0    00000034     sysbios.aem4f : BIOS.obj (.text:ti_sysbios_family_arm_m3_Hwi_Instance_finalize__E)
                  00008204    00000004     --HOLE-- [fill = 0]
                  00008208    00000034                   : BIOS.obj (.text:ti_sysbios_family_arm_m3_Hwi_excNmi__I)
                  0000823c    00000034     empty_min_pem4f.oem4f (.text:ti_sysbios_knl_Clock_construct)
                  00008270    00000034     ti.targets.arm.rtsarm.aem4f : Core-label.oem4f (.text:xdc_runtime_Core_assignLabel__I)
                  000082a4    00000033                                 : Text.oem4f (.text:xdc_runtime_Text_printVisFxn__I)
                  000082d7    00000001     --HOLE-- [fill = 0]
                  000082d8    00000032     sysbios.aem4f : BIOS.obj (.text:ti_sysbios_hal_Hwi_initStack)
                  0000830a    00000002     --HOLE-- [fill = 0]
                  0000830c    00000030     drivers_tivaware.aem4f : GPIOTiva.oem4f (.text:GPIO_enableInt)
                  0000833c    00000030     empty_min_pem4f.oem4f (.text:ti_sysbios_BIOS_atExitFunc__I)
                  0000836c    00000004     --HOLE-- [fill = 0]
                  00008370    00000030     sysbios.aem4f : BIOS.obj (.text:ti_sysbios_family_arm_lm4_Timer_stop__E)
                  000083a0    00000030                   : BIOS.obj (.text:ti_sysbios_family_arm_m3_TaskSupport_start__E)
                  000083d0    00000030     empty_min_pem4f.oem4f (.text:ti_sysbios_gates_GateHwi_Object__create__S)
                  00008400    00000030     empty_min_pem4f.oem4f (.text:ti_sysbios_gates_GateMutex_Object__create__S)
                  00008430    00000030     sysbios.aem4f : BIOS.obj (.text:ti_sysbios_gates_GateMutex_enter__E)
                  00008460    00000030     empty_min_pem4f.oem4f (.text:ti_sysbios_heaps_HeapMem_Object__create__S)
                  00008490    00000030     empty_min_pem4f.oem4f (.text:ti_sysbios_knl_Semaphore_construct)
                  000084c0    00000030     sysbios.aem4f : BIOS.obj (.text:ti_sysbios_knl_Semaphore_pendTimeout__I)
                  000084f0    00000030                   : BIOS.obj (.text:ti_sysbios_knl_Task_unblockI__E)
                  00008520    00000030     ti.targets.arm.rtsarm.aem4f : SysMin.oem4f (.text:xdc_runtime_SysMin_abort__E)
                  00008550    00000030                                 : System.oem4f (.text:xdc_runtime_System_processAtExit__E)
                  00008580    0000002e     grlib.lib : string.obj (.text:GrStringNextCharGet)
                  000085ae    0000002e     rtsv7M4_T_le_v4SPD16_eabi.lib : i_tofd_t2.asm.obj (.text)
                  000085dc    0000002c     grlib.lib : string.obj (.text:GrFontBaselineGet)
                  00008608    0000002c               : string.obj (.text:GrFontHeightGet)
                  00008634    0000002c               : pushbutton.obj (.text:RectangularButtonMsgProc)
                  00008660    0000002c               : slider.obj (.text:SliderMsgProc)
                  0000868c    0000002c               : widget.obj (.text:WidgetIsInTree)
                  000086b8    0000002c     empty_min_pem4f.oem4f (.text:ti_sysbios_knl_Clock_doTick__I)
                  000086e4    0000002c     empty_min_pem4f.oem4f (.text:ti_sysbios_knl_Queue_construct)
                  00008710    0000002c     sysbios.aem4f : BIOS.obj (.text:ti_sysbios_knl_Task_restore__E)
                  0000873c    0000002c     ti.targets.arm.rtsarm.aem4f : Text.oem4f (.text:xdc_runtime_Text_cordText__E)
                  00008768    0000002a     driverlib.lib : gpio.obj (.text:GPIODirModeSet)
                  00008792    0000002a     ti.targets.arm.rtsarm.aem4f : System.oem4f (.text:xdc_runtime_System_putchar__I)
                  000087bc    00000028     Kentec320x240x16_ssd2119_spi.obj (.text:Kentec320x240x16_SSD2119ColorTranslate)
                  000087e4    00000004     --HOLE-- [fill = 0]
                  000087e8    00000028     sysbios.aem4f : BIOS.obj (.text:ti_sysbios_knl_Swi_Module_startup__E)
                  00008810    00000026     grlib.lib : string.obj (.text:GrFontInfoGet)
                  00008836    00000026     sysbios.aem4f : m3_Hwi_asm.obj (.text:ti_sysbios_family_arm_m3_Hwi_pendSV__I)
                  0000885c    00000026     ti.targets.arm.rtsarm.aem4f : System.oem4f (.text:xdc_runtime_System_avprintf__E)
                  00008882    00000002     --HOLE-- [fill = 0]
                  00008884    00000024     empty_min_pem4f.oem4f (.text:ti_sysbios_BIOS_errorRaiseHook__I)
                  000088a8    00000024     empty_min_pem4f.oem4f (.text:ti_sysbios_BIOS_registerRTSLock__I)
                  000088cc    00000024     empty_min_pem4f.oem4f (.text:ti_sysbios_BIOS_removeRTSLock__I)
                  000088f0    00000024     empty_min_pem4f.oem4f (.text:ti_sysbios_BIOS_startFunc__I)
                  00008914    00000024     empty_min_pem4f.oem4f (.text:ti_sysbios_gates_GateMutex_Object__delete__S)
                  00008938    00000024     sysbios.aem4f : BIOS.obj (.text:ti_sysbios_knl_Clock_Module_startup__E)
                  0000895c    00000004     --HOLE-- [fill = 0]
                  00008960    00000024                   : BIOS.obj (.text:ti_sysbios_knl_Clock_start__E)
                  00008984    00000004     --HOLE-- [fill = 0]
                  00008988    00000024                   : BIOS.obj (.text:ti_sysbios_knl_Semaphore_Instance_init__E)
                  000089ac    00000004     --HOLE-- [fill = 0]
                  000089b0    00000024                   : BIOS.obj (.text:ti_sysbios_knl_Task_restoreHwi__E)
                  000089d4    00000024     ti.targets.arm.rtsarm.aem4f : System.oem4f (.text:xdc_runtime_System_vprintf__E)
                  000089f8    00000022     grlib.lib : string.obj (.text:GrFontGlyphDataGet)
                  00008a1a    00000006     driverlib.lib : gpio.obj (.text:GPIOPinWrite)
                  00008a20    00000022     sysbios.aem4f : BIOS.obj (.text:ti_sysbios_family_arm_lm4_Timer_write__I)
                  00008a42    00000022     empty_min_pem4f.oem4f (.text:xdc_runtime_SysMin_output__I)
                  00008a64    00000020     Boot.aem4f : Boot_sysctl.oem4f (.text:_SysCtlMemTimingGet)
                  00008a84    00000020     empty_min_pem4f.oem4f (.text:ti_sysbios_BIOS_rtsLock__I)
                  00008aa4    00000020     sysbios.aem4f : m3_Hwi_asm.obj (.text:ti_sysbios_family_arm_m3_Hwi_excHandlerAsm__I)
                  00008ac4    00000004     --HOLE-- [fill = 0]
                  00008ac8    00000020                   : BIOS.obj (.text:ti_sysbios_family_arm_m3_Hwi_excHandler__I)
                  00008ae8    00000020     empty_min_pem4f.oem4f (.text:ti_sysbios_gates_GateHwi_Object__delete__S)
                  00008b08    00000020     empty_min_pem4f.oem4f (.text:ti_sysbios_heaps_HeapMem_Object__delete__S)
                  00008b28    00000020     sysbios.aem4f : BIOS.obj (.text:ti_sysbios_knl_Idle_run__E)
                  00008b48    00000020     empty_min_pem4f.oem4f (.text:ti_sysbios_knl_Semaphore_Object__destruct__S)
                  00008b68    00000020     ti.targets.arm.rtsarm.aem4f : Registry.oem4f (.text:xdc_runtime_Registry_findById__E)
                  00008b88    00000020                                 : SysMin.oem4f (.text:xdc_runtime_SysMin_Module_startup__E)
                  00008ba8    0000001e     grlib.lib : string.obj (.text:GrFontCodepageGet)
                  00008bc6    0000001e               : widget.obj (.text:WidgetAdd)
                  00008be4    0000001e     sysbios.aem4f : m3_Hwi_asm_switch.obj (.text:ti_sysbios_family_xxx_Hwi_switchAndRunFunc)
                  00008c02    0000001c     drivers_tivaware.aem4f : GPIOTiva.oem4f (.text:getGpioIntIndex)
                  00008c1e    0000001c     rtsv7M4_T_le_v4SPD16_eabi.lib : memccpy.c.obj (.text:memccpy)
                  00008c3a    00000006     grlib.lib : string.obj (.text:GrContextFontSet)
                  00008c40    0000001c     sysbios.aem4f : BIOS.obj (.text:ti_sysbios_gates_GateMutex_Instance_init__E)
                  00008c5c    0000001c     empty_min_pem4f.oem4f (.text:ti_sysbios_knl_Queue_Object__destruct__S)
                  00008c78    0000001c     sysbios.aem4f : BIOS.obj (.text:ti_sysbios_knl_Queue_put__E)
                  00008c94    00000004     --HOLE-- [fill = 0]
                  00008c98    0000001c                   : BIOS.obj (.text:ti_sysbios_knl_Task_enter__I)
                  00008cb4    0000001c     ti.targets.arm.rtsarm.aem4f : Error.oem4f (.text:xdc_runtime_Error_raiseX__E)
                  00008cd0    0000001c                                 : Memory.oem4f (.text:xdc_runtime_Memory_valloc__E)
                  00008cec    0000001c                                 : SysMin.oem4f (.text:xdc_runtime_SysMin_exit__E)
                  00008d08    0000001c                                 : System.oem4f (.text:xdc_runtime_System_abort__E)
                  00008d24    0000001a     rtsv7M4_T_le_v4SPD16_eabi.lib : s_copysign.c.obj (.text:copysign)
                  00008d3e    0000001a     empty_min_pem4f.oem4f (.text:ti_sysbios_family_arm_m3_Hwi_Handle__label__S)
                  00008d58    0000001a     empty_min_pem4f.oem4f (.text:ti_sysbios_gates_GateHwi_Handle__label__S)
                  00008d72    0000001a     empty_min_pem4f.oem4f (.text:ti_sysbios_gates_GateMutex_Handle__label__S)
                  00008d8c    0000001a     empty_min_pem4f.oem4f (.text:ti_sysbios_heaps_HeapMem_Handle__label__S)
                  00008da6    0000001a     empty_min_pem4f.oem4f (.text:ti_sysbios_knl_Swi_Handle__label__S)
                  00008dc0    0000001a     empty_min_pem4f.oem4f (.text:ti_sysbios_knl_Task_Handle__label__S)
                  00008dda    0000001a     empty_min_pem4f.oem4f (.text:xdc_runtime_System_aprintf__E)
                  00008df4    0000001a     empty_min_pem4f.oem4f (.text:xdc_runtime_System_printf__E)
                  00008e0e    00000018     driverlib.lib : gpio.obj (.text:GPIOPinTypeGPIOOutput)
                  00008e26    00000002     --HOLE-- [fill = 0]
                  00008e28    00000018     rtsv7M4_T_le_v4SPD16_eabi.lib : args_main.c.obj (.text:_args_main)
                  00008e40    00000018                                   : sprintf.c.obj (.text:_outs)
                  00008e58    00000018     empty_min_pem4f.oem4f (.text:ti_sysbios_BIOS_rtsUnlock__I)
                  00008e70    00000018     empty_min_pem4f.oem4f (.text:ti_sysbios_family_arm_lm4_Timer_Module__startupDone__F)
                  00008e88    00000018     empty_min_pem4f.oem4f (.text:ti_sysbios_family_arm_m3_Hwi_Module__startupDone__F)
                  00008ea0    00000018     sysbios.aem4f : m3_TaskSupport_asm.obj (.text:ti_sysbios_family_arm_m3_TaskSupport_swap__E)
                  00008eb8    00000018                   : BIOS.obj (.text:ti_sysbios_gates_GateMutex_leave__E)
                  00008ed0    00000018                   : BIOS.obj (.text:ti_sysbios_knl_Task_sleepTimeout__I)
                  00008ee8    00000018     ti.targets.arm.rtsarm.aem4f : Error.oem4f (.text:xdc_runtime_Error_check__E)
                  00008f00    00000018                                 : System.oem4f (.text:xdc_runtime_System_exit__E)
                  00008f18    00000018                                 : Text.oem4f (.text:xdc_runtime_Text_ropeText__E)
                  00008f30    00000016     grlib.lib : string.obj (.text:GrStringDraw)
                  00008f46    00000016     rtsv7M4_T_le_v4SPD16_eabi.lib : strchr.c.obj (.text:strchr)
                  00008f5c    00000016     empty_min_pem4f.oem4f (.text:ti_sysbios_BIOS_exitFunc__I)
                  00008f72    00000016     empty_min.obj (.text:ti_sysbios_knl_Clock_Params_init)
                  00008f88    00000016     empty_min.obj (.text:ti_sysbios_knl_Task_Params_init)
                  00008f9e    00000014     grlib.lib : canvas.obj (.text:CanvasMsgProc)
                  00008fb2    00000002     --HOLE-- [fill = 0]
                  00008fb4    00000014     Kentec320x240x16_ssd2119_spi.obj (.text:LED_OFF)
                  00008fc8    00000014     Kentec320x240x16_ssd2119_spi.obj (.text:LED_ON)
                  00008fdc    00000014     grlib.lib : widget.obj (.text:WidgetMutexGet)
                  00008ff0    00000014     rtsv7M4_T_le_v4SPD16_eabi.lib : strlen.c.obj (.text:strlen)
                  00009004    00000014     empty_min_pem4f.oem4f (.text:ti_sysbios_family_arm_m3_Hwi_Object__get__S)
                  00009018    00000014     sysbios.aem4f : BIOS.obj (.text:ti_sysbios_family_arm_m3_Hwi_switchFromBootStack__E)
                  0000902c    00000014     empty_min_pem4f.oem4f (.text:ti_sysbios_heaps_HeapMem_Object__get__S)
                  00009040    00000014     empty_min_pem4f.oem4f (.text:ti_sysbios_knl_Swi_Object__get__S)
                  00009054    00000012     driverlib.lib : gpio.obj (.text:GPIOPinTypeSSI)
                  00009066    00000012                   : ssi.obj (.text:SSIDataGetNonBlocking)
                  00009078    00000012     empty_min.obj (.text:Screen)
                  0000908a    00000006     driverlib.lib : sysctl.obj (.text:SysCtlDelay)
                  00009090    00000012     sysbios.aem4f : BIOS.obj (.text:ti_sysbios_hal_Hwi_Module_startup__E)
                  000090a2    00000012     rtsv7M4_T_le_v4SPD16_eabi.lib : wcslen.c.obj (.text:wcslen)
                  000090b4    00000012     empty_min_pem4f.oem4f (.text:xdc_runtime_Startup_exec__I)
                  000090c6    00000002     --HOLE-- [fill = 0]
                  000090c8    00000010     empty_min_pem4f.oem4f (.text:.bootCodeSection:ti_catalog_arm_cortexm4_tiva_ce_Boot_init__I)
                  000090d8    00000010     empty_min.obj (.text:main)
                  000090e8    00000010     sysbios.aem4f : BIOS.obj (.text:ti_sysbios_BIOS_getCpuFreq__E)
                  000090f8    00000010                   : BIOS.obj (.text:ti_sysbios_BIOS_setThreadType__E)
                  00009108    00000010                   : BIOS.obj (.text:ti_sysbios_BIOS_start__E)
                  00009118    00000010                   : m3_TaskSupport_asm.obj (.text:ti_sysbios_family_arm_m3_TaskSupport_glue)
                  00009128    00000010                   : BIOS.obj (.text:ti_sysbios_gates_GateMutex_Instance_finalize__E)
                  00009138    00000010                   : BIOS.obj (.text:ti_sysbios_knl_Semaphore_Instance_finalize__E)
                  00009148    00000010                   : BIOS.obj (.text:ti_sysbios_knl_Swi_disable__E)
                  00009158    00000010                   : BIOS.obj (.text:ti_sysbios_knl_Task_disable__E)
                  00009168    00000010     ti.targets.arm.rtsarm.aem4f : Gate.oem4f (.text:xdc_runtime_Gate_leaveSystem__E)
                  00009178    00000010                                 : Memory.oem4f (.text:xdc_runtime_Memory_free__E)
                  00009188    00000010                                 : SysMin.oem4f (.text:xdc_runtime_SysMin_ready__E)
                  00009198    00000010                                 : System.oem4f (.text:xdc_runtime_System_vsnprintf__E)
                  000091a8    00000010     empty_min_pem4f.oem4f (.text:xdc_runtime_Text_visitRope__I)
                  000091b8    0000000e     driverlib.lib : gpio.obj (.text:GPIOIntStatus)
                  000091c6    0000000e     grlib.lib : image.obj (.text:GrImageDraw)
                  000091d4    0000000e     rtsv7M4_T_le_v4SPD16_eabi.lib : copy_decompress_none.c.obj (.text:decompress:none:__TI_decompress_none)
                  000091e2    00000006     grlib.lib : widget.obj (.text:WidgetMutexPut)
                  000091e8    0000000e     sysbios.aem4f : BIOS.obj (.text:ti_sysbios_knl_Queue_empty__E)
                  000091f6    0000000e     empty_min_pem4f.oem4f (.text:ti_sysbios_knl_Task_Object__get__S)
                  00009204    0000000c     driverlib.lib : gpio.obj (.text:GPIOIntEnable)
                  00009210    0000000c     rtsv7M4_T_le_v4SPD16_eabi.lib : _lock.c.obj (.text:_register_lock)
                  0000921c    0000000c                                   : _lock.c.obj (.text:_register_unlock)
                  00009228    0000000c                                   : copy_zero_init.c.obj (.text:decompress:ZI:__TI_zero_init)
                  00009234    00000004     --HOLE-- [fill = 0]
                  00009238    0000000c     sysbios.aem4f : BIOS.obj (.text:ti_sysbios_family_arm_lm4_Timer_getMaxTicks__E)
                  00009244    0000000c     empty_min_pem4f.oem4f (.text:ti_sysbios_family_arm_m3_Hwi_Params__init__S)
                  00009250    0000000c     sysbios.aem4f : BIOS.obj (.text:ti_sysbios_family_arm_m3_Hwi_disableFxn__E)
                  0000925c    00000004     --HOLE-- [fill = 0]
                  00009260    0000000c                   : BIOS.obj (.text:ti_sysbios_family_arm_m3_TaskSupport_getStackAlignment__E)
                  0000926c    00000004     --HOLE-- [fill = 0]
                  00009270    0000000c                   : BIOS.obj (.text:ti_sysbios_gates_GateHwi_enter__E)
                  0000927c    0000000c     empty_min_pem4f.oem4f (.text:ti_sysbios_knl_Clock_Params__init__S)
                  00009288    0000000c     sysbios.aem4f : BIOS.obj (.text:ti_sysbios_knl_Clock_getTicks__E)
                  00009294    0000000c     empty_min.obj (.text:ti_sysbios_knl_Clock_handle)
                  000092a0    0000000c     empty_min_pem4f.oem4f (.text:ti_sysbios_knl_Queue_Object__get__S)
                  000092ac    0000000c     empty_min_pem4f.oem4f (.text:ti_sysbios_knl_Task_Params__init__S)
                  000092b8    0000000c     ti.targets.arm.rtsarm.aem4f : Error.oem4f (.text:xdc_runtime_Error_init__E)
                  000092c4    0000000c                                 : Gate.oem4f (.text:xdc_runtime_Gate_enterSystem__E)
                  000092d0    0000000c                                 : Memory.oem4f (.text:xdc_runtime_Memory_calloc__E)
                  000092dc    0000000c                                 : Memory.oem4f (.text:xdc_runtime_Memory_getMaxDefaultTypeAlign__E)
                  000092e8    0000000a     Kentec320x240x16_ssd2119_spi.obj (.text:Kentec320x240x16_SSD2119Flush)
                  000092f2    0000000a     driverlib.lib : ssi.obj (.text:SSIDataPut)
                  000092fc    0000000a                   : ssi.obj (.text:SSIEnable)
                  00009306    0000000a     rtsv7M4_T_le_v4SPD16_eabi.lib : sprintf.c.obj (.text:_outc)
                  00009310    0000000a     empty_min_pem4f.oem4f (.text:xdc_runtime_IHeap_alloc)
                  0000931a    0000000a     empty_min_pem4f.oem4f (.text:xdc_runtime_IHeap_free)
                  00009324    00000008     EK_TM4C1294XL.obj (.text:EK_TM4C1294XL_initGPIO)
                  0000932c    00000008     grlib.lib : charmap.obj (.text:GrMapISO8859_1_Unicode)
                  00009334    00000008     driverlib.lib : ssi.obj (.text:SSIBusy)
                  0000933c    00000008     rtsv7M4_T_le_v4SPD16_eabi.lib : errno.c.obj (.text:__aeabi_errno_addr)
                  00009344    00000008     sysbios.aem4f : BIOS.obj (.text:ti_sysbios_family_arm_lm4_Timer_masterDisable__I)
                  0000934c    00000004     --HOLE-- [fill = 0]
                  00009350    00000008                   : BIOS.obj (.text:ti_sysbios_family_arm_m3_Hwi_doSwiRestore__I)
                  00009358    00000008                   : BIOS.obj (.text:ti_sysbios_family_arm_m3_Hwi_startup__E)
                  00009360    00000006                   : BIOS.obj (.text:ti_sysbios_family_arm_m3_Hwi_doTaskRestore__I)
                  00009366    00000002     --HOLE-- [fill = 0]
                  00009368    00000006                   : BIOS.obj (.text:ti_sysbios_family_arm_m3_Hwi_restoreFxn__E)
                  0000936e    00000002     --HOLE-- [fill = 0]
                  00009370    00000006                   : BIOS.obj (.text:ti_sysbios_gates_GateHwi_leave__E)
                  00009376    00000002     --HOLE-- [fill = 0]
                  00009378    00000006                   : BIOS.obj (.text:ti_sysbios_heaps_HeapMem_isBlocking__E)
                  0000937e    00000002     --HOLE-- [fill = 0]
                  00009380    00000006                   : BIOS.obj (.text:ti_sysbios_knl_Queue_Instance_init__E)
                  00009386    00000002     --HOLE-- [fill = 0]
                  00009388    00000006                   : BIOS.obj (.text:ti_sysbios_knl_Swi_startup__E)
                  0000938e    00000006     ti.targets.arm.rtsarm.aem4f : System.oem4f (.text:xdc_runtime_System_Module_startup__E)
                  00009394    00000004     --HOLE-- [fill = 0]
                  00009398    00000004     sysbios.aem4f : BIOS.obj (.text:ti_sysbios_gates_GateHwi_query__E)
                  0000939c    00000004     --HOLE-- [fill = 0]
                  000093a0    00000004                   : BIOS.obj (.text:ti_sysbios_gates_GateMutex_query__E)
                  000093a4    00000004     --HOLE-- [fill = 0]
                  000093a8    00000004                   : BIOS.obj (.text:ti_sysbios_knl_Task_startup__E)
                  000093ac    00000004     --HOLE-- [fill = 0]
                  000093b0    00000002                   : BIOS.obj (.text:ti_sysbios_gates_GateHwi_Instance_init__E)
                  000093b2    00000006     --HOLE-- [fill = 0]
                  000093b8    00000002                   : BIOS.obj (.text:ti_sysbios_knl_Clock_logTick__E)

.const     0    000093bc    00003068     
                  000093bc    00001844     empty_min_pem4f.oem4f (.const:xdc_runtime_Text_charTab__A)
                  0000ac00    0000095e     grlib.lib : fontcm20.obj (.const:.string:g_pui8Cm20Data)
                  0000b55e    00000210     images.obj (.const:.string:g_pui8Blue50x50)
                  0000b76e    0000020e     images.obj (.const:.string:g_pui8Blue50x50Press)
                  0000b97c    00000120     Boot.aem4f : Boot_sysctl.oem4f (.const:g_pppui32XTALtoVCO)
                  0000ba9c    00000101     rtsv7M4_T_le_v4SPD16_eabi.lib : ctype.c.obj (.const:.string:_ctypes_)
                  0000bb9d    00000001     empty_min_pem4f.oem4f (.const:xdc_runtime_Error_policy__C)
                  0000bb9e    00000002     empty_min_pem4f.oem4f (.const:ti_catalog_arm_cortexm4_tiva_ce_Boot_Module__id__C)
                  0000bba0    000000c8     grlib.lib : fontcm20.obj (.const:g_sFontCm20)
                  0000bc68    000000bc     empty_min_pem4f.oem4f (.const:xdc_runtime_Text_nodeTab__A)
                  0000bd24    00000090     driverlib.lib : gpio.obj (.const:g_pui32GPIOBaseAddrs)
                  0000bdb4    0000006c     Boot.aem4f : Boot_sysctl.oem4f (.const:g_pui32Xtals)
                  0000be20    0000006a     empty_min.obj (.const:.string)
                  0000be8a    00000054     drivers_tivaware.aem4f : GPIOTiva.oem4f (.const:.string)
                  0000bede    00000002     empty_min_pem4f.oem4f (.const:ti_sysbios_family_arm_m3_Hwi_Module__id__C)
                  0000bee0    00000048     empty_min_pem4f.oem4f (.const:.string)
                  0000bf28    00000048     drivers_tivaware.aem4f : GPIOTiva.oem4f (.const:gpioBaseAddresses)
                  0000bf70    0000003c     empty_min_pem4f.oem4f (.const:ti_sysbios_knl_Task_Object__PARAMS__C)
                  0000bfac    00000030     Boot.aem4f : Boot_sysctl.oem4f (.const:g_sXTALtoMEMTIM)
                  0000bfdc    00000030     empty_min_pem4f.oem4f (.const:ti_sysbios_family_arm_m3_Hwi_Object__PARAMS__C)
                  0000c00c    00000028     Kentec320x240x16_ssd2119_spi.obj (.const:g_sKentec320x240x16_SSD2119)
                  0000c034    00000028     empty_min_pem4f.oem4f (.const:ti_sysbios_heaps_HeapMem_Module__FXNS__C)
                  0000c05c    00000024     empty_min_pem4f.oem4f (.const:ti_sysbios_gates_GateHwi_Module__FXNS__C)
                  0000c080    00000024     empty_min_pem4f.oem4f (.const:ti_sysbios_gates_GateMutex_Module__FXNS__C)
                  0000c0a4    00000024     empty_min_pem4f.oem4f (.const:ti_sysbios_heaps_HeapMem_Object__PARAMS__C)
                  0000c0c8    00000024     empty_min_pem4f.oem4f (.const:ti_sysbios_knl_Clock_Object__PARAMS__C)
                  0000c0ec    00000024     empty_min_pem4f.oem4f (.const:ti_sysbios_knl_Semaphore_Object__PARAMS__C)
                  0000c110    00000020     empty_min_pem4f.oem4f (.const:ti_sysbios_family_arm_m3_Hwi_Object__DESC__C)
                  0000c130    00000020     empty_min_pem4f.oem4f (.const:ti_sysbios_gates_GateHwi_Object__DESC__C)
                  0000c150    00000020     empty_min_pem4f.oem4f (.const:ti_sysbios_gates_GateMutex_Object__DESC__C)
                  0000c170    00000020     empty_min_pem4f.oem4f (.const:ti_sysbios_heaps_HeapMem_Object__DESC__C)
                  0000c190    00000020     empty_min_pem4f.oem4f (.const:ti_sysbios_knl_Clock_Object__DESC__C)
                  0000c1b0    00000020     empty_min_pem4f.oem4f (.const:ti_sysbios_knl_Queue_Object__DESC__C)
                  0000c1d0    00000020     empty_min_pem4f.oem4f (.const:ti_sysbios_knl_Semaphore_Object__DESC__C)
                  0000c1f0    00000020     empty_min_pem4f.oem4f (.const:ti_sysbios_knl_Task_Object__DESC__C)
                  0000c210    00000020     empty_min_pem4f.oem4f (.const:xdc_runtime_Startup_sfxnTab__A)
                  0000c230    00000018     empty_min_pem4f.oem4f (.const:ti_sysbios_gates_GateHwi_Object__PARAMS__C)
                  0000c248    00000018     empty_min_pem4f.oem4f (.const:ti_sysbios_gates_GateMutex_Object__PARAMS__C)
                  0000c260    00000018     empty_min_pem4f.oem4f (.const:ti_sysbios_knl_Queue_Object__PARAMS__C)
                  0000c278    00000014     EK_TM4C1294XL.obj (.const:GPIOTiva_config)
                  0000c28c    00000014     empty_min_pem4f.oem4f (.const:xdc_runtime_Startup_firstFxns__A)
                  0000c2a0    00000010     grlib.lib : context.obj (.const:g_psDefaultCodePointMapTable)
                  0000c2b0    00000010     empty_min_pem4f.oem4f (.const:xdc_runtime_Startup_sfxnRts__A)
                  0000c2c0    00000008     Boot.aem4f : Boot_sysctl.oem4f (.const)
                  0000c2c8    00000008     empty_min_pem4f.oem4f (.const:ti_sysbios_family_arm_m3_Hwi_excHookFuncs__A)
                  0000c2d0    00000008     empty_min_pem4f.oem4f (.const:ti_sysbios_knl_Idle_funcList__C)
                  0000c2d8    00000008     empty_min_pem4f.oem4f (.const:xdc_runtime_Startup_firstFxns__C)
                  0000c2e0    00000008     empty_min_pem4f.oem4f (.const:xdc_runtime_Startup_lastFxns__C)
                  0000c2e8    00000004     empty_min_pem4f.oem4f (.const:ti_catalog_arm_cortexm4_tiva_ce_Boot_A_mustNotUseEnhancedClockMode__C)
                  0000c2ec    00000004     empty_min_pem4f.oem4f (.const:ti_catalog_arm_cortexm4_tiva_ce_Boot_Module__diagsEnabled__C)
                  0000c2f0    00000004     empty_min_pem4f.oem4f (.const:ti_catalog_arm_cortexm4_tiva_ce_Boot_Module__diagsIncluded__C)
                  0000c2f4    00000004     empty_min_pem4f.oem4f (.const:ti_catalog_arm_cortexm4_tiva_ce_Boot_Module__diagsMask__C)
                  0000c2f8    00000004     empty_min_pem4f.oem4f (.const:ti_sysbios_family_arm_lm4_Timer_enableFunc__C)
                  0000c2fc    00000004     empty_min_pem4f.oem4f (.const:ti_sysbios_family_arm_lm4_Timer_numTimerDevices__C)
                  0000c300    00000004     empty_min_pem4f.oem4f (.const:ti_sysbios_family_arm_lm4_Timer_startupNeeded__C)
                  0000c304    00000004     empty_min_pem4f.oem4f (.const:ti_sysbios_family_arm_m3_Hwi_E_NMI__C)
                  0000c308    00000004     empty_min_pem4f.oem4f (.const:ti_sysbios_family_arm_m3_Hwi_E_alreadyDefined__C)
                  0000c30c    00000004     empty_min_pem4f.oem4f (.const:ti_sysbios_family_arm_m3_Hwi_E_busFault__C)
                  0000c310    00000004     empty_min_pem4f.oem4f (.const:ti_sysbios_family_arm_m3_Hwi_E_debugMon__C)
                  0000c314    00000004     empty_min_pem4f.oem4f (.const:ti_sysbios_family_arm_m3_Hwi_E_hardFault__C)
                  0000c318    00000004     empty_min_pem4f.oem4f (.const:ti_sysbios_family_arm_m3_Hwi_E_memFault__C)
                  0000c31c    00000004     empty_min_pem4f.oem4f (.const:ti_sysbios_family_arm_m3_Hwi_E_noIsr__C)
                  0000c320    00000004     empty_min_pem4f.oem4f (.const:ti_sysbios_family_arm_m3_Hwi_E_reserved__C)
                  0000c324    00000004     empty_min_pem4f.oem4f (.const:ti_sysbios_family_arm_m3_Hwi_E_svCall__C)
                  0000c328    00000004     empty_min_pem4f.oem4f (.const:ti_sysbios_family_arm_m3_Hwi_E_usageFault__C)
                  0000c32c    00000004     empty_min_pem4f.oem4f (.const:ti_sysbios_family_arm_m3_Hwi_NUM_INTERRUPTS__C)
                  0000c330    00000004     empty_min_pem4f.oem4f (.const:ti_sysbios_family_arm_m3_Hwi_Object__count__C)
                  0000c334    00000004     empty_min_pem4f.oem4f (.const:ti_sysbios_family_arm_m3_Hwi_ccr__C)
                  0000c338    00000004     empty_min_pem4f.oem4f (.const:ti_sysbios_family_arm_m3_Hwi_excHandlerFunc__C)
                  0000c33c    00000004     empty_min_pem4f.oem4f (.const:ti_sysbios_family_arm_m3_Hwi_excHookFuncs__C)
                  0000c340    00000004     empty_min_pem4f.oem4f (.const:ti_sysbios_family_arm_m3_Hwi_nullIsrFunc__C)
                  0000c344    00000004     empty_min_pem4f.oem4f (.const:ti_sysbios_family_arm_m3_Hwi_priGroup__C)
                  0000c348    00000004     empty_min_pem4f.oem4f (.const:ti_sysbios_family_arm_m3_TaskSupport_stackAlignment__C)
                  0000c34c    00000004     empty_min_pem4f.oem4f (.const:ti_sysbios_gates_GateMutex_Instance_State_sem__O)
                  0000c350    00000004     empty_min_pem4f.oem4f (.const:ti_sysbios_heaps_HeapMem_E_memory__C)
                  0000c354    00000004     empty_min_pem4f.oem4f (.const:ti_sysbios_heaps_HeapMem_Module__gateObj__C)
                  0000c358    00000004     empty_min_pem4f.oem4f (.const:ti_sysbios_heaps_HeapMem_Object__count__C)
                  0000c35c    00000004     empty_min_pem4f.oem4f (.const:ti_sysbios_heaps_HeapMem_reqAlign__C)
                  0000c360    00000004     empty_min_pem4f.oem4f (.const:ti_sysbios_knl_Clock_Module_State_clockQ__O)
                  0000c364    00000004     empty_min_pem4f.oem4f (.const:ti_sysbios_knl_Semaphore_Instance_State_pendQ__O)
                  0000c368    00000004     empty_min_pem4f.oem4f (.const:ti_sysbios_knl_Swi_Object__count__C)
                  0000c36c    00000004     empty_min_pem4f.oem4f (.const:ti_sysbios_knl_Task_Module_State_inactiveQ__O)
                  0000c370    00000004     empty_min_pem4f.oem4f (.const:ti_sysbios_knl_Task_Object__count__C)
                  0000c374    00000004     empty_min_pem4f.oem4f (.const:ti_sysbios_knl_Task_allBlockedFunc__C)
                  0000c378    00000004     empty_min_pem4f.oem4f (.const:ti_sysbios_knl_Task_defaultStackHeap__C)
                  0000c37c    00000004     empty_min_pem4f.oem4f (.const:ti_sysbios_knl_Task_defaultStackSize__C)
                  0000c380    00000004     empty_min_pem4f.oem4f (.const:ti_sysbios_knl_Task_numConstructedTasks__C)
                  0000c384    00000004     empty_min_pem4f.oem4f (.const:xdc_runtime_Assert_E_assertFailed__C)
                  0000c388    00000004     empty_min_pem4f.oem4f (.const:xdc_runtime_Core_A_initializedParams__C)
                  0000c38c    00000004     empty_min_pem4f.oem4f (.const:xdc_runtime_Core_Module__diagsEnabled__C)
                  0000c390    00000004     empty_min_pem4f.oem4f (.const:xdc_runtime_Core_Module__diagsIncluded__C)
                  0000c394    00000004     empty_min_pem4f.oem4f (.const:xdc_runtime_Core_Module__diagsMask__C)
                  0000c398    00000004     empty_min_pem4f.oem4f (.const:xdc_runtime_Error_E_memory__C)
                  0000c39c    00000004     empty_min_pem4f.oem4f (.const:xdc_runtime_Error_Module__diagsEnabled__C)
                  0000c3a0    00000004     empty_min_pem4f.oem4f (.const:xdc_runtime_Error_Module__diagsIncluded__C)
                  0000c3a4    00000004     empty_min_pem4f.oem4f (.const:xdc_runtime_Error_Module__diagsMask__C)
                  0000c3a8    00000004     empty_min_pem4f.oem4f (.const:xdc_runtime_Error_Module__loggerFxn8__C)
                  0000c3ac    00000004     empty_min_pem4f.oem4f (.const:xdc_runtime_Error_Module__loggerObj__C)
                  0000c3b0    00000004     empty_min_pem4f.oem4f (.const:xdc_runtime_Error_policyFxn__C)
                  0000c3b4    00000004     empty_min_pem4f.oem4f (.const:xdc_runtime_Error_raiseHook__C)
                  0000c3b8    00000004     empty_min_pem4f.oem4f (.const:xdc_runtime_IGateProvider_Interface__BASE__C)
                  0000c3bc    00000004     empty_min_pem4f.oem4f (.const:xdc_runtime_IHeap_Interface__BASE__C)
                  0000c3c0    00000004     empty_min_pem4f.oem4f (.const:xdc_runtime_IModule_Interface__BASE__C)
                  0000c3c4    00000004     empty_min_pem4f.oem4f (.const:xdc_runtime_Log_L_error__C)
                  0000c3c8    00000004     empty_min_pem4f.oem4f (.const:xdc_runtime_Memory_defaultHeapInstance__C)
                  0000c3cc    00000004     empty_min_pem4f.oem4f (.const:xdc_runtime_Startup_execImpl__C)
                  0000c3d0    00000004     empty_min_pem4f.oem4f (.const:xdc_runtime_Startup_maxPasses__C)
                  0000c3d4    00000004     empty_min_pem4f.oem4f (.const:xdc_runtime_Startup_sfxnRts__C)
                  0000c3d8    00000004     empty_min_pem4f.oem4f (.const:xdc_runtime_Startup_sfxnTab__C)
                  0000c3dc    00000004     empty_min_pem4f.oem4f (.const:xdc_runtime_SysMin_bufSize__C)
                  0000c3e0    00000004     empty_min_pem4f.oem4f (.const:xdc_runtime_SysMin_outputFunc__C)
                  0000c3e4    00000004     empty_min_pem4f.oem4f (.const:xdc_runtime_System_Module__gateObj__C)
                  0000c3e8    00000004     empty_min_pem4f.oem4f (.const:xdc_runtime_System_abortFxn__C)
                  0000c3ec    00000004     empty_min_pem4f.oem4f (.const:xdc_runtime_System_exitFxn__C)
                  0000c3f0    00000004     empty_min_pem4f.oem4f (.const:xdc_runtime_System_extendFxn__C)
                  0000c3f4    00000004     empty_min_pem4f.oem4f (.const:xdc_runtime_System_maxAtexitHandlers__C)
                  0000c3f8    00000004     empty_min_pem4f.oem4f (.const:xdc_runtime_Text_charTab__C)
                  0000c3fc    00000004     empty_min_pem4f.oem4f (.const:xdc_runtime_Text_nameEmpty__C)
                  0000c400    00000004     empty_min_pem4f.oem4f (.const:xdc_runtime_Text_nameStatic__C)
                  0000c404    00000004     empty_min_pem4f.oem4f (.const:xdc_runtime_Text_nameUnknown__C)
                  0000c408    00000004     empty_min_pem4f.oem4f (.const:xdc_runtime_Text_nodeTab__C)
                  0000c40c    00000004     empty_min_pem4f.oem4f (.const:xdc_runtime_Text_visitRopeFxn__C)
                  0000c410    00000002     empty_min_pem4f.oem4f (.const:ti_sysbios_heaps_HeapMem_Module__id__C)
                  0000c412    00000002     empty_min_pem4f.oem4f (.const:xdc_runtime_Core_Module__id__C)
                  0000c414    00000002     empty_min_pem4f.oem4f (.const:xdc_runtime_Error_Module__loggerDefined__C)
                  0000c416    00000002     empty_min_pem4f.oem4f (.const:xdc_runtime_Error_maxDepth__C)
                  0000c418    00000002     empty_min_pem4f.oem4f (.const:xdc_runtime_Memory_Module__id__C)
                  0000c41a    00000002     empty_min_pem4f.oem4f (.const:xdc_runtime_SysMin_flushAtExit__C)
                  0000c41c    00000002     empty_min_pem4f.oem4f (.const:xdc_runtime_Text_charCnt__C)
                  0000c41e    00000002     empty_min_pem4f.oem4f (.const:xdc_runtime_Text_isLoaded__C)
                  0000c420    00000002     empty_min_pem4f.oem4f (.const:xdc_runtime_Text_registryModsLastId__C)
                  0000c422    00000002     empty_min_pem4f.oem4f (.const:xdc_runtime_Text_unnamedModsLastId__C)

.cinit     0    0000c428    000003d8     
                  0000c428    0000039d     (.cinit..data.load) [load image, compression = lzss]
                  0000c7c5    00000003     --HOLE-- [fill = 0]
                  0000c7c8    0000000c     (__TI_handler_table)
                  0000c7d4    00000004     --HOLE-- [fill = 0]
                  0000c7d8    00000008     (.cinit..bss.load) [load image, compression = zero_init]
                  0000c7e0    00000008     (.cinit..vecs.load) [load image, compression = zero_init]
                  0000c7e8    00000018     (__TI_cinit_table)

.init_array 
*          0    00000000    00000000     UNINITIALIZED

.resetVecs 
*          0    00000000    0000003c     
                  00000000    0000003c     empty_min_pem4f.oem4f (.resetVecs)

.bss       0    20000360    00001010     UNINITIALIZED
                  20000360    00000400     (.common:ti_sysbios_heaps_HeapMem_Instance_State_0_buf__A)
                  20000760    00000360     (.common:ti_sysbios_family_arm_m3_Hwi_dispatchTable)
                  20000ac0    00000200     (.common:task0Stack)
                  20000cc0    00000200     (.common:task1Stack)
                  20000ec0    00000140     grlib.lib : widget.obj (.bss:g_psMQ)
                  20001000    00000120     rtsv7M4_T_le_v4SPD16_eabi.lib : trgmsg.c.obj (.bss:_CIOBUF_)
                  20001120    00000090     drivers_tivaware.aem4f : GPIOTiva.oem4f (.bss:gpioCallbackInfo)
                  200011b0    00000080     (.common:xdc_runtime_SysMin_Module_State_0_outbuf__A)
                  20001230    00000050     (.common:task0Struct)
                  20001280    00000050     (.common:task1Struct)
                  200012d0    0000002c     (.common:sContext)
                  200012fc    00000024     (.common:clk1Struct)
                  20001320    00000020     grlib.lib : image.obj (.bss:g_pui8Dictionary)
                  20001340    00000008     empty_min.obj (.bss:pcCanvasText$1)
                  20001348    00000008     empty_min.obj (.bss:pcSliderText$2)
                  20001350    00000008     (.common:parmbuf)
                  20001358    00000008     (.common:sRect)
                  20001360    00000004     grlib.lib : context.obj (.bss)
                  20001364    00000004     (.common:clk1Handle)
                  20001368    00000004     (.common:g_ui32Panel)
                  2000136c    00000004     (.common:gpioInterruptVectors)

.data      0    20001370    00000abc     UNINITIALIZED
                  20001370    000002e0     empty_min.obj (.data:g_psSlidersOptions)
                  20001650    000000c0     empty_min.obj (.data:g_psPanels)
                  20001710    00000080     empty_min_pem4f.oem4f (.data:ti_sysbios_knl_Swi_Module_State_0_readyQ__A)
                  20001790    00000080     empty_min_pem4f.oem4f (.data:ti_sysbios_knl_Task_Module_State_0_readyQ__A)
                  20001810    0000005c     empty_min.obj (.data:g_psSlidersControl)
                  2000186c    00000050     empty_min.obj (.data:g_sControl)
                  200018bc    00000050     empty_min.obj (.data:g_sMain)
                  2000190c    00000050     empty_min.obj (.data:g_sOption)
                  2000195c    00000044     empty_min_pem4f.oem4f (.data:ti_sysbios_knl_Task_Module__state__V)
                  200019a0    00000040     empty_min.obj (.data:g_sControlPanel)
                  200019e0    00000040     empty_min.obj (.data:g_sOptionSlider2)
                  20001a20    00000040     empty_min.obj (.data:g_sOptionSlider3)
                  20001a60    00000040     empty_min.obj (.data:g_sOptionSlider4)
                  20001aa0    00000040     empty_min.obj (.data:g_sOptionSlider5)
                  20001ae0    00000040     empty_min.obj (.data:g_sOptionSlider)
                  20001b20    00000040     empty_min.obj (.data:g_smainPanel)
                  20001b60    00000040     empty_min_pem4f.oem4f (.data:ti_sysbios_family_arm_lm4_Timer_Module_State_0_device__A)
                  20001ba0    00000040     empty_min_pem4f.oem4f (.data:ti_sysbios_family_arm_lm4_Timer_Object__table__V)
                  20001be0    00000038     empty_min_pem4f.oem4f (.data:ti_sysbios_gates_GateMutex_Object__table__V)
                  20001c18    00000034     empty_min_pem4f.oem4f (.data:ti_sysbios_family_arm_m3_Hwi_Module__state__V)
                  20001c4c    00000030     empty_min_pem4f.oem4f (.data:ti_sysbios_knl_Swi_Object__table__V)
                  20001c7c    0000002c     empty_min_pem4f.oem4f (.data:ti_sysbios_knl_Clock_Module__state__V)
                  20001ca8    00000024     empty_min_pem4f.oem4f (.data:ti_sysbios_BIOS_Module__state__V)
                  20001ccc    00000020     grlib.lib : widget.obj (.data:g_sRoot)
                  20001cec    00000020     empty_min_pem4f.oem4f (.data:ti_sysbios_family_arm_lm4_Timer_Module_State_0_handles__A)
                  20001d0c    0000001c     empty_min_pem4f.oem4f (.data:ti_sysbios_knl_Swi_Module__state__V)
                  20001d28    00000018     empty_min_pem4f.oem4f (.data:ti_sysbios_family_arm_m3_Hwi_Object__table__V)
                  20001d40    00000018     empty_min_pem4f.oem4f (.data:ti_sysbios_heaps_HeapMem_Object__table__V)
                  20001d58    00000010     EK_TM4C1294XL.obj (.data:gpioPinConfigs)
                  20001d68    0000000d     grlib.lib : widget.obj (.data)
                  20001d75    00000001     --HOLE--
                  20001d76    00000002     empty_min_pem4f.oem4f (.data:ti_sysbios_family_arm_m3_Hwi_Module_State_0_excActive__A)
                  20001d78    0000000c     empty_min_pem4f.oem4f (.data:ti_sysbios_family_arm_lm4_Timer_Module__state__V)
                  20001d84    0000000c     empty_min_pem4f.oem4f (.data:xdc_runtime_SysMin_Module__state__V)
                  20001d90    00000008     rtsv7M4_T_le_v4SPD16_eabi.lib : _lock.c.obj (.data:$O1$$)
                  20001d98    00000008     EK_TM4C1294XL.obj (.data:gpioCallbackFunctions)
                  20001da0    00000008     empty_min_pem4f.oem4f (.data:ti_sysbios_family_arm_m3_Hwi_Module__root__V)
                  20001da8    00000008     empty_min_pem4f.oem4f (.data:ti_sysbios_gates_GateHwi_Module__root__V)
                  20001db0    00000008     empty_min_pem4f.oem4f (.data:ti_sysbios_gates_GateMutex_Module__root__V)
                  20001db8    00000008     empty_min_pem4f.oem4f (.data:ti_sysbios_heaps_HeapMem_Module__root__V)
                  20001dc0    00000008     empty_min_pem4f.oem4f (.data:ti_sysbios_knl_Clock_Module__root__V)
                  20001dc8    00000008     empty_min_pem4f.oem4f (.data:ti_sysbios_knl_Queue_Module__root__V)
                  20001dd0    00000008     empty_min_pem4f.oem4f (.data:ti_sysbios_knl_Semaphore_Module__root__V)
                  20001dd8    00000008     empty_min_pem4f.oem4f (.data:ti_sysbios_knl_Task_Module__root__V)
                  20001de0    00000008     empty_min_pem4f.oem4f (.data:xdc_runtime_Registry_Module__state__V)
                  20001de8    00000008     empty_min_pem4f.oem4f (.data:xdc_runtime_Startup_Module__state__V)
                  20001df0    00000008     empty_min_pem4f.oem4f (.data:xdc_runtime_System_Module_State_0_atexitHandlers__A)
                  20001df8    00000008     empty_min_pem4f.oem4f (.data:xdc_runtime_System_Module__state__V)
                  20001e00    00000005     drivers_tivaware.aem4f : GPIOTiva.oem4f (.data)
                  20001e05    00000001     --HOLE--
                  20001e06    00000002     empty_min_pem4f.oem4f (.data:xdc_runtime_Error_Module__state__V)
                  20001e08    00000005     empty_min.obj (.data)
                  20001e0d    00000003     --HOLE--
                  20001e10    00000004     rtsv7M4_T_le_v4SPD16_eabi.lib : errno.c.obj (.data)
                  20001e14    00000004                                   : stkdepth_vars.c.obj (.data)
                  20001e18    00000004     empty_min_pem4f.oem4f (.data:ti_sysbios_family_arm_m3_Hwi_Module_State_0_excContext__A)
                  20001e1c    00000004     empty_min_pem4f.oem4f (.data:ti_sysbios_family_arm_m3_Hwi_Module_State_0_excStack__A)
                  20001e20    00000004     empty_min_pem4f.oem4f (.data:ti_sysbios_gates_GateHwi_Object__table__V)
                  20001e24    00000004     empty_min_pem4f.oem4f (.data:ti_sysbios_knl_Task_Module_State_0_idleTask__A)
                  20001e28    00000004     empty_min_pem4f.oem4f (.data:xdc_runtime_Memory_Module__state__V)

.stack     0    20001e30    00000300     UNINITIALIZED
                  20001e30    00000300     --HOLE--

.bootVecs 
*          0    00000000    00000008     DSECT
                  00000000    00000008     boot.aem4f : boot.oem4f (.bootVecs)

.vecs      0    20000000    00000360     UNINITIALIZED
                  20000000    00000360     empty_min_pem4f.oem4f (.vecs)

xdc.meta   0    00000000    00000105     COPY SECTION
                  00000000    00000105     empty_min_pem4f.oem4f (xdc.meta)

__llvm_prf_cnts 
*          0    20000000    00000000     UNINITIALIZED

MODULE SUMMARY

       Module                             code    ro data   rw data
       ------                             ----    -------   -------
    .\
       empty_min.obj                      2666    106       3009   
       EK_TM4C1294XL.obj                  192     20        24     
    +--+----------------------------------+-------+---------+---------+
       Total:                             2858    126       3033   
                                                                   
    .\drivers\
       Kentec320x240x16_ssd2119_spi.obj   1968    40        0      
    +--+----------------------------------+-------+---------+---------+
       Total:                             1968    40        0      
                                                                   
    .\utils\
       images.obj                         0       1054      0      
    +--+----------------------------------+-------+---------+---------+
       Total:                             0       1054      0      
                                                                   
    C:\Users\robin\OneDrive\Documents\Cours\sem1_2023\EGH456\UI456\UI_EGH456\Debug\configPkg\package\cfg\
       empty_min_pem4f.oem4f              1720    7609      3820   
    +--+----------------------------------+-------+---------+---------+
       Total:                             1720    7609      3820   
                                                                   
    C:/ti/tirtos_tivac_2_16_01_14/products/tidrivers_tivac_2_16_01_13/packages/ti/drivers/lib/drivers_tivaware.aem4f
       GPIOTiva.oem4f                     892     156       153    
    +--+----------------------------------+-------+---------+---------+
       Total:                             892     156       153    
                                                                   
    C:/ti/tivaware_c_series_2_1_4_178/driverlib/ccs/Debug/driverlib.lib
       gpio.obj                           592     144       0      
       ssi.obj                            106     0         0      
       sysctl.obj                         58      0         0      
    +--+----------------------------------+-------+---------+---------+
       Total:                             756     144       0      
                                                                   
    C:/ti/tivaware_c_series_2_1_4_178/grlib/ccs/Debug/grlib.lib
       fontcm20.obj                       0       2598      0      
       image.obj                          1630    0         32     
       string.obj                         1378    0         0      
       slider.obj                         1238    0         0      
       widget.obj                         782     0         365    
       pushbutton.obj                     668     0         0      
       canvas.obj                         420     0         0      
       rectangle.obj                      402     0         0      
       context.obj                        206     16        4      
       line.obj                           140     0         0      
       charmap.obj                        8       0         0      
    +--+----------------------------------+-------+---------+---------+
       Total:                             6872    2614      401    
                                                                   
    C:\Users\robin\OneDrive\Documents\Cours\sem1_2023\EGH456\UI456\UI_EGH456\src\sysbios\sysbios.aem4f
       BIOS.obj                           8920    0         0      
       m3_Hwi_asm.obj                     314     0         0      
       m3_TaskSupport_asm.obj             180     0         0      
       m3_Hwi_asm_switch.obj              118     0         0      
    +--+----------------------------------+-------+---------+---------+
       Total:                             9532    0         0      
                                                                   
    C:\ti\ccs1220\ccs\tools\compiler\ti-cgt-arm_20.2.7.LTS\lib\rtsv7M4_T_le_v4SPD16_eabi.lib
       _printfi.c.obj                     4851    0         0      
       fd_add_t2.asm.obj                  438     0         0      
       trgmsg.c.obj                       108     0         288    
       fd_div_t2.asm.obj                  310     0         0      
       s_scalbn.c.obj                     272     0         0      
       fd_cmp_t2.asm.obj                  268     0         0      
       ctype.c.obj                        0       257       0      
       fd_mul_t2.asm.obj                  252     0         0      
       memcpy_t2.asm.obj                  156     0         0      
       ull_div_t2.asm.obj                 150     0         0      
       memset_t2.asm.obj                  122     0         0      
       copy_decompress_lzss.c.obj         104     0         0      
       s_frexp.c.obj                      100     0         0      
       sprintf.c.obj                      98      0         0      
       hostwrite.c.obj                    88      0         0      
       _ltoa.c.obj                        84      0         0      
       atoi.c.obj                         76      0         0      
       cpy_tbl.c.obj                      76      0         0      
       fd_toi_t2.asm.obj                  72      0         0      
       u_divt2.asm.obj                    64      0         0      
       i_tofd_t2.asm.obj                  46      0         0      
       _lock.c.obj                        26      0         8      
       memccpy.c.obj                      28      0         0      
       s_copysign.c.obj                   26      0         0      
       args_main.c.obj                    24      0         0      
       strchr.c.obj                       22      0         0      
       strlen.c.obj                       20      0         0      
       wcslen.c.obj                       18      0         0      
       copy_decompress_none.c.obj         14      0         0      
       copy_zero_init.c.obj               12      0         0      
       errno.c.obj                        8       0         4      
       hostopen.c.obj                     0       0         8      
       exit.c.obj                         4       0         0      
       stkdepth_vars.c.obj                0       0         4      
       div0.asm.obj                       2       0         0      
    +--+----------------------------------+-------+---------+---------+
       Total:                             7939    257       312    
                                                                   
    C:\ti\tirtos_tivac_2_16_01_14\products\bios_6_45_02_31\packages\ti\catalog\arm\cortexm4\tiva\ce\lib\Boot.aem4f
       Boot_sysctl.oem4f                  628     452       0      
       Boot.oem4f                         152     0         0      
    +--+----------------------------------+-------+---------+---------+
       Total:                             780     452       0      
                                                                   
    C:\ti\tirtos_tivac_2_16_01_14\products\bios_6_45_02_31\packages\ti\targets\arm\rtsarm\lib\auto_init.aem4f
       auto_init.oem4f                    160     0         0      
    +--+----------------------------------+-------+---------+---------+
       Total:                             160     0         0      
                                                                   
    C:\ti\tirtos_tivac_2_16_01_14\products\bios_6_45_02_31\packages\ti\targets\arm\rtsarm\lib\boot.aem4f
       boot.oem4f                         88      0         0      
    +--+----------------------------------+-------+---------+---------+
       Total:                             88      0         0      
                                                                   
    C:\ti\tirtos_tivac_2_16_01_14\products\bios_6_45_02_31\packages\ti\targets\arm\rtsarm\lib\ti.targets.arm.rtsarm.aem4f
       System.oem4f                       1255    0         0      
       Text.oem4f                         672     0         0      
       Error.oem4f                        524     0         0      
       Core-mem.oem4f                     358     0         0      
       Startup.oem4f                      328     0         0      
       SysMin.oem4f                       248     0         0      
       Core-smem.oem4f                    204     0         0      
       Memory.oem4f                       176     0         0      
       Assert.oem4f                       84      0         0      
       Core-params.oem4f                  70      0         0      
       Core-label.oem4f                   52      0         0      
       Registry.oem4f                     32      0         0      
       Gate.oem4f                         28      0         0      
    +--+----------------------------------+-------+---------+---------+
       Total:                             4031    0         0      
                                                                   
       Stack:                             0       0         768    
       Linker Generated:                  0       977       0      
    +--+----------------------------------+-------+---------+---------+
       Grand Total:                       37596   13429     8487   


LINKER GENERATED COPY TABLES

__TI_cinit_table @ 0000c7e8 records: 3, size/record: 8, table size: 24
	.data: load addr=0000c428, load size=0000039d bytes, run addr=20001370, run size=00000abc bytes, compression=lzss
	.bss: load addr=0000c7d8, load size=00000008 bytes, run addr=20000360, run size=00001010 bytes, compression=zero_init
	.vecs: load addr=0000c7e0, load size=00000008 bytes, run addr=20000000, run size=00000360 bytes, compression=zero_init


LINKER GENERATED HANDLER TABLE

__TI_handler_table @ 0000c7c8 records: 3, size/record: 4, table size: 12
	index: 0, handler: __TI_decompress_lzss
	index: 1, handler: __TI_decompress_none
	index: 2, handler: __TI_zero_init


GLOBAL SYMBOLS: SORTED ALPHABETICALLY BY Name 

address   name                                                                 
-------   ----                                                                 
00003325  C$$EXIT                                                              
00008043  C$$IO$$                                                              
[...]
00009289  ti_sysbios_knl_Clock_getTicks__E                                     
000092a1  ti_sysbios_knl_Queue_Object__get__S                                  
000092ad  ti_sysbios_knl_Task_Params__init__S                                  
000092b9  xdc_runtime_Error_init__E                                            
000092c5  xdc_runtime_Gate_enterSystem__E                                      
000092d1  xdc_runtime_Memory_calloc__E                                         
000092dd  xdc_runtime_Memory_getMaxDefaultTypeAlign__E                         
000092f3  SSIDataPut                                                           
000092fd  SSIEnable                                                            
00009311  xdc_runtime_Memory_HeapProxy_alloc__E                                
0000931b  xdc_runtime_Memory_HeapProxy_free__E                                 
00009325  EK_TM4C1294XL_initGPIO                                               
0000932d  GrMapISO8859_1_Unicode                                               
00009335  SSIBusy                                                              
0000933d  __aeabi_errno_addr                                                   
00009345  ti_sysbios_family_arm_lm4_Timer_masterDisable__I                     
00009351  ti_sysbios_family_arm_m3_Hwi_doSwiRestore__I                         
00009359  ti_sysbios_family_arm_m3_Hwi_startup__E                              
00009359  ti_sysbios_hal_Hwi_HwiProxy_startup__E                               
00009359  ti_sysbios_hal_Hwi_startup__E                                        
00009361  ti_sysbios_family_arm_m3_Hwi_doTaskRestore__I                        
00009369  ti_sysbios_family_arm_m3_Hwi_restoreFxn__E                           
00009369  ti_sysbios_hal_Hwi_HwiProxy_restore__E                               
00009371  ti_sysbios_gates_GateHwi_leave__E                                    
00009379  ti_sysbios_heaps_HeapMem_isBlocking__E                               
00009381  ti_sysbios_knl_Queue_Instance_init__E                                
00009389  ti_sysbios_knl_Swi_startup__E                                        
0000938f  xdc_runtime_System_Module_startup__E                                 
00009399  ti_sysbios_gates_GateHwi_query__E                                    
00009399  xdc_runtime_Main_Module_GateProxy_query__E                           
00009399  xdc_runtime_System_Module_GateProxy_query__E                         
000093a1  ti_sysbios_BIOS_RtsGateProxy_query__E                                
000093a1  ti_sysbios_gates_GateMutex_query__E                                  
000093a1  ti_sysbios_heaps_HeapMem_Module_GateProxy_query__E                   
000093a9  ti_sysbios_knl_Task_startup__E                                       
000093b1  ti_sysbios_gates_GateHwi_Instance_init__E                            
000093b9  ti_sysbios_knl_Clock_logTick__E                                      
000093bc  xdc_runtime_Text_charTab__A                                          
0000b55e  g_pui8Blue50x50                                                      
0000b76e  g_pui8Blue50x50Press                                                 
0000ba9c  _ctypes_                                                             
0000bb9d  xdc_runtime_Error_policy__C                                          
0000bb9e  ti_catalog_arm_cortexm4_tiva_ce_Boot_Module__id__C                   
0000bba0  g_sFontCm20                                                          
0000bc68  xdc_runtime_Text_nodeTab__A                                          
0000bede  ti_sysbios_family_arm_m3_Hwi_Module__id__C                           
0000bf70  ti_sysbios_knl_Task_Object__PARAMS__C                                
0000bfdc  ti_sysbios_family_arm_m3_Hwi_Object__PARAMS__C                       
0000c00c  g_sKentec320x240x16_SSD2119                                          
0000c034  ti_sysbios_heaps_HeapMem_Module__FXNS__C                             
0000c05c  ti_sysbios_gates_GateHwi_Module__FXNS__C                             
0000c080  ti_sysbios_gates_GateMutex_Module__FXNS__C                           
0000c0a4  ti_sysbios_heaps_HeapMem_Object__PARAMS__C                           
0000c0c8  ti_sysbios_knl_Clock_Object__PARAMS__C                               
0000c0ec  ti_sysbios_knl_Semaphore_Object__PARAMS__C                           
0000c110  ti_sysbios_family_arm_m3_Hwi_Object__DESC__C                         
0000c130  ti_sysbios_gates_GateHwi_Object__DESC__C                             
0000c150  ti_sysbios_gates_GateMutex_Object__DESC__C                           
0000c170  ti_sysbios_heaps_HeapMem_Object__DESC__C                             
0000c190  ti_sysbios_knl_Clock_Object__DESC__C                                 
0000c1b0  ti_sysbios_knl_Queue_Object__DESC__C                                 
0000c1d0  ti_sysbios_knl_Semaphore_Object__DESC__C                             
0000c1f0  ti_sysbios_knl_Task_Object__DESC__C                                  
0000c210  xdc_runtime_Startup_sfxnTab__A                                       
0000c230  ti_sysbios_gates_GateHwi_Object__PARAMS__C                           
0000c248  ti_sysbios_gates_GateMutex_Object__PARAMS__C                         
0000c260  ti_sysbios_knl_Queue_Object__PARAMS__C                               
0000c278  GPIOTiva_config                                                      
0000c28c  xdc_runtime_Startup_firstFxns__A                                     
0000c2a0  g_psDefaultCodePointMapTable                                         
0000c2b0  xdc_runtime_Startup_sfxnRts__A                                       
0000c2c8  ti_sysbios_family_arm_m3_Hwi_excHookFuncs__A                         
0000c2d0  ti_sysbios_knl_Idle_funcList__C                                      
0000c2d8  xdc_runtime_Startup_firstFxns__C                                     
0000c2e0  xdc_runtime_Startup_lastFxns__C                                      
0000c2e8  ti_catalog_arm_cortexm4_tiva_ce_Boot_A_mustNotUseEnhancedClockMode__C
0000c2ec  ti_catalog_arm_cortexm4_tiva_ce_Boot_Module__diagsEnabled__C         
0000c2f0  ti_catalog_arm_cortexm4_tiva_ce_Boot_Module__diagsIncluded__C        
0000c2f4  ti_catalog_arm_cortexm4_tiva_ce_Boot_Module__diagsMask__C            
0000c2f8  ti_sysbios_family_arm_lm4_Timer_enableFunc__C                        
0000c2fc  ti_sysbios_family_arm_lm4_Timer_numTimerDevices__C                   
0000c300  ti_sysbios_family_arm_lm4_Timer_startupNeeded__C                     
0000c304  ti_sysbios_family_arm_m3_Hwi_E_NMI__C                                
0000c308  ti_sysbios_family_arm_m3_Hwi_E_alreadyDefined__C                     
0000c30c  ti_sysbios_family_arm_m3_Hwi_E_busFault__C                           
0000c310  ti_sysbios_family_arm_m3_Hwi_E_debugMon__C                           
0000c314  ti_sysbios_family_arm_m3_Hwi_E_hardFault__C                          
0000c318  ti_sysbios_family_arm_m3_Hwi_E_memFault__C                           
0000c31c  ti_sysbios_family_arm_m3_Hwi_E_noIsr__C                              
0000c320  ti_sysbios_family_arm_m3_Hwi_E_reserved__C                           
0000c324  ti_sysbios_family_arm_m3_Hwi_E_svCall__C                             
0000c328  ti_sysbios_family_arm_m3_Hwi_E_usageFault__C                         
0000c32c  ti_sysbios_family_arm_m3_Hwi_NUM_INTERRUPTS__C                       
0000c330  ti_sysbios_family_arm_m3_Hwi_Object__count__C                        
0000c334  ti_sysbios_family_arm_m3_Hwi_ccr__C                                  
0000c338  ti_sysbios_family_arm_m3_Hwi_excHandlerFunc__C                       
0000c33c  ti_sysbios_family_arm_m3_Hwi_excHookFuncs__C                         
0000c340  ti_sysbios_family_arm_m3_Hwi_nullIsrFunc__C                          
0000c344  ti_sysbios_family_arm_m3_Hwi_priGroup__C                             
0000c348  ti_sysbios_family_arm_m3_TaskSupport_stackAlignment__C               
0000c34c  ti_sysbios_gates_GateMutex_Instance_State_sem__O                     
0000c350  ti_sysbios_heaps_HeapMem_E_memory__C                                 
0000c354  ti_sysbios_heaps_HeapMem_Module__gateObj__C                          
0000c358  ti_sysbios_heaps_HeapMem_Object__count__C                            
0000c35c  ti_sysbios_heaps_HeapMem_reqAlign__C                                 
0000c360  ti_sysbios_knl_Clock_Module_State_clockQ__O                          
0000c364  ti_sysbios_knl_Semaphore_Instance_State_pendQ__O                     
0000c368  ti_sysbios_knl_Swi_Object__count__C                                  
0000c36c  ti_sysbios_knl_Task_Module_State_inactiveQ__O                        
0000c370  ti_sysbios_knl_Task_Object__count__C                                 
0000c374  ti_sysbios_knl_Task_allBlockedFunc__C                                
0000c378  ti_sysbios_knl_Task_defaultStackHeap__C                              
0000c37c  ti_sysbios_knl_Task_defaultStackSize__C                              
0000c380  ti_sysbios_knl_Task_numConstructedTasks__C                           
0000c384  xdc_runtime_Assert_E_assertFailed__C                                 
0000c388  xdc_runtime_Core_A_initializedParams__C                              
0000c38c  xdc_runtime_Core_Module__diagsEnabled__C                             
0000c390  xdc_runtime_Core_Module__diagsIncluded__C                            
0000c394  xdc_runtime_Core_Module__diagsMask__C                                
0000c398  xdc_runtime_Error_E_memory__C                                        
0000c39c  xdc_runtime_Error_Module__diagsEnabled__C                            
0000c3a0  xdc_runtime_Error_Module__diagsIncluded__C                           
0000c3a4  xdc_runtime_Error_Module__diagsMask__C                               
0000c3a8  xdc_runtime_Error_Module__loggerFxn8__C                              
0000c3ac  xdc_runtime_Error_Module__loggerObj__C                               
0000c3b0  xdc_runtime_Error_policyFxn__C                                       
0000c3b4  xdc_runtime_Error_raiseHook__C                                       
0000c3b8  xdc_runtime_IGateProvider_Interface__BASE__C                         
0000c3bc  xdc_runtime_IHeap_Interface__BASE__C                                 
0000c3c0  xdc_runtime_IModule_Interface__BASE__C                               
0000c3c4  xdc_runtime_Log_L_error__C                                           
0000c3c8  xdc_runtime_Memory_defaultHeapInstance__C                            
0000c3cc  xdc_runtime_Startup_execImpl__C                                      
0000c3d0  xdc_runtime_Startup_maxPasses__C                                     
0000c3d4  xdc_runtime_Startup_sfxnRts__C                                       
0000c3d8  xdc_runtime_Startup_sfxnTab__C                                       
0000c3dc  xdc_runtime_SysMin_bufSize__C                                        
0000c3e0  xdc_runtime_SysMin_outputFunc__C                                     
0000c3e4  xdc_runtime_System_Module__gateObj__C                                
0000c3e8  xdc_runtime_System_abortFxn__C                                       
0000c3ec  xdc_runtime_System_exitFxn__C                                        
0000c3f0  xdc_runtime_System_extendFxn__C                                      
0000c3f4  xdc_runtime_System_maxAtexitHandlers__C                              
0000c3f8  xdc_runtime_Text_charTab__C                                          
0000c3fc  xdc_runtime_Text_nameEmpty__C                                        
0000c400  xdc_runtime_Text_nameStatic__C                                       
0000c404  xdc_runtime_Text_nameUnknown__C                                      
0000c408  xdc_runtime_Text_nodeTab__C                                          
0000c40c  xdc_runtime_Text_visitRopeFxn__C                                     
0000c410  ti_sysbios_heaps_HeapMem_Module__id__C                               
0000c412  xdc_runtime_Core_Module__id__C                                       
0000c414  xdc_runtime_Error_Module__loggerDefined__C                           
0000c416  xdc_runtime_Error_maxDepth__C                                        
0000c418  xdc_runtime_Memory_Module__id__C                                     
0000c41a  xdc_runtime_SysMin_flushAtExit__C                                    
0000c41c  xdc_runtime_Text_charCnt__C                                          
0000c41e  xdc_runtime_Text_isLoaded__C                                         
0000c420  xdc_runtime_Text_registryModsLastId__C                               
0000c422  xdc_runtime_Text_unnamedModsLastId__C                                
0000c428  __TI_static_base__                                                   
0000c7c8  __TI_Handler_Table_Base                                              
0000c7d4  __TI_Handler_Table_Limit                                             
0000c7e8  __TI_CINIT_Base                                                      
0000c800  __TI_CINIT_Limit                                                     
20000000  __start___llvm_prf_cnts                                              
20000000  __stop___llvm_prf_cnts                                               
20000000  ti_sysbios_family_arm_m3_Hwi_ramVectors                              
20000360  ti_sysbios_heaps_HeapMem_Instance_State_0_buf__A                     
20000760  ti_sysbios_family_arm_m3_Hwi_dispatchTable                           
20000ac0  task0Stack                                                           
20000cc0  task1Stack                                                           
20001000  __CIOBUF_                                                            
200011b0  xdc_runtime_SysMin_Module_State_0_outbuf__A                          
20001230  task0Struct                                                          
20001280  task1Struct                                                          
200012d0  sContext                                                             
200012fc  clk1Struct                                                           
20001350  parmbuf                                                              
20001358  sRect                                                                
20001364  clk1Handle                                                           
20001368  g_ui32Panel                                                          
20001370  g_psSlidersOptions                                                   
20001650  g_psPanels                                                           
20001710  ti_sysbios_knl_Swi_Module_State_0_readyQ__A                          
20001790  ti_sysbios_knl_Task_Module_State_0_readyQ__A                         
20001810  g_psSlidersControl                                                   
2000186c  g_sControl                                                           
200018bc  g_sMain                                                              
2000190c  g_sOption                                                            
2000195c  ti_sysbios_knl_Task_Module__state__V                                 
200019a0  g_sControlPanel                                                      
200019e0  g_sOptionSlider2                                                     
20001a20  g_sOptionSlider3                                                     
20001a60  g_sOptionSlider4                                                     
20001aa0  g_sOptionSlider5                                                     
20001ae0  g_sOptionSlider                                                      
20001b20  g_smainPanel                                                         
20001b60  ti_sysbios_family_arm_lm4_Timer_Module_State_0_device__A             
20001ba0  ti_sysbios_family_arm_lm4_Timer_Object__table__V                     
20001be0  ti_sysbios_gates_GateMutex_Object__table__V                          
20001c18  ti_sysbios_family_arm_m3_Hwi_Module__state__V                        
20001c4c  ti_sysbios_knl_Swi_Object__table__V                                  
20001c7c  ti_sysbios_knl_Clock_Module__state__V                                
20001ca8  ti_sysbios_BIOS_Module__state__V                                     
20001ccc  g_sRoot                                                              
20001cec  ti_sysbios_family_arm_lm4_Timer_Module_State_0_handles__A            
20001d0c  ti_sysbios_knl_Swi_Module__state__V                                  
20001d28  ti_sysbios_family_arm_m3_Hwi_Object__table__V                        
20001d40  ti_sysbios_heaps_HeapMem_Object__table__V                            
20001d58  gpioPinConfigs                                                       
20001d76  ti_sysbios_family_arm_m3_Hwi_Module_State_0_excActive__A             
20001d78  ti_sysbios_family_arm_lm4_Timer_Module__state__V                     
20001d84  xdc_runtime_SysMin_Module__state__V                                  
20001d90  _lock                                                                
20001d94  _unlock                                                              
20001d98  gpioCallbackFunctions                                                
20001da0  ti_sysbios_family_arm_m3_Hwi_Module__root__V                         
20001da8  ti_sysbios_gates_GateHwi_Module__root__V                             
20001db0  ti_sysbios_gates_GateMutex_Module__root__V                           
20001db8  ti_sysbios_heaps_HeapMem_Module__root__V                             
20001dc0  ti_sysbios_knl_Clock_Module__root__V                                 
20001dc8  ti_sysbios_knl_Queue_Module__root__V                                 
20001dd0  ti_sysbios_knl_Semaphore_Module__root__V                             
20001dd8  ti_sysbios_knl_Task_Module__root__V                                  
20001de0  xdc_runtime_Registry_Module__state__V                                
20001de8  xdc_runtime_Startup_Module__state__V                                 
20001df0  xdc_runtime_System_Module_State_0_atexitHandlers__A                  
20001df8  xdc_runtime_System_Module__state__V                                  
20001e06  xdc_runtime_Error_Module__state__V                                   
20001e08  StartingBlock                                                        
20001e0c  buttonPressed                                                        
20001e10  errno                                                                
20001e14  main_func_sp                                                         
20001e18  ti_sysbios_family_arm_m3_Hwi_Module_State_0_excContext__A            
20001e1c  ti_sysbios_family_arm_m3_Hwi_Module_State_0_excStack__A              
20001e20  ti_sysbios_gates_GateHwi_Object__table__V                            
20001e24  ti_sysbios_knl_Task_Module_State_0_idleTask__A                       
20001e28  xdc_runtime_Memory_Module__state__V                                  
20001e30  __stack                                                              
20002130  __STACK_END                                                          
e000e000  ti_sysbios_family_arm_m3_Hwi_nvic                                    
ffffffff  __TI_pprof_out_hndl                                                  
ffffffff  __TI_prof_data_size                                                  
ffffffff  __TI_prof_data_start                                                 
ffffffff  __binit__                                                            
ffffffff  __c_args__                                                           
ffffffff  binit                                                                
UNDEFED   SHT$$INIT_ARRAY$$Base                                                
UNDEFED   SHT$$INIT_ARRAY$$Limit                                               

[623 symbols]
